07-02 02:33:56.600  1999  8456 I artd    : GetBestInfo: /data/user_de/0/com.google.android.gms/app_chimera/m/00000018/dl-MlkitBarcodeUi.optional_261934100400.apk has no usable artifacts
07-02 02:33:56.618  1999  2059 I artd    : GetBestInfo: vdex next to the dex file (/data/user/0/com.google.android.gms/app_dg_cache/7C26F94942E0B3DC400FC8F3A2AF71B87FD5F04D/oat/arm64/the.vdex) is kOatUpToDate with filter 'verify' executable 'false'
07-02 02:33:56.620  1999  2059 I artd    : GetBestInfo: /data/user_de/0/com.google.android.gms/app_chimera/m/00000007/MeasurementDynamite.apk has no usable artifacts
07-02 02:33:56.653   682  2072 W libbinder.Binder: Binder transaction to android.content.pm.IPackageManager, function: UNKNOWN_FUNCTION_NAME, code: 1598311760, took 1717ms. Data bytes: 80 Reply bytes: 4 Flags: 16
07-02 02:33:56.904   493   493 I adbd    : adbd service requested 'shell:am force-stop com.example.myapplication'
07-02 02:33:56.949   433   433 D Zygote  : Forked child process 15938
07-02 02:33:56.952   682   744 W ActivityManager: Slow operation: 454ms so far, now at startProcess: returned from zygote!
07-02 02:33:56.960   682   744 W ActivityManager: Slow operation: 462ms so far, now at startProcess: done updating battery stats
07-02 02:33:56.962   682   744 W ActivityManager: Slow operation: 463ms so far, now at startProcess: building log message
07-02 02:33:56.962   682   744 I ActivityManager: Start proc 15938:com.google.android.googlequicksearchbox:search/u0a158 for broadcast {com.google.android.googlequicksearchbox/com.google.android.libraries.assistant.contexttrigger.impl.ContextTriggerBroadcastReceiver_Receiver}
07-02 02:33:56.962   682   744 W ActivityManager: Slow operation: 464ms so far, now at startProcess: starting to update pids map
07-02 02:33:56.970   682   744 W ActivityManager: Slow operation: 472ms so far, now at startProcess: done updating pids map
07-02 02:33:57.047 15938 15938 I libprocessgroup: Created cgroup /sys/fs/cgroup/apps/uid_10158/pid_15938
07-02 02:33:57.091 15938 15938 I Zygote  : Process 15938 created for com.google.android.googlequicksearchbox:search
07-02 02:33:57.101 15938 15938 I earchbox:search: Using generational CollectorTypeCMC GC.
07-02 02:33:57.125   682  2072 I ActivityManager: Force stopping com.example.myapplication appid=10235 user=0: from pid 15942
07-02 02:33:57.139   682  2072 I AppsFilter: interaction: PackageSetting{5584164 com.nyx.fitcatalog/10228} -> PackageSetting{5cbf6c com.example.myapplication/10235} BLOCKED
07-02 02:33:57.175  4878  4878 D CarrierSvcBindHelper: onHandleForceStop: [com.example.myapplication]
07-02 02:33:57.181  4878  4878 D CarrierSvcBindHelper: No carrier app for: 0
07-02 02:33:57.245   493   493 I adbd    : adbd service requested 'shell:am start -n com.example.myapplication/com.example.myapplication.MainActivity -a android.intent.action.MAIN -c android.intent.category.LAUNCHER --splashscreen-show-icon'
07-02 02:33:57.346 15938 15938 D nativeloader: Load libframework-connectivity-tiramisu-jni.so using APEX ns com_android_tethering for caller /apex/com.android.tethering/javalib/framework-connectivity-t.jar: ok
07-02 02:33:57.484   682  1666 W ActivityTaskManager: callingPackage for (uid=2000, pid=15957) has no WPC
07-02 02:33:57.502   682  1666 V GrammaticalInflectionUtils: AttributionSource: android.content.AttributionSource@170a9426 does not have READ_SYSTEM_GRAMMATICAL_GENDER permission.
07-02 02:33:57.588   682  1666 V ActivityTaskManager: TaskLaunchParamsModifier: phase=3 task=Task{75a4f1 #68 type=standard A=10235:com.example.myapplication} activity=ActivityRecord{158594200 u0 com.example.myapplication/.MainActivity t-1} display-from-task=0 display-id=0 task-display-area-windowing-mode=1 suggested-display-area=DefaultTaskDisplayArea@85786905 inherit-from-task=fullscreen non-freeform-task-display-area display-area=DefaultTaskDisplayArea@85786905 skip-bounds-fullscreen
07-02 02:33:57.588   682  1666 I ActivityTaskManager: START u0 {act=android.intent.action.MAIN cat=[android.intent.category.LAUNCHER] flg=0x10000000 xflg=0x4 cmp=com.example.myapplication/.MainActivity} with LAUNCH_MULTIPLE from uid 2000 (com.android.shell) (BAL_ALLOW_PERMISSION) result code=0
07-02 02:33:57.620   682  2072 W ActivityManager: Slow operation: 172ms so far, now at attachApplicationLocked: immediately after bindApplication
07-02 02:33:57.622   682  2072 W ActivityManager: Slow operation: 174ms so far, now at attachApplicationLocked: after updateLruProcessLocked
07-02 02:33:57.625   682  2072 W ActivityManager: Slow operation: 178ms so far, now at attachApplicationLocked: after updateOomAdjLocked
07-02 02:33:57.666 14750 14750 D BaseActivity: Launcher flags updated: [state_started|state_resumed|state_deferred_resumed|state_window_focused|state_user_active] -[]
07-02 02:33:57.669  1184  1314 V WindowManagerShell: Transition requested (#30): android.os.BinderProxy@a7f82d TransitionRequestInfo { type = OPEN, triggerTask = TaskInfo{userId=0 taskId=68 effectiveUid=10235 displayId=0 isRunning=true baseIntent=Intent { act=android.intent.action.MAIN cat=[android.intent.category.LAUNCHER] flg=0x10000000 cmp=com.example.myapplication/.MainActivity } baseActivity=ComponentInfo{com.example.myapplication/com.example.myapplication.MainActivity} topActivity=ComponentInfo{com.example.myapplication/com.example.myapplication.MainActivity} origActivity=null realActivity=ComponentInfo{com.example.myapplication/com.example.myapplication.MainActivity} realActivityIsAppLockEnabled=false numActivities=1 lastActiveTime=12319535 supportsMultiWindow=true supportsMultiWindowWithoutConstraints=true resizeMode=1 isResizeable=true minWidth=-1 minHeight=-1 defaultMinSize=220 token=WCT{android.os.BinderProxy@4f09162} topActivityType=1 pictureInPictureParams=null shouldDockBigOverlays=false launchIntoPipHostTaskId=-1 lastParentTaskIdBeforePip=-1 displayCutoutSafeInsets=Rect(0, 136 - 0, 0) topActivityInfo=ActivityInfo{a85f2f3 com.example.myapplication.MainActivity} launchCookies=[] positionInParent=Point(0, 0) parentTaskId=-1 isFocused=false isInteractive=false isVisible=false isVisibleRequested=false isTopActivityNoDisplay=false isSleeping=false locusId=null displayAreaFeatureId=1 isTopActivityTransparent=false isActivityStackTransparent=false lastNonFullscreenBounds=null leafTaskBoundsFromOptions= false capturedLink=null capturedLinkTimestamp=0 requestedVisibleTypes=503 topActivityRequestOpenInBrowserEducationTimestamp=0 appCompatTaskInfo=AppCompatTaskInfo { topActivityInSizeCompat=false isLeafTask= true eligibleForLetterboxEducation= false isLetterboxEducationEnabled= true isLetterboxDoubleTapEnabled= false eligibleForUserAspectRatioButton= false topActivityBoundsLetterboxed= false isFromLetterboxDoubleTap= false topActivityLetterboxVerticalPosition= -1 topActivityLetterboxHorizontalPosition= -1 topActivityLetterboxWidth=-1 topActivityLetterboxHeight=-1 topActivityAppBounds=Rect(0, 0 - 1080, 2400) isUserFullscreenOverrideEnabled=false isSystemFullscreenOverrideEnabled=false hasMinAspectRatioOverride=false topActivityLetterboxBounds=null topNonResizableActivityAspectRatio=-1.0} topActivityMainWindowFrame=null isAppBubble=false}, pipChange = null, remoteTransitionInfo = null, displayChanges = null, requestedLocation = null, userChange = null, windowingLayerChange = null, fullscreenRequestChange = null, flags = 0, debugId = 30 }
07-02 02:33:57.774  1184  1314 W DisconnectHandler: No disconnect change found in the transition, not handling request.
07-02 02:33:57.839  1184  1314 V ShellDesktopMode: DesktopTasksController: skipping handleRequest reason=triggerTask's display doesn't support desktop mode
07-02 02:33:57.840  1184  1314 D ShellSplitScreen: logExit: no-op, mLoggerSessionId is null
07-02 02:33:57.919   491   621 I libbinder.BpBinder: onLastStrongRef automatically unlinking death recipients for binder (0xb4007c0a5605b8c0) with descriptor: '(not cached)'
07-02 02:33:58.020   682   731 V GrammaticalInflectionUtils: AttributionSource: android.content.AttributionSource@170a9426 does not have READ_SYSTEM_GRAMMATICAL_GENDER permission.
07-02 02:33:58.022   682   731 W ActivityManager: Slow operation: 362ms so far, now at startProcess: done creating new process record
07-02 02:33:58.022   682   731 W ActivityManager: Slow operation: 362ms so far, now at startProcess: stepping in to startProcess
07-02 02:33:58.030   682  2048 W InputChannel-JNI: Channel already disposed.
07-02 02:33:58.075 14750 14750 D BaseActivity: Launcher flags updated: [state_started|state_resumed|state_deferred_resumed|state_window_focused] -[state_user_active]
07-02 02:33:58.193   682   731 W ActivityManager: Slow operation: 533ms so far, now at startProcess: done starting proc!
07-02 02:33:58.194   682   731 W ActivityTaskManager: Activity top resumed state loss timeout for ActivityRecord{242379149 u0 com.google.android.apps.nexuslauncher/.NexusLauncherActivity t2}
07-02 02:33:58.195   682   731 W ActivityTaskManager: Activity pause timeout for ActivityRecord{242379149 u0 com.google.android.apps.nexuslauncher/.NexusLauncherActivity t2}
07-02 02:33:58.212  1184  1314 D WindowManagerShell: setLauncherKeepClearAreaHeight: visible=false, height=495
07-02 02:33:58.212  1184  1314 V RecentTasksController: Notify recent tasks changed
07-02 02:33:58.218   682   744 W ActivityManager: Slow operation: 197ms so far, now at startProcess: asking zygote to start proc
07-02 02:33:58.236   682   731 I AppsFilter: interaction: PackageSetting{5584164 com.nyx.fitcatalog/10228} -> PackageSetting{a030129 com.example.myapplication/10235} BLOCKED
07-02 02:33:58.242  1184  1314 D ShellDesktopMode: DesktopRepository(0): Removes freeform task: taskId=67
07-02 02:33:58.243  1184  1314 W ShellDesktopMode: DesktopRepository(0): No display id found for task: taskId=67
07-02 02:33:58.244  1184  1314 V RecentTasksController: Notify recent tasks changed
07-02 02:33:58.463  1184  1473 I Choreographer: Skipped 33 frames!  The application may be doing too much work on its main thread.
07-02 02:33:58.578 15938 15938 D CompatChangeReporter: Compat change id reported: 333566037; UID 10158; state: ENABLED
07-02 02:33:58.594 15938 15938 D ApplicationLoaders: Returning zygote-cached class loader: /system/framework/org.apache.http.legacy.jar
07-02 02:33:58.594 15938 15938 D ApplicationLoaders: Returning zygote-cached class loader: /system_ext/framework/androidx.window.extensions.jar
07-02 02:33:58.594 15938 15938 D ApplicationLoaders: Returning zygote-cached class loader: /system_ext/framework/androidx.window.sidecar.jar
07-02 02:33:58.908   682   731 V WindowManager: Defer transition id=30 for TaskFragmentTransaction=android.os.Binder@32186e5
07-02 02:33:58.944   682   729 W Looper  : Slow dispatch took 312ms android.ui app=system_server main=false group=TOP_APP h=com.android.server.am.ActivityManagerService$UiHandler c=com.android.server.am.UidObserverController$$ExternalSyntheticLambda0@f5f1e3c m=0
07-02 02:33:59.004 14750 14750 D BaseActivity: Launcher flags updated: [state_started|state_window_focused] -[state_resumed|state_deferred_resumed]
07-02 02:33:59.016   433   433 D Zygote  : Forked child process 15960
07-02 02:33:59.017   682   744 W ActivityManager: Slow operation: 996ms so far, now at startProcess: returned from zygote!
07-02 02:33:59.032   682   744 W ActivityManager: Slow operation: 1011ms so far, now at startProcess: done updating battery stats
07-02 02:33:59.032   682   744 W ActivityManager: Slow operation: 1011ms so far, now at startProcess: building log message
07-02 02:33:59.032   682   744 I ActivityManager: Start proc 15960:com.example.myapplication/u0a235 for next-top-activity {com.example.myapplication/com.example.myapplication.MainActivity}
07-02 02:33:59.032   682   744 W ActivityManager: Slow operation: 1011ms so far, now at startProcess: starting to update pids map
07-02 02:33:59.035   682  2077 D WindowManager: setClientSurface Surface(name=VRI-Splash Screen com.example.myapplication#306)/@0x17a4474 for 1b671f3 Splash Screen com.example.myapplication
07-02 02:33:59.040 14750 14750 W SplitSelectStateCtor: Missing session instanceIds
07-02 02:33:59.041 14750 14750 D StatsLog: LAUNCHER_SPLIT_SELECTION_EXIT_INTERRUPTED
07-02 02:33:59.118   682   744 W ActivityManager: Slow operation: 1097ms so far, now at startProcess: done updating pids map
07-02 02:33:59.165  1184  1473 I Surface : Creating surface for consumer unnamed-1184-9 with slotExpansion=1 for 64 slots
07-02 02:33:59.202  1184  1473 I Surface : Creating surface for consumer VRI[myapplication]#9(BLAST Consumer)9 with slotExpansion=1 for 64 slots
07-02 02:33:59.203 14750 14750 D RecentsView: onTaskDisplayChanged: 68, new displayId = 0
07-02 02:33:59.281  1184  1314 V RecentTasksController: Notify recent tasks changed
07-02 02:33:59.282 14750 14750 D RecentTasksList: invalidateLoadedTasks - previous requestLoadId: -1
07-02 02:33:59.282 14750 14750 D RecentTasksList: invalidateLoadedTasks - previous requestLoadId: -1
07-02 02:33:59.284 14750 14750 D RecentTasksList: invalidateLoadedTasks - previous requestLoadId: -1
07-02 02:33:59.520 14750 14750 D BaseActivity: Launcher flags updated: [state_started] -[state_window_focused]
07-02 02:33:59.570 15960 15960 I libprocessgroup: Created cgroup /sys/fs/cgroup/apps/uid_10235/pid_15960
07-02 02:33:59.643   682  1666 V WindowManager: Continue transition id=30 for TaskFragmentTransaction=android.os.Binder@32186e5
07-02 02:33:59.712 15960 15960 I Zygote  : Process 15960 created for com.example.myapplication
07-02 02:33:59.714 15960 15960 I e.myapplication: Late-enabling -Xcheck:jni
07-02 02:33:59.814   682  1026 I HalDevMgr: bestIfaceCreationProposal is null, requestIface=STA, existingIface=[name=wlan0 type=STA]
07-02 02:34:00.242  1150  1150 I wpa_supplicant: wlan0: CTRL-EVENT-BEACON-LOSS 
07-02 02:34:00.352  1184  3128 W libbinder.Binder: Binder transaction to android.app.ITaskStackListener, function: UNKNOWN_FUNCTION_NAME, code: 1, took 1187ms. Data bytes: 80 Reply bytes: 0 Flags: 17
07-02 02:34:00.480  1184  1314 V RecentTasksController: generateList(getRecentTasks)
07-02 02:34:00.494  1184  1632 E SurfaceSyncGroup: Failed to receive transaction ready in 1000ms. Marking SurfaceSyncGroup(wmsSync-VRI[myapplication]#23) as ready
07-02 02:34:00.582  1184  3128 I HWUI    : Davey! duration=2288ms; Flags=1, FrameTimelineVsyncId=76494, IntendedVsync=12319857276343, Vsync=12320407276321, InputEventId=0, HandleInputStart=12320414941536, AnimationStart=12320414968286, PerformTraversalsStart=12320415122745, DrawStart=12321531973787, FrameDeadline=12319873943009, FrameStartTime=12320413826203, FrameInterval=16666666, WorkloadTarget=16666666, AnimationTime=12320407276321, SyncQueued=12321580267454, SyncStart=12321606082704, IssueDrawCommandsStart=12321632653412, SwapBuffers=12321767967537, FrameCompleted=12322171848371, DequeueBufferDuration=3666, QueueBufferDuration=9978875, GpuCompleted=12321907142829, SwapBuffersCompleted=12322171848371, DisplayPresentTime=0, CommandSubmissionCompleted=12321767967537, 
07-02 02:34:00.704 15960 15960 I e.myapplication: Using generational CollectorTypeCMC GC.
07-02 02:34:00.735  1184  1473 I Choreographer: Skipped 134 frames!  The application may be doing too much work on its main thread.
07-02 02:34:00.737  1184  1314 V RecentTasksController: initializeDesksMap - allDeskIds: []
07-02 02:34:00.858 14750 14750 I Choreographer: Skipped 61 frames!  The application may be doing too much work on its main thread.
07-02 02:34:00.862 14750 14760 I HWUI    : Davey! duration=1072ms; Flags=0, FrameTimelineVsyncId=76598, IntendedVsync=12321523948491, Vsync=12321757281815, InputEventId=0, HandleInputStart=12321776175662, AnimationStart=12321776180537, PerformTraversalsStart=12321776551329, DrawStart=12321776753954, FrameDeadline=12321790620680, FrameStartTime=12321771398787, FrameInterval=16666666, WorkloadTarget=16666666, AnimationTime=12321757281815, SyncQueued=12321776913537, SyncStart=12321902300787, IssueDrawCommandsStart=12321904827912, SwapBuffers=12322426930246, FrameCompleted=12322721733121, DequeueBufferDuration=12750, QueueBufferDuration=174195250, GpuCompleted=12322562491038, SwapBuffersCompleted=12322721733121, DisplayPresentTime=9223372032559809371, CommandSubmissionCompleted=12322426930246, 
07-02 02:34:00.891  1184  1314 V RecentTasksController: Task 68 is not an active desktop task
07-02 02:34:00.891  1184  1314 V RecentTasksController: Added fullscreen task: 68
07-02 02:34:00.891  1184  1314 V RecentTasksController: Task 55 is not an active desktop task
07-02 02:34:00.891  1184  1314 V RecentTasksController: Added fullscreen task: 55
07-02 02:34:00.891  1184  1314 V RecentTasksController: Task 19 is not an active desktop task
07-02 02:34:00.891  1184  1314 V RecentTasksController: Added fullscreen task: 19
07-02 02:34:00.891  1184  1314 V RecentTasksController: generateList - complete
07-02 02:34:01.090   682   728 V WindowManager: Sent Transition (#30) createdAt=07-02 02:33:57.512 via request=TransitionRequestInfo { type = OPEN, triggerTask = TaskInfo{userId=0 taskId=68 effectiveUid=10235 displayId=0 isRunning=true baseIntent=Intent { act=android.intent.action.MAIN cat=[android.intent.category.LAUNCHER] flg=0x10000000 cmp=com.example.myapplication/.MainActivity } baseActivity=ComponentInfo{com.example.myapplication/com.example.myapplication.MainActivity} topActivity=ComponentInfo{com.example.myapplication/com.example.myapplication.MainActivity} origActivity=null realActivity=ComponentInfo{com.example.myapplication/com.example.myapplication.MainActivity} realActivityIsAppLockEnabled=false numActivities=1 lastActiveTime=12319535 supportsMultiWindow=true supportsMultiWindowWithoutConstraints=true resizeMode=1 isResizeable=true minWidth=-1 minHeight=-1 defaultMinSize=220 token=WCT{RemoteToken{246553f Task{75a4f1 #68 type=standard A=10235:com.example.myapplication}}} topActivityType=1 pictureInPictureParams=null shouldDockBigOverlays=false launchIntoPipHostTaskId=-1 lastParentTaskIdBeforePip=-1 displayCutoutSafeInsets=Rect(0, 136 - 0, 0) topActivityInfo=ActivityInfo{3a5ae0c com.example.myapplication.MainActivity} launchCookies=[] positionInParent=Point(0, 0) parentTaskId=-1 isFocused=false isInteractive=false isVisible=false isVisibleRequested=false isTopActivityNoDisplay=false isSleeping=false locusId=null displayAreaFeatureId=1 isTopActivityTransparent=false isActivityStackTransparent=false lastNonFullscreenBounds=null leafTaskBoundsFromOptions= false capturedLink=null capturedLinkTimestamp=0 requestedVisibleTypes=503 topActivityRequestOpenInBrowserEducationTimestamp=0 appCompatTaskInfo=AppCompatTaskInfo { topActivityInSizeCompat=false isLeafTask= true eligibleForLetterboxEducation= false isLetterboxEducationEnabled= true isLetterboxDoubleTapEnabled= false eligibleForUserAspectRatioButton= false topActivityBoundsLetterboxed= false isFromLetterboxDoubleTap= false topActivityLetterboxVerticalPosition= -1 topActivityLetterboxHorizontalPosition= -1 topActivityLetterboxWidth=-1 topActivityLetterboxHeight=-1 topActivityAppBounds=Rect(0, 0 - 1080, 2400) isUserFullscreenOverrideEnabled=false isSystemFullscreenOverrideEnabled=false hasMinAspectRatioOverride=false topActivityLetterboxBounds=null topNonResizableActivityAspectRatio=-1.0} topActivityMainWindowFrame=null isAppBubble=false}, pipChange = null, remoteTransitionInfo = null, displayChanges = null, requestedLocation = null, userChange = null, windowingLayerChange = null, fullscreenRequestChange = null, flags = 0, debugId = 30 }
07-02 02:34:01.091   682   728 V WindowManager:     startWCT=WindowContainerTransaction { changes= {} hops= [] flags= 0 errorCallbackToken=null taskFragmentOrganizer=null }
07-02 02:34:01.092   682   728 V WindowManager:     info={id=30 t=OPEN f=0x0 trk=0 r=[0@Point(0, 0)] c=[
07-02 02:34:01.092   682   728 V WindowManager:         {WCT{RemoteToken{246553f Task{75a4f1 #68 type=standard A=10235:com.example.myapplication}}} m=OPEN f=MOVE_TO_TOP|FLAG_CHANGED_INTERACTIVE leash=Surface(name=Task=68#303)/@0x4018699 sb=Rect(0, 0 - 1080, 2400) eb=Rect(0, 0 - 1080, 2400) epz=Point(1080, 2400) d=0 taskParent=-1 winMode=1 userId=0},
07-02 02:34:01.092   682   728 V WindowManager:         {WCT{RemoteToken{59ad6dc Task{9823353 #1 type=home}}} m=TO_BACK f=SHOW_WALLPAPER|FLAG_CHANGED_INTERACTIVE leash=Surface(name=Task=1#35)/@0xdbf5bf2 sb=Rect(0, 0 - 1080, 2400) eb=Rect(0, 0 - 1080, 2400) epz=Point(1080, 2400) d=0 taskParent=-1 winMode=1 userId=0},
07-02 02:34:01.092   682   728 V WindowManager:         {m=TO_BACK f=IS_WALLPAPER leash=Surface(name=WallpaperWindowToken{687bfd8}#58)/@0x4012fd sb=Rect(0, 0 - 1080, 2400) eb=Rect(0, 0 - 1080, 2400) epz=Point(1080, 2400) d=0}
07-02 02:34:01.092   682   728 V WindowManager:     ]}
07-02 02:34:01.250   493   548 I adbd    : jdwp connection from 15960
07-02 02:34:01.379  1184  3128 V WindowManagerShell: onTransitionReady(transaction=2929167698720)
07-02 02:34:01.380  1184  1199 W libbinder.Binder: Binder transaction to com.android.wm.shell.recents.IRecentTasks, function: UNKNOWN_FUNCTION_NAME, code: 4, took 1775ms. Data bytes: 112 Reply bytes: 5856 Flags: 18
07-02 02:34:01.396  1184  1314 V WindowManagerShell: onTransitionReady (#30) android.os.BinderProxy@a7f82d: {id=30 t=OPEN f=0x0 trk=0 r=[0@Point(0, 0)] c=[
07-02 02:34:01.396  1184  1314 V WindowManagerShell:         {m=OPEN f=MOVE_TO_TOP|FLAG_CHANGED_INTERACTIVE leash=Surface(name=Task=68#303)/@0x252ef3c sb=Rect(0, 0 - 1080, 2400) eb=Rect(0, 0 - 1080, 2400) epz=Point(1080, 2400) d=0 taskParent=-1 winMode=1 userId=0},
07-02 02:34:01.396  1184  1314 V WindowManagerShell:         {m=TO_BACK f=SHOW_WALLPAPER|FLAG_CHANGED_INTERACTIVE leash=Surface(name=Task=1#35)/@0x69c54c5 sb=Rect(0, 0 - 1080, 2400) eb=Rect(0, 0 - 1080, 2400) epz=Point(1080, 2400) d=0 taskParent=-1 winMode=1 userId=0},
07-02 02:34:01.396  1184  1314 V WindowManagerShell:         {m=TO_BACK f=IS_WALLPAPER leash=Surface(name=WallpaperWindowToken{687bfd8}#58)/@0x7c24e1a sb=Rect(0, 0 - 1080, 2400) eb=Rect(0, 0 - 1080, 2400) epz=Point(1080, 2400) d=0}
07-02 02:34:01.396  1184  1314 V WindowManagerShell:     ]}
07-02 02:34:01.458 14750 14767 D PreloadThumbnailUseCase: Preloading thumbnails for task ids: [[id=19 windowingMode=0 user=0 lastActiveTime=163326] null, [id=55 windowingMode=0 user=0 lastActiveTime=163327] null, [id=68 windowingMode=1 user=0 lastActiveTime=12319535] null]
07-02 02:34:01.481  1184  1314 V WindowManagerShell: Playing animation for (#30) android.os.BinderProxy@a7f82d@0
07-02 02:34:01.531  1184  1314 D ShellSplitScreen: startAnimation: transition=30 isSplitActive=false
07-02 02:34:01.531  1184  1314 V ShellRecents: RecentsTransitionHandler.startAnimation: no controller found
07-02 02:34:01.560  1184  1314 V ShellDesktopMode: DesktopMixedTransitionHandler: No pending desktop transition
07-02 02:34:01.561  1184  1314 V WindowManagerShell: Transition doesn't have explicit remote, search filters for match for {id=30 t=OPEN f=0x0 trk=0 r=[0@Point(0, 0)] c=[{m=OPEN f=MOVE_TO_TOP|FLAG_CHANGED_INTERACTIVE leash=Surface(name=Task=68#303)/@0x252ef3c sb=Rect(0, 0 - 1080, 2400) eb=Rect(0, 0 - 1080, 2400) epz=Point(1080, 2400) d=0 taskParent=-1 winMode=1 userId=0},{m=TO_BACK f=SHOW_WALLPAPER|FLAG_CHANGED_INTERACTIVE leash=Surface(name=Task=1#35)/@0x69c54c5 sb=Rect(0, 0 - 1080, 2400) eb=Rect(0, 0 - 1080, 2400) epz=Point(1080, 2400) d=0 taskParent=-1 winMode=1 userId=0},{m=TO_BACK f=IS_WALLPAPER leash=Surface(name=WallpaperWindowToken{687bfd8}#58)/@0x7c24e1a sb=Rect(0, 0 - 1080, 2400) eb=Rect(0, 0 - 1080, 2400) epz=Point(1080, 2400) d=0}]}
07-02 02:34:01.563  1184  1314 V WindowManagerShell:  Checking filter Pair{{types=[] flags=0x0 notFlags=0x0 checks=[{atype=undefined independent=true modes=[CLOSE,TO_BACK] flags=IN_TASK_WITH_EMBEDDED_ACTIVITY mustBeTask=false order=ANY topActivity=null launchCookie=null taskFragmentToken=android.os.BinderProxy@59fcb66 windowingMode=undefined isCrossDisplayMove=false}]} RemoteTransition { remoteTransition = android.window.IRemoteTransition$Stub$Proxy@be6dea7, appThread = android.app.IApplicationThread$Stub$Proxy@54ddf54, debugName = overlayBackTransition, filter = {types=[] flags=0x0 notFlags=0x0 checks=[{atype=undefined independent=true modes=[CLOSE,TO_BACK] flags=IN_TASK_WITH_EMBEDDED_ACTIVITY mustBeTask=false order=ANY topActivity=null launchCookie=null taskFragmentToken=android.os.BinderProxy@59fcb66 windowingMode=undefined isCrossDisplayMove=false}]} }}
07-02 02:34:01.564  1184  1314 V WindowManagerShell:  Checking filter Pair{{types=[] flags=0x0 notFlags=0x0 checks=[{atype=dream independent=true modes=[OPEN,TO_FRONT] flags=NONE mustBeTask=false order=ANY topActivity=null launchCookie=null windowingMode=undefined isCrossDisplayMove=false},{atype=home independent=true modes=[CLOSE,TO_BACK] flags=NONE mustBeTask=false order=ANY topActivity=null launchCookie=null windowingMode=undefined isCrossDisplayMove=false}]} RemoteTransition { remoteTransition = android.window.IRemoteTransition$Stub$Proxy@b2bdefd, appThread = android.app.IApplicationThread$Stub$Proxy@44d37f2, debugName = LauncherToDream, filter = {types=[] flags=0x0 notFlags=0x0 checks=[{atype=dream independent=true modes=[OPEN,TO_FRONT] flags=NONE mustBeTask=false order=ANY topActivity=null launchCookie=null windowingMode=undefined isCrossDisplayMove=false},{atype=home independent=true modes=[CLOSE,TO_BACK] flags=NONE mustBeTask=false order=ANY topActivity=null launchCookie=null windowingMode=undefined isCrossDisplayMove=false}]} }}
07-02 02:34:01.564  1184  1314 V WindowManagerShell:  Checking filter Pair{{types=[] flags=0x0 notFlags=0x0 checks=[{atype=standard independent=false modes=[CHANGE] flags=NONE mustBeTask=true order=ANY topActivity=null launchCookie=null windowingMode=undefined isCrossDisplayMove=true}]} RemoteTransition { remoteTransition = android.window.IRemoteTransition$Stub$Proxy@318be43, appThread = android.app.IApplicationThread$Stub$Proxy@6539cc0, debugName = QuickstepDisplayMove, filter = {types=[] flags=0x0 notFlags=0x0 checks=[{atype=standard independent=false modes=[CHANGE] flags=NONE mustBeTask=true order=ANY topActivity=null launchCookie=null windowingMode=undefined isCrossDisplayMove=true}]} }}
07-02 02:34:01.564  1184  1314 V WindowManagerShell:  Checking filter Pair{{types=[] flags=0x0 notFlags=0x100 checks=[{atype=home independent=true modes=[OPEN,TO_FRONT] flags=NONE mustBeTask=false order=ANY topActivity=ComponentInfo{com.google.android.apps.nexuslauncher/com.google.android.apps.nexuslauncher.NexusLauncherActivity} launchCookie=null windowingMode=undefined isCrossDisplayMove=false},{atype=standard independent=true modes=[CLOSE,TO_BACK] flags=NONE mustBeTask=false order=ANY topActivity=null launchCookie=null windowingMode=undefined isCrossDisplayMove=false},{NOT atype=undefined independent=true modes=[] flags=NONE mustBeTask=true order=ANY topActivity=null launchCookie=null customAnim=true windowingMode=undefined isCrossDisplayMove=false}]} RemoteTransition { remoteTransition = android.window.IRemoteTransition$Stub$Proxy@7dc6df9, appThread = android.app.IApplicationThread$Stub$Proxy@9f2e13e, debugName = QuickstepLaunchHome, filter = {types=[] flags=0x0 notFlags=0x100 checks=[{atype=home independent=true modes=[OPEN,TO_FRONT] flags=NONE mustBeTask=false order=ANY topActivity=ComponentInfo{com.google.android.apps.nexuslauncher/com.google.android.apps.nexuslauncher.NexusLauncherActivity} launchCookie=null windowingMode=undefined isCrossDisplayMove=false},{atype=standard independent=true modes=[CLOSE,TO_BACK] flags=NONE mustBeTask=false order=ANY topActivity=null launchCookie=null windowingMode=undefined isCrossDisplayMove=false},{NOT atype=undefined independent=true modes=[] flags=NONE mustBeTask=true order=ANY topActivity=null launchCookie=null customAnim=true windowingMode=undefined isCrossDisplayMove=false}]} }}
07-02 02:34:01.569 15960 15960 D nativeloader: Load libframework-connectivity-tiramisu-jni.so using APEX ns com_android_tethering for caller /apex/com.android.tethering/javalib/framework-connectivity-t.jar: ok
07-02 02:34:01.570  1184  1314 V WindowManagerShell:  Checking filter Pair{{types=[OPEN,TO_FRONT] flags=0x0 notFlags=0x0 checks=[{atype=standard independent=true modes=[OPEN,TO_FRONT] flags=NONE mustBeTask=true order=ANY topActivity=null launchCookie=null windowingMode=freeform isCrossDisplayMove=false}]} RemoteTransition { remoteTransition = android.window.IRemoteTransition$Stub$Proxy@6ac921f, appThread = null, debugName = DesktopWindowLimitUnminimize, filter = {types=[OPEN,TO_FRONT] flags=0x0 notFlags=0x0 checks=[{atype=standard independent=true modes=[OPEN,TO_FRONT] flags=NONE mustBeTask=true order=ANY topActivity=null launchCookie=null windowingMode=freeform isCrossDisplayMove=false}]} }}
07-02 02:34:01.570  1184  1314 V WindowManagerShell:  Delegate animation for (#30) to null
07-02 02:34:01.570  1184  1314 V WindowManagerShell: start default transition animation, info = {id=30 t=OPEN f=0x0 trk=0 r=[0@Point(0, 0)] c=[{m=OPEN f=MOVE_TO_TOP|FLAG_CHANGED_INTERACTIVE leash=Surface(name=Task=68#303)/@0x252ef3c sb=Rect(0, 0 - 1080, 2400) eb=Rect(0, 0 - 1080, 2400) epz=Point(1080, 2400) d=0 taskParent=-1 winMode=1 userId=0},{m=TO_BACK f=SHOW_WALLPAPER|FLAG_CHANGED_INTERACTIVE leash=Surface(name=Task=1#35)/@0x69c54c5 sb=Rect(0, 0 - 1080, 2400) eb=Rect(0, 0 - 1080, 2400) epz=Point(1080, 2400) d=0 taskParent=-1 winMode=1 userId=0},{m=TO_BACK f=IS_WALLPAPER leash=Surface(name=WallpaperWindowToken{687bfd8}#58)/@0x7c24e1a sb=Rect(0, 0 - 1080, 2400) eb=Rect(0, 0 - 1080, 2400) epz=Point(1080, 2400) d=0}]}
07-02 02:34:01.692 14750 14764 I HWUI    : Davey! duration=1440ms; Flags=0, FrameTimelineVsyncId=76629, IntendedVsync=12321790609599, Vsync=12322807276225, InputEventId=0, HandleInputStart=12323024625538, AnimationStart=12323024636413, PerformTraversalsStart=12323048581163, DrawStart=12323048981704, FrameDeadline=12322590615115, FrameStartTime=12322809246038, FrameInterval=16666666, WorkloadTarget=16666666, AnimationTime=12322807276225, SyncQueued=12323050227704, SyncStart=12323235682413, IssueDrawCommandsStart=12323248817788, SwapBuffers=12323347174538, FrameCompleted=12323416952663, DequeueBufferDuration=5709, QueueBufferDuration=48878292, GpuCompleted=12323416752330, SwapBuffersCompleted=12323416952663, DisplayPresentTime=639950127106, CommandSubmissionCompleted=12323347174538, 
07-02 02:34:01.768 15938 15938 W earchbox:search: Failed to find entry 'classes.dex': Entry not found
07-02 02:34:01.908  1184  1314 V WindowManagerShell: loadAnimation: anim=android.view.animation.AnimationSet@57ce234 animAttr=0x13 type=OPEN isEntrance=false
07-02 02:34:01.934 15938 15938 W earchbox:search: Failed to find entry 'classes.dex': Entry not found
07-02 02:34:01.966   491   589 W skia    : AGTM parsing failed flags.readFromStream(s) at 159
07-02 02:34:01.967   491   589 W skia    : AGTM parsing failed flags.readFromStream(s) at 159
07-02 02:34:02.013  1184  1314 V WindowManagerShell: loadAnimation: anim=android.view.animation.AnimationSet@abf1d59 animAttr=0x12 type=OPEN isEntrance=true
07-02 02:34:02.014  1184  1314 V WindowManagerShell:  animated by com.android.wm.shell.transition.DefaultTransitionHandler@49c83e7
07-02 02:34:02.014  1184  1314 V ShellTaskOrganizer: Task appeared taskId=68 listener=FullscreenTaskListener
07-02 02:34:02.014  1184  1314 V ShellTaskOrganizer: Fullscreen Task Appeared: #68
07-02 02:34:02.031 15938 15938 D nativeloader: Configuring clns-9 for other apk /data/app/~~74FLgnBWuECSW1axM-9HTA==/com.google.android.googlequicksearchbox-JRAVXdAFOJnPOiahHV1tIA==/base.apk:/data/app/~~74FLgnBWuECSW1axM-9HTA==/com.google.android.googlequicksearchbox-JRAVXdAFOJnPOiahHV1tIA==/split_config.xxhdpi.apk:/data/app/~~74FLgnBWuECSW1axM-9HTA==/com.google.android.googlequicksearchbox-JRAVXdAFOJnPOiahHV1tIA==/split_lens_ondevice_engine_play_ml_module.apk. target_sdk_version=37, uses_libraries=, library_path=/data/app/~~74FLgnBWuECSW1axM-9HTA==/com.google.android.googlequicksearchbox-JRAVXdAFOJnPOiahHV1tIA==/lib/arm64:/data/app/~~74FLgnBWuECSW1axM-9HTA==/com.google.android.googlequicksearchbox-JRAVXdAFOJnPOiahHV1tIA==/base.apk!/lib/arm64-v8a:/data/app/~~74FLgnBWuECSW1axM-9HTA==/com.google.android.googlequicksearchbox-JRAVXdAFOJnPOiahHV1tIA==/split_config.xxhdpi.apk!/lib/arm64-v8a:/data/app/~~74FLgnBWuECSW1axM-9HTA==/com.google.android.googlequicksearchbox-JRAVXdAFOJnPOiahHV1tIA==/split_lens_ondevice_engine_play_ml_module.apk!/lib/arm64-v8a, permitte
07-02 02:34:02.482  1184  1314 V RecentTasksController: Notify recent tasks changed
07-02 02:34:02.502 14750 14750 D RecentTasksList: invalidateLoadedTasks - previous requestLoadId: -1
07-02 02:34:02.515   491   589 W skia    : AGTM parsing failed flags.readFromStream(s) at 159
07-02 02:34:02.515   491   589 W skia    : AGTM parsing failed flags.readFromStream(s) at 159
07-02 02:34:02.651   491   589 W skia    : AGTM parsing failed flags.readFromStream(s) at 159
07-02 02:34:02.651   491   589 W skia    : AGTM parsing failed flags.readFromStream(s) at 159
07-02 02:34:02.699   682  2220 E TaskPersister: File error accessing recents directory (directory doesn't exist?).
07-02 02:34:02.788   682  1666 W ActivityManager: Slow operation: 88ms so far, now at attachApplicationLocked: before bindApplication
07-02 02:34:02.791   682  1666 W ActivityManager: Slow operation: 91ms so far, now at attachApplicationLocked: immediately before bindApplication
07-02 02:34:02.804   682  1666 W ActivityManager: Slow operation: 103ms so far, now at attachApplicationLocked: immediately after bindApplication
07-02 02:34:02.804   682  1666 W ActivityManager: Slow operation: 103ms so far, now at attachApplicationLocked: after updateLruProcessLocked
07-02 02:34:02.825   682  1666 W ActivityManager: Slow operation: 125ms so far, now at attachApplicationLocked: after updateOomAdjLocked
07-02 02:34:03.041   682   941 W JobScheduler.JobStatus: Exempted app com.google.android.settings.intelligence considered buggy
07-02 02:34:03.041   682   941 W JobScheduler.JobStatus: Exempted app com.google.android.settings.intelligence considered buggy
07-02 02:34:03.041   682   941 W JobScheduler.JobStatus: Exempted app com.google.android.settings.intelligence considered buggy
07-02 02:34:03.041   682   941 W JobScheduler.JobStatus: Exempted app com.google.android.settings.intelligence considered buggy
07-02 02:34:03.172   682  1026 I HalDevMgr: bestIfaceCreationProposal is null, requestIface=STA, existingIface=[name=wlan0 type=STA]
07-02 02:34:03.176  1184  1314 V WindowManagerShell: Transition animation finished (aborted=false), notifying core (#30) android.os.BinderProxy@a7f82d@0
07-02 02:34:03.442   491   589 W skia    : AGTM parsing failed flags.readFromStream(s) at 159
07-02 02:34:03.514 15960 15960 W e.myapplication: Suspending all threads took: 5.423ms
07-02 02:34:03.520   682   728 V WindowManager: Finish Transition (#30): created at 07-02 02:33:57.512 collect-started=1.044ms request-sent=73.525ms started=426.026ms ready=3411.691ms sent=3456.087ms commit=1128.136ms finished=6006.993ms
07-02 02:34:03.546 15960 15960 D nativeloader: Load /data/user/0/com.example.myapplication/code_cache/startup_agents/dced2491-agent.so using system ns (caller=<unknown>): ok
07-02 02:34:03.547 15960 15960 V studio.deploy: Startup agent attached to VM
07-02 02:34:03.628 15960 15960 V studio.deploy: No existing instrumentation found. Loading instrumentation from instruments-fa4e8d6d.jar
07-02 02:34:03.632  1184  1314 V WindowManagerShell: Track 0 became idle
07-02 02:34:03.541 15960 15960 W re-initialized>: type=1400 audit(0.0:71): avc:  granted  { execute } for  path="/data/data/com.example.myapplication/code_cache/startup_agents/dced2491-agent.so" dev="dm-5" ino=368671 scontext=u:r:untrusted_app:s0:c235,c256,c512,c768 tcontext=u:object_r:app_data_file:s0:c235,c256,c512,c768 tclass=file app=com.example.myapplication
07-02 02:34:03.633  1184  1314 V WindowManagerShell: All active transition animations finished
07-02 02:34:03.674 14750 14750 D VRI[NexusLauncherActivity]: visibilityChanged oldVisibility=true newVisibility=false
07-02 02:34:03.722 14750 14750 D SmartspaceInteractor: notifySmartspaceEvent: SmartspaceTargetEvent{mSmartspaceTarget=null, mSmartspaceActionId='null', mEventType=7}
07-02 02:34:03.869  2805  3083 I AiAiEcho: AmbientDataPredictorImpl No tracked ambient data found for ID: null; for event type: 7, skipping event processing.
07-02 02:34:03.898   682   729 W Looper  : Slow dispatch took 240ms android.ui app=system_server main=false group=TOP_APP h=com.android.server.wm.DisplayPolicy$PolicyHandler c=com.android.server.wm.DisplayPolicy$2$$ExternalSyntheticLambda2@7f9be03 m=0
07-02 02:34:03.898   682   729 W Looper  : Slow delivery took 362ms android.ui app=system_server main=false group=TOP_APP h=com.android.server.wm.DisplayPolicy$PolicyHandler c=com.android.server.wm.DisplayPolicy$2$$ExternalSyntheticLambda2@7f9be03 m=0
07-02 02:34:03.899  1184  1921 D WallpaperService: onVisibilityChanged(false): com.android.systemui.wallpapers.ImageWallpaper$CanvasEngine@969879d
07-02 02:34:03.902   491   589 W skia    : AGTM parsing failed flags.readFromStream(s) at 159
07-02 02:34:03.913  4878  5108 D SatelliteController: isInCarrierRoamingNbIotNtn: satellite is disabled
07-02 02:34:03.913  4878  5108 D SatelliteController: getCarrierRoamingNtnConnectType: Checking connect type from PLMN config for subId: 1
07-02 02:34:03.915  4878  5108 D TelephonyConfigUpdateInstallReceiver: getConfigParser: domain=satellite
07-02 02:34:03.915  4878  5108 V SatelliteController: satelliteConfigParser is not ready
07-02 02:34:03.915  4878  5108 D SatelliteController: isSatelliteAttachSupportedViaConfigupdater: return null (satelliteConfig is null)
07-02 02:34:03.954  4878  5108 D SatelliteController: getSatellitePerPlmnConfiguration: invalid subId or not supported via carrier.
07-02 02:34:03.959  4878  5108 D SatelliteController: getCarrierRoamingNtnConnectType: config: null
07-02 02:34:03.959  4878  5108 D TelephonyConfigUpdateInstallReceiver: getConfigParser: domain=satellite
07-02 02:34:03.959  4878  5108 V SatelliteController: satelliteConfigParser is not ready
07-02 02:34:03.959  4878  5108 D SatelliteController: getCarrierRoamingNtnConnectTypeViaConfigUpdater: return null (satelliteConfig is null)
07-02 02:34:03.961  4878  5108 D SatelliteController: getCarrierRoamingNtnConnectType: Falling back to global carrier config connect type: 0
07-02 02:34:03.961  4878  5108 D TelephonyConfigUpdateInstallReceiver: getConfigParser: domain=satellite
07-02 02:34:03.961  4878  5108 V SatelliteController: satelliteConfigParser is not ready
07-02 02:34:03.961  4878  5108 D SatelliteController: isSatelliteAttachSupportedViaConfigupdater: return null (satelliteConfig is null)
07-02 02:34:03.961  4878  5108 D SatelliteController: getCarrierRoamingNtnConnectType: Checking connect type from PLMN config for subId: 1
07-02 02:34:03.961  4878  5108 D TelephonyConfigUpdateInstallReceiver: getConfigParser: domain=satellite
07-02 02:34:03.961  4878  5108 V SatelliteController: satelliteConfigParser is not ready
07-02 02:34:03.961  4878  5108 D SatelliteController: isSatelliteAttachSupportedViaConfigupdater: return null (satelliteConfig is null)
07-02 02:34:03.962  4878  5108 D SatelliteController: getSatellitePerPlmnConfiguration: invalid subId or not supported via carrier.
07-02 02:34:03.962  4878  5108 D SatelliteController: getCarrierRoamingNtnConnectType: config: null
07-02 02:34:03.962  4878  5108 D TelephonyConfigUpdateInstallReceiver: getConfigParser: domain=satellite
07-02 02:34:03.962  4878  5108 V SatelliteController: satelliteConfigParser is not ready
07-02 02:34:03.962  4878  5108 D SatelliteController: getCarrierRoamingNtnConnectTypeViaConfigUpdater: return null (satelliteConfig is null)
07-02 02:34:03.962  4878  5108 D SatelliteController: getCarrierRoamingNtnConnectType: Falling back to global carrier config connect type: 0
07-02 02:34:03.962  4878  5108 D TelephonyConfigUpdateInstallReceiver: getConfigParser: domain=satellite
07-02 02:34:03.962  4878  5108 V SatelliteController: satelliteConfigParser is not ready
07-02 02:34:03.962  4878  5108 D SatelliteController: isSatelliteAttachSupportedViaConfigupdater: return null (satelliteConfig is null)
07-02 02:34:03.982 15960 15960 W e.myapplication: hiddenapi: DexFile /data/data/com.example.myapplication/code_cache/.studio/instruments-fa4e8d6d.jar is in boot class path but is not in a known location
07-02 02:34:04.047 15960 15960 V studio.deploy: Applying transforms with cached classes
07-02 02:34:04.305   491   589 W skia    : AGTM parsing failed flags.readFromStream(s) at 159
07-02 02:34:04.466 15960 15960 W e.myapplication: Redefining intrinsic method java.lang.Thread java.lang.Thread.currentThread(). This may cause the unexpected use of the original definition of java.lang.Thread java.lang.Thread.currentThread()in methods that have already been compiled.
07-02 02:34:04.467 15960 15960 W e.myapplication: Redefining intrinsic method boolean java.lang.Thread.interrupted(). This may cause the unexpected use of the original definition of boolean java.lang.Thread.interrupted()in methods that have already been compiled.
07-02 02:34:04.476 15960 15960 I studio.deploy: Registering DispatchJNI
07-02 02:34:04.476 15960 15960 I studio.deploy: Found com/android/tools/deploy/interpreter/JNI
07-02 02:34:04.556 15960 15960 D CompatChangeReporter: Compat change id reported: 333566037; UID 10235; state: ENABLED
07-02 02:34:04.731 15960 15960 D ApplicationLoaders: Returning zygote-cached class loader: /system_ext/framework/androidx.window.extensions.jar
07-02 02:34:04.731 15960 15960 D ApplicationLoaders: Returning zygote-cached class loader: /system_ext/framework/androidx.window.sidecar.jar
07-02 02:34:04.785   682  2048 W ApplicationInfo: Large ApplicationInfo parcel: size=19872 package=com.google.android.googlequicksearchbox splits=2 sharedLibs=3 resDirs=2 overlayPaths=2
07-02 02:34:04.800 15938 15938 V GraphicsEnvironment: Currently set values for:
07-02 02:34:04.800 15938 15938 V GraphicsEnvironment:   angle_gl_driver_selection_pkgs=[]
07-02 02:34:04.800 15938 15938 V GraphicsEnvironment:   angle_gl_driver_selection_values=[]
07-02 02:34:04.800 15938 15938 V GraphicsEnvironment: com.google.android.googlequicksearchbox is not listed in per-application setting
07-02 02:34:04.802 15938 15938 V GraphicsEnvironment: No special selections for ANGLE, returning default driver choice
07-02 02:34:04.835 15938 15938 V GraphicsEnvironment: Neither updatable production driver nor prerelease driver is supported.
07-02 02:34:04.917   493   493 I adbd    : adbd service requested 'shell,v2,raw:dumpsys package com.google.android.gms'
07-02 02:34:04.923 15938 15938 D CompatChangeReporter: Compat change id reported: 407952621; UID 10158; state: ENABLED
07-02 02:34:04.923 15938 15938 D CompatChangeReporter: Compat change id reported: 419020719; UID 10158; state: ENABLED
07-02 02:34:05.081   682   949 D ActivityManager: freezing 15008 com.google.android.apps.messaging
07-02 02:34:05.522  1999  8456 I artd    : GetBestInfo: odex next to the dex file (/data/app/~~hrTlMHUDMhrNxRakjuk8_Q==/com.google.android.gms-2DKS77VqpdsmUHp3enmjmw==/oat/arm64/base.odex) is kOatUpToDate with filter 'speed-profile' executable 'false'
07-02 02:34:05.543  1999  8456 I artd    : GetBestInfo: dm (/data/app/~~hrTlMHUDMhrNxRakjuk8_Q==/com.google.android.gms-2DKS77VqpdsmUHp3enmjmw==/split_AdsDynamite_installtime.dm) is kOatUpToDate with filter 'verify' executable 'false'
07-02 02:34:05.561  1999  2059 I artd    : GetBestInfo: odex next to the dex file (/data/app/~~hrTlMHUDMhrNxRakjuk8_Q==/com.google.android.gms-2DKS77VqpdsmUHp3enmjmw==/oat/arm64/split_CronetDynamite_installtime.odex) is kOatUpToDate with filter 'speed-profile' executable 'false'
07-02 02:34:05.579  1999  2059 I artd    : GetBestInfo: dm (/data/app/~~hrTlMHUDMhrNxRakjuk8_Q==/com.google.android.gms-2DKS77VqpdsmUHp3enmjmw==/split_DynamiteLoader_installtime.dm) is kOatUpToDate with filter 'verify' executable 'false'
07-02 02:34:05.596  1999  2059 I artd    : GetBestInfo: dm (/data/app/~~hrTlMHUDMhrNxRakjuk8_Q==/com.google.android.gms-2DKS77VqpdsmUHp3enmjmw==/split_DynamiteModulesA_installtime.dm) is kOatUpToDate with filter 'verify' executable 'false'
07-02 02:34:05.616  1999  8456 I artd    : GetBestInfo: dm (/data/app/~~hrTlMHUDMhrNxRakjuk8_Q==/com.google.android.gms-2DKS77VqpdsmUHp3enmjmw==/split_DynamiteModulesC_installtime.dm) is kOatUpToDate with filter 'verify' executable 'false'
07-02 02:34:05.619  1999  8456 I artd    : GetBestInfo: dm (/data/app/~~hrTlMHUDMhrNxRakjuk8_Q==/com.google.android.gms-2DKS77VqpdsmUHp3enmjmw==/split_GoogleCertificates_installtime.dm) is kOatUpToDate with filter 'verify' executable 'false'
07-02 02:34:05.632  1999  8456 I artd    : GetBestInfo: dm (/data/app/~~hrTlMHUDMhrNxRakjuk8_Q==/com.google.android.gms-2DKS77VqpdsmUHp3enmjmw==/split_MapsDynamite_installtime.dm) is kOatUpToDate with filter 'verify' executable 'false'
07-02 02:34:05.638  1999  8456 I artd    : GetBestInfo: dm (/data/app/~~hrTlMHUDMhrNxRakjuk8_Q==/com.google.android.gms-2DKS77VqpdsmUHp3enmjmw==/split_MeasurementDynamite_installtime.dm) is kOatUpToDate with filter 'verify' executable 'false'
07-02 02:34:05.640  1999  8456 I artd    : GetBestInfo: dm (/data/app/~~hrTlMHUDMhrNxRakjuk8_Q==/com.google.android.gms-2DKS77VqpdsmUHp3enmjmw==/split_all_locale_splits.dm) is kOatUpToDate with filter 'verify' executable 'false'
07-02 02:34:05.648  1999  8456 I artd    : GetBestInfo: /data/user_de/0/com.google.android.gms/app_chimera/m/00000012/dl-VisionOcr.optional_261934100000.apk has no usable artifacts
07-02 02:34:05.672  1999  8456 I artd    : GetBestInfo: /data/user_de/0/com.google.android.gms/app_chimera/m/00000019/dl-PlayCloudSearch.optional_261934100000.apk has no usable artifacts
07-02 02:34:05.688  1999  8456 I artd    : GetBestInfo: /data/user_de/0/com.google.android.gms/app_chimera/m/00000013/dl-IdentityCredentialsPlatform.optional_261934100400.apk has no usable artifacts
07-02 02:34:05.693  1999  8456 I artd    : GetBestInfo: /data/user_de/0/com.google.android.gms/app_chimera/m/0000000f/dl-VisionOcr.optional_261136100000.apk has no usable artifacts
07-02 02:34:05.694  1999  8456 I artd    : GetBestInfo: /data/user_de/0/com.google.android.gms/app_chimera/m/00000001/CronetDynamite.apk has no usable artifacts
07-02 02:34:05.694  1999  8456 I artd    : GetBestInfo: /data/user_de/0/com.google.android.gms/app_chimera/m/00000002/DynamiteLoader.apk has no usable artifacts
07-02 02:34:05.718  1999  8456 I artd    : GetBestInfo: /data/user_de/0/com.google.android.gms/app_chimera/m/00000005/GoogleCertificates.apk has no usable artifacts
07-02 02:34:05.719  1999  8456 I artd    : GetBestInfo: /data/user_de/0/com.google.android.gms/app_chimera/m/00000016/dl-TfliteDynamiteDynamite.integ_252130102100400.apk has no usable artifacts
07-02 02:34:05.722  1999  8456 I artd    : GetBestInfo: /data/user_de/0/com.google.android.gms/app_chimera/m/0000000c/dl-TfliteDynamiteDynamite.integ_260580502100400.apk has no usable artifacts
07-02 02:34:05.724  1999  8456 I artd    : GetBestInfo: /data/user/0/com.google.android.gms/app_dg_cache/9D5BCED7935D64431BF672B8BBD597199833CA19/the.apk has no usable artifacts
07-02 02:34:05.726  1999  8456 I artd    : GetBestInfo: /data/user_de/0/com.google.android.gms/app_chimera/m/0000000a/dl-IdentityCredentialsPlatform.optional_261136100400.apk has no usable artifacts
07-02 02:34:05.728  1999  8456 I artd    : GetBestInfo: /data/user_de/0/com.google.android.gms/app_chimera/m/00000010/dl-MlkitOcrCommon.optional_261136100400.apk has no usable artifacts
07-02 02:34:05.731  1999  8456 I artd    : GetBestInfo: vdex next to the dex file (/data/user/0/com.google.android.gms/app_dg_cache/5833371D1ACC412507A92815B074897510CCCEDD/oat/arm64/the.vdex) is kOatUpToDate with filter 'verify' executable 'false'
07-02 02:34:05.733  1999  8456 I artd    : GetBestInfo: vdex next to the dex file (/data/user/0/com.google.android.gms/app_dg_cache/10FF5D5C646CC9E2F04BD9D73A072BD012EF1A7A/oat/arm64/the.vdex) is kOatUpToDate with filter 'verify' executable 'false'
07-02 02:34:05.735  1999  8456 I artd    : GetBestInfo: /data/user_de/0/com.google.android.gms/app_chimera/m/00000017/dl-VisionBarcode.optional_261934100400.apk has no usable artifacts
07-02 02:34:05.738  1999  2059 I artd    : GetBestInfo: vdex next to the dex file (/data/user/0/com.google.android.gms/app_dg_cache/574CF0A3144EB354068F133F674AB38CCBB02976/oat/arm64/the.vdex) is kOatUpToDate with filter 'verify' executable 'false'
07-02 02:34:05.740  1999  8456 I artd    : GetBestInfo: /data/user_de/0/com.google.android.gms/app_chimera/m/0000001a/dl-MlkitOcrCommon.optional_261934100400.apk has no usable artifacts
07-02 02:34:05.743  1999  8456 I artd    : GetBestInfo: /data/user_de/0/com.google.android.gms/app_chimera/m/00000011/dl-PlayCloudSearch.optional_261136100000.apk has no usable artifacts
07-02 02:34:05.746  1999  8456 I artd    : GetBestInfo: /data/user_de/0/com.google.android.gms/app_chimera/m/0000000e/dl-MlkitBarcodeUi.optional_261136100400.apk has no usable artifacts
07-02 02:34:05.751  1999  2059 I artd    : GetBestInfo: /data/user_de/0/com.google.android.gms/app_chimera/m/00000008/dl-Appsearch.optional_261136100400.apk has no usable artifacts
07-02 02:34:05.752  1999  2059 I artd    : GetBestInfo: /data/user_de/0/com.google.android.gms/app_chimera/m/00000014/dl-Appsearch.optional_261934100400.apk has no usable artifacts
07-02 02:34:05.791  1999  2059 I artd    : GetBestInfo: /data/user_de/0/com.google.android.gms/app_chimera/m/00000018/dl-MlkitBarcodeUi.optional_261934100400.apk has no usable artifacts
