07-02 02:34:43.420  1184  1314 D RemoteTransitionHandler: Found filterPair{{types=[] flags=0x0 notFlags=0x100 checks=[{atype=home independent=true modes=[OPEN,TO_FRONT] flags=NONE mustBeTask=false order=ANY topActivity=ComponentInfo{com.google.android.apps.nexuslauncher/com.google.android.apps.nexuslauncher.NexusLauncherActivity} launchCookie=null windowingMode=undefined isCrossDisplayMove=false},{atype=standard independent=true modes=[CLOSE,TO_BACK] flags=NONE mustBeTask=false order=ANY topActivity=null launchCookie=null windowingMode=undefined isCrossDisplayMove=false},{NOT atype=undefined independent=true modes=[] flags=NONE mustBeTask=true order=ANY topActivity=null launchCookie=null customAnim=true windowingMode=undefined isCrossDisplayMove=false}]} RemoteTransition { remoteTransition = android.window.IRemoteTransition$Stub$Proxy@7dc6df9, appThread = android.app.IApplicationThread$Stub$Proxy@9f2e13e, debugName = QuickstepLaunchHome, filter = {types=[] flags=0x0 notFlags=0x100 checks=[{atype=home independent=true modes=[OPEN,TO_FRONT] flags=NONE mustBeTask=false order=ANY topActivity=ComponentInfo{com.google.android.apps.nexuslauncher/com.google.android.apps.nexuslauncher.NexusLauncherActivity} launchCookie=null windowingMode=undefined isCrossDisplayMove=false},{atype=standard independent=true modes=[CLOSE,TO_BACK] flags=NONE mustBeTask=false order=ANY topActivity=null launchCookie=null windowingMode=undefined isCrossDisplayMove=false},{NOT atype=undefined independent=true modes=[] flags=NONE mustBeTask=true order=ANY topActivity=null launchCookie=null customAnim=true windowingMode=undefined isCrossDisplayMove=false}]} }}
07-02 02:34:43.424  1184  1314 V WindowManagerShell:  Delegate animation for (#31) to RemoteTransition { remoteTransition = android.window.IRemoteTransition$Stub$Proxy@7dc6df9, appThread = android.app.IApplicationThread$Stub$Proxy@9f2e13e, debugName = QuickstepLaunchHome, filter = {types=[] flags=0x0 notFlags=0x100 checks=[{atype=home independent=true modes=[OPEN,TO_FRONT] flags=NONE mustBeTask=false order=ANY topActivity=ComponentInfo{com.google.android.apps.nexuslauncher/com.google.android.apps.nexuslauncher.NexusLauncherActivity} launchCookie=null windowingMode=undefined isCrossDisplayMove=false},{atype=standard independent=true modes=[CLOSE,TO_BACK] flags=NONE mustBeTask=false order=ANY topActivity=null launchCookie=null windowingMode=undefined isCrossDisplayMove=false},{NOT atype=undefined independent=true modes=[] flags=NONE mustBeTask=true order=ANY topActivity=null launchCookie=null customAnim=true windowingMode=undefined isCrossDisplayMove=false}]} }
07-02 02:34:43.485   682  2077 W ActivityTaskManager: setRunningRemoteTransition: no process for null
07-02 02:34:43.485  1184  1314 V WindowManagerShell:  animated by com.android.wm.shell.transition.RemoteTransitionHandler@78ef20
07-02 02:34:43.803   682  1721 E SurfaceSyncGroup: Failed to receive transaction ready in 1000ms. Marking SurfaceSyncGroup(wmsSync-VRI[myapplication]#12) as ready
07-02 02:34:43.806   682  1721 E SurfaceSyncGroup: Failed to receive transaction ready in 1000ms. Marking SurfaceSyncGroup(VRI[myapplication]#13) as ready
07-02 02:34:43.855 14750 14750 D LauncherStateManager: StateManager.createAtomicAnimation: fromState: Normal, toState: Normal, partial trace:
07-02 02:34:43.855 14750 14750 D LauncherStateManager: 	at com.android.quickstep.util.ScalingWorkspaceRevealAnim.<init>(go/retraceme 4b96215a9d9b4c1494121442fbf9d6e89857c91e1d76ddcc689701971259418a:60)
07-02 02:34:43.855 14750 14750 D LauncherStateManager: 	at com.android.launcher3.QuickstepTransitionManager.createWallpaperOpenAnimations(go/retraceme 4b96215a9d9b4c1494121442fbf9d6e89857c91e1d76ddcc689701971259418a:622)
07-02 02:34:43.855 14750 14750 D LauncherStateManager: 	at com.android.launcher3.QuickstepTransitionManager$WallpaperOpenLauncherAnimationRunner.onAnimationStart(go/retraceme 4b96215a9d9b4c1494121442fbf9d6e89857c91e1d76ddcc689701971259418a:135)
07-02 02:34:43.881  4878  5108 D SatelliteController: isInCarrierRoamingNbIotNtn: satellite is disabled
07-02 02:34:43.885  4878  5108 D SatelliteController: getCarrierRoamingNtnConnectType: Checking connect type from PLMN config for subId: 1
07-02 02:34:43.885  4878  5108 D TelephonyConfigUpdateInstallReceiver: getConfigParser: domain=satellite
07-02 02:34:43.885  4878  5108 V SatelliteController: satelliteConfigParser is not ready
07-02 02:34:43.885  4878  5108 D SatelliteController: isSatelliteAttachSupportedViaConfigupdater: return null (satelliteConfig is null)
07-02 02:34:43.886  4878  5108 D SatelliteController: getSatellitePerPlmnConfiguration: invalid subId or not supported via carrier.
07-02 02:34:43.886  4878  5108 D SatelliteController: getCarrierRoamingNtnConnectType: config: null
07-02 02:34:43.886  4878  5108 D TelephonyConfigUpdateInstallReceiver: getConfigParser: domain=satellite
07-02 02:34:43.886  4878  5108 V SatelliteController: satelliteConfigParser is not ready
07-02 02:34:43.886  4878  5108 D SatelliteController: getCarrierRoamingNtnConnectTypeViaConfigUpdater: return null (satelliteConfig is null)
07-02 02:34:43.886  4878  5108 D SatelliteController: getCarrierRoamingNtnConnectType: Falling back to global carrier config connect type: 0
07-02 02:34:43.886  4878  5108 D TelephonyConfigUpdateInstallReceiver: getConfigParser: domain=satellite
07-02 02:34:43.886  4878  5108 V SatelliteController: satelliteConfigParser is not ready
07-02 02:34:43.886  4878  5108 D SatelliteController: isSatelliteAttachSupportedViaConfigupdater: return null (satelliteConfig is null)
07-02 02:34:43.886  4878  5108 D SatelliteController: getCarrierRoamingNtnConnectType: Checking connect type from PLMN config for subId: 1
07-02 02:34:43.886  4878  5108 D TelephonyConfigUpdateInstallReceiver: getConfigParser: domain=satellite
07-02 02:34:43.886  4878  5108 V SatelliteController: satelliteConfigParser is not ready
07-02 02:34:43.886  4878  5108 D SatelliteController: isSatelliteAttachSupportedViaConfigupdater: return null (satelliteConfig is null)
07-02 02:34:43.887  4878  5108 D SatelliteController: getSatellitePerPlmnConfiguration: invalid subId or not supported via carrier.
07-02 02:34:43.887  4878  5108 D SatelliteController: getCarrierRoamingNtnConnectType: config: null
07-02 02:34:43.887  4878  5108 D TelephonyConfigUpdateInstallReceiver: getConfigParser: domain=satellite
07-02 02:34:43.887  4878  5108 V SatelliteController: satelliteConfigParser is not ready
07-02 02:34:43.887  4878  5108 D SatelliteController: getCarrierRoamingNtnConnectTypeViaConfigUpdater: return null (satelliteConfig is null)
07-02 02:34:43.908 14750 14750 D AllAppsTransitionController: shouldProtectHeader: false skipScrim: true state: Normal stateManager.getState(): Normal
07-02 02:34:43.908 14750 14750 D KeyboardInsetsHandler: removePendingImeController: pendingImeController=null
07-02 02:34:43.930  4878  5108 D SatelliteController: getCarrierRoamingNtnConnectType: Falling back to global carrier config connect type: 0
07-02 02:34:43.930  4878  5108 D TelephonyConfigUpdateInstallReceiver: getConfigParser: domain=satellite
07-02 02:34:43.930 14750 14750 V BaseDepthController: Applying blur: 0 to Surface(name=VRI-com.google.android.apps.nexuslauncher/com.google.android.apps.nexuslauncher.NexusLauncherActivity#327)/@0x3ecac94 applyImmediately: false
07-02 02:34:43.930  4878  5108 V SatelliteController: satelliteConfigParser is not ready
07-02 02:34:43.930  4878  5108 D SatelliteController: isSatelliteAttachSupportedViaConfigupdater: return null (satelliteConfig is null)
07-02 02:34:43.930 14750 14750 D BaseDepthController: shouldBlurWorkspace: false targetState: Normal currentStableState: Normal mCurrentBlur: 0 mLauncher.getDepthBlurTargets(): [com.android.launcher3.Workspace{6d2c33d V.ED..... ......ID 0,0-1080,2400 #7f0a0486 app:id/workspace}, com.android.launcher3.Hotseat{d67e732 V.ED..... ........ 0,1905-1080,2400 #7f0a01f6 app:id/hotseat}]
07-02 02:34:43.930 14750 14750 V BaseDepthController: Applying blur: 0 to Surface(name=VRI-com.google.android.apps.nexuslauncher/com.google.android.apps.nexuslauncher.NexusLauncherActivity#327)/@0x3ecac94 applyImmediately: false
07-02 02:34:43.930 14750 14750 D BaseDepthController: shouldBlurWorkspace: false targetState: Normal currentStableState: Normal mCurrentBlur: 0 mLauncher.getDepthBlurTargets(): [com.android.launcher3.Workspace{6d2c33d V.ED..... ......ID 0,0-1080,2400 #7f0a0486 app:id/workspace}, com.android.launcher3.Hotseat{d67e732 V.ED..... ........ 0,1905-1080,2400 #7f0a01f6 app:id/hotseat}]
07-02 02:34:43.965 14750 14750 D LauncherStateManager: StateManager.cancelAnimation: animation ongoing: false, partial trace:
07-02 02:34:43.965 14750 14750 D LauncherStateManager: 	at com.android.launcher3.statemanager.StateManager.setCurrentAnimation(go/retraceme 4b96215a9d9b4c1494121442fbf9d6e89857c91e1d76ddcc689701971259418a:59)
07-02 02:34:43.965 14750 14750 D LauncherStateManager: 	at com.android.launcher3.QuickstepTransitionManager.createWallpaperOpenAnimations(go/retraceme 4b96215a9d9b4c1494121442fbf9d6e89857c91e1d76ddcc689701971259418a:734)
07-02 02:34:43.965 14750 14750 D LauncherStateManager: 	at com.android.launcher3.QuickstepTransitionManager$WallpaperOpenLauncherAnimationRunner.onAnimationStart(go/retraceme 4b96215a9d9b4c1494121442fbf9d6e89857c91e1d76ddcc689701971259418a:135)
07-02 02:34:43.966 14750 14750 D b/311077782: LauncherAnimationRunner.setAnimation
07-02 02:34:43.966 14750 14750 V BaseDepthController: Applying blur: 0 to Surface(name=VRI-com.google.android.apps.nexuslauncher/com.google.android.apps.nexuslauncher.NexusLauncherActivity#327)/@0x3ecac94 applyImmediately: false
07-02 02:34:43.966 14750 14750 D BaseDepthController: shouldBlurWorkspace: false targetState: Normal currentStableState: Normal mCurrentBlur: 0 mLauncher.getDepthBlurTargets(): [com.android.launcher3.Workspace{6d2c33d V.ED..... ......ID 0,0-1080,2400 #7f0a0486 app:id/workspace}, com.android.launcher3.Hotseat{d67e732 V.ED..... ......ID 0,1905-1080,2400 #7f0a01f6 app:id/hotseat}]
07-02 02:34:43.967 14750 14750 V BaseDepthController: Applying blur: 0 to Surface(name=VRI-com.google.android.apps.nexuslauncher/com.google.android.apps.nexuslauncher.NexusLauncherActivity#327)/@0x3ecac94 applyImmediately: false
07-02 02:34:43.967 14750 14750 D BaseDepthController: shouldBlurWorkspace: false targetState: Normal currentStableState: Normal mCurrentBlur: 0 mLauncher.getDepthBlurTargets(): [com.android.launcher3.Workspace{6d2c33d V.ED..... ......ID 0,0-1080,2400 #7f0a0486 app:id/workspace}, com.android.launcher3.Hotseat{d67e732 V.ED..... ......ID 0,1905-1080,2400 #7f0a01f6 app:id/hotseat}]
07-02 02:34:44.008 14750 14750 V BaseDepthController: Applying blur: 0 to Surface(name=VRI-com.google.android.apps.nexuslauncher/com.google.android.apps.nexuslauncher.NexusLauncherActivity#327)/@0x3ecac94 applyImmediately: false
07-02 02:34:44.008 14750 14750 D BaseDepthController: shouldBlurWorkspace: false targetState: Normal currentStableState: Normal mCurrentBlur: 0 mLauncher.getDepthBlurTargets(): [com.android.launcher3.Workspace{6d2c33d V.ED..... ......ID 0,0-1080,2400 #7f0a0486 app:id/workspace}, com.android.launcher3.Hotseat{d67e732 V.ED..... ......ID 0,1905-1080,2400 #7f0a01f6 app:id/hotseat}]
07-02 02:34:44.009 14750 14750 V BaseDepthController: Applying blur: 0 to Surface(name=VRI-com.google.android.apps.nexuslauncher/com.google.android.apps.nexuslauncher.NexusLauncherActivity#327)/@0x3ecac94 applyImmediately: false
07-02 02:34:44.009 14750 14750 D BaseDepthController: shouldBlurWorkspace: false targetState: Normal currentStableState: Normal mCurrentBlur: 0 mLauncher.getDepthBlurTargets(): [com.android.launcher3.Workspace{6d2c33d V.ED..... ......ID 0,0-1080,2400 #7f0a0486 app:id/workspace}, com.android.launcher3.Hotseat{d67e732 V.ED..... ......ID 0,1905-1080,2400 #7f0a01f6 app:id/hotseat}]
07-02 02:34:44.009 14750 14750 V BaseDepthController: Applying blur: 0 to Surface(name=VRI-com.google.android.apps.nexuslauncher/com.google.android.apps.nexuslauncher.NexusLauncherActivity#327)/@0x3ecac94 applyImmediately: false
07-02 02:34:44.009 14750 14750 D BaseDepthController: shouldBlurWorkspace: false targetState: Normal currentStableState: Normal mCurrentBlur: 0 mLauncher.getDepthBlurTargets(): [com.android.launcher3.Workspace{6d2c33d V.ED..... ......ID 0,0-1080,2400 #7f0a0486 app:id/workspace}, com.android.launcher3.Hotseat{d67e732 V.ED..... ......ID 0,1905-1080,2400 #7f0a01f6 app:id/hotseat}]
07-02 02:34:44.066 14750 14750 V BaseDepthController: Applying blur: 0 to Surface(name=VRI-com.google.android.apps.nexuslauncher/com.google.android.apps.nexuslauncher.NexusLauncherActivity#327)/@0x3ecac94 applyImmediately: false
07-02 02:34:44.066 14750 14750 D BaseDepthController: shouldBlurWorkspace: false targetState: Normal currentStableState: Normal mCurrentBlur: 0 mLauncher.getDepthBlurTargets(): [com.android.launcher3.Workspace{6d2c33d V.ED..... ........ 0,0-1080,2400 #7f0a0486 app:id/workspace}, com.android.launcher3.Hotseat{d67e732 V.ED..... ........ 0,1905-1080,2400 #7f0a01f6 app:id/hotseat}]
07-02 02:34:44.246   682   729 W Looper  : Slow dispatch took 1671ms android.ui app=system_server main=false group=TOP_APP h=android.view.Choreographer$FrameHandler c=android.view.Choreographer$FrameDisplayEventReceiver@7adf584 m=0
07-02 02:34:44.248   682   729 I Choreographer: Skipped 98 frames!  The application may be doing too much work on its main thread.
07-02 02:34:44.312   682   941 W JobScheduler.JobStatus: Exempted app com.google.android.settings.intelligence considered buggy
07-02 02:34:44.312   682   941 W JobScheduler.JobStatus: Exempted app com.google.android.settings.intelligence considered buggy
07-02 02:34:44.312   682   941 W JobScheduler.JobStatus: Exempted app com.google.android.settings.intelligence considered buggy
07-02 02:34:44.312   682   941 W JobScheduler.JobStatus: Exempted app com.google.android.settings.intelligence considered buggy
07-02 02:34:44.332   682  1541 I HWUI    : Davey! duration=1939ms; Flags=1, FrameTimelineVsyncId=80596, IntendedVsync=12364207289711, Vsync=12364523956346, InputEventId=0, HandleInputStart=12364525760724, AnimationStart=12364525779599, PerformTraversalsStart=12364525780849, DrawStart=12364985928099, FrameDeadline=12364223956377, FrameStartTime=12364525450599, FrameInterval=16666665, WorkloadTarget=16666666, AnimationTime=12364523956346, SyncQueued=12364989757808, SyncStart=12365081926724, IssueDrawCommandsStart=12365082294641, SwapBuffers=12366072498683, FrameCompleted=12366239092892, DequeueBufferDuration=5041, QueueBufferDuration=33253583, GpuCompleted=12366239092892, SwapBuffersCompleted=12366179680642, DisplayPresentTime=-5476253475378789688, CommandSubmissionCompleted=12366072498683, 
07-02 02:34:44.519   682   949 D ActivityManager: freezing 10824 com.google.android.gms
07-02 02:34:44.586   682  1146 I HWUI    : Davey! duration=1756ms; Flags=0, FrameTimelineVsyncId=80685, IntendedVsync=12364557276060, Vsync=12366190609230, InputEventId=0, HandleInputStart=12366199040392, AnimationStart=12366199044308, PerformTraversalsStart=12366199328975, DrawStart=12366201841808, FrameDeadline=12366257289507, FrameStartTime=12366198854517, FrameInterval=16666665, WorkloadTarget=16666666, AnimationTime=12366190609230, SyncQueued=12366217369183, SyncStart=12366217425433, IssueDrawCommandsStart=12366235657100, SwapBuffers=12366284948558, FrameCompleted=12366313332433, DequeueBufferDuration=8292, QueueBufferDuration=27167375, GpuCompleted=12366313240725, SwapBuffersCompleted=12366313332433, DisplayPresentTime=0, CommandSubmissionCompleted=12366284948558, 
07-02 02:34:44.757 14750 14750 I Choreographer: Skipped 41 frames!  The application may be doing too much work on its main thread.
07-02 02:34:44.768   682   729 W Looper  : Drained
07-02 02:34:44.776   448   602 I RanchuHwc: logCompositionFallbackIfChanged: layer 68 CompositionType fallback from 2 to 1
07-02 02:34:44.777   448   602 I RanchuHwc: logCompositionFallbackIfChanged: layer 66 CompositionType fallback from 2 to 1
07-02 02:34:44.777   448   602 I RanchuHwc: logCompositionFallbackIfChanged: layer 67 CompositionType fallback from 2 to 1
07-02 02:34:44.795 14750 14750 V BaseDepthController: Applying blur: 0 to Surface(name=VRI-com.google.android.apps.nexuslauncher/com.google.android.apps.nexuslauncher.NexusLauncherActivity#327)/@0x3ecac94 applyImmediately: false
07-02 02:34:44.795 14750 14750 D BaseDepthController: setEarlyWakeup: true
07-02 02:34:44.795 14750 14750 D BaseDepthController: shouldBlurWorkspace: false targetState: Normal currentStableState: Normal mCurrentBlur: 0 mLauncher.getDepthBlurTargets(): [com.android.launcher3.Workspace{6d2c33d V.ED..... ........ 0,0-1080,2400 #7f0a0486 app:id/workspace}, com.android.launcher3.Hotseat{d67e732 V.ED..... .......D 0,1905-1080,2400 #7f0a01f6 app:id/hotseat}]
07-02 02:34:44.798   491   589 W skia    : AGTM parsing failed flags.readFromStream(s) at 159
07-02 02:34:44.798   491   589 W skia    : AGTM parsing failed flags.readFromStream(s) at 159
07-02 02:34:44.798   491   589 W skia    : AGTM parsing failed flags.readFromStream(s) at 159
07-02 02:34:44.798   491   589 W skia    : AGTM parsing failed flags.readFromStream(s) at 159
07-02 02:34:44.799   491   589 W skia    : AGTM parsing failed flags.readFromStream(s) at 159
07-02 02:34:44.799   491   589 W skia    : AGTM parsing failed flags.readFromStream(s) at 159
07-02 02:34:44.799   491   589 W skia    : AGTM parsing failed flags.readFromStream(s) at 159
07-02 02:34:44.799   491   589 W skia    : AGTM parsing failed flags.readFromStream(s) at 159
07-02 02:34:44.799 14750 14754 I s.nexuslauncher: NativeAlloc concurrent mark compact GC freed 1300KB AllocSpace bytes, 12(768KB) LOS objects, 49% free, 5483KB/10MB, paused 262us,2.260ms total 1.212s
07-02 02:34:44.886 14750 14756 W System  : A resource failed to call release. 
07-02 02:34:44.886 14750 14756 W System  : A resource failed to call release. 
07-02 02:34:44.886 14750 14756 W System  : A resource failed to call release. 
07-02 02:34:44.894   493   493 I adbd    : adbd service requested 'shell,v2,raw:dumpsys package com.google.android.gms'
07-02 02:34:45.010   448   602 I RanchuHwc: logCompositionFallbackIfChanged: layer 69 CompositionType fallback from 3 to 1
07-02 02:34:45.016   491   589 W skia    : AGTM parsing failed flags.readFromStream(s) at 159
07-02 02:34:45.016   491   589 W skia    : AGTM parsing failed flags.readFromStream(s) at 159
07-02 02:34:45.017   491   589 W skia    : AGTM parsing failed flags.readFromStream(s) at 159
07-02 02:34:45.018   491   589 W skia    : AGTM parsing failed flags.readFromStream(s) at 159
07-02 02:34:45.018   491   589 W skia    : AGTM parsing failed flags.readFromStream(s) at 159
07-02 02:34:45.018   491   589 W skia    : AGTM parsing failed flags.readFromStream(s) at 159
07-02 02:34:45.018   491   589 W skia    : AGTM parsing failed flags.readFromStream(s) at 159
07-02 02:34:45.018   491   589 W skia    : AGTM parsing failed flags.readFromStream(s) at 159
07-02 02:34:45.019 14750 15324 I HWUI    : Davey! duration=931ms; Flags=0, FrameTimelineVsyncId=80814, IntendedVsync=12365790622111, Vsync=12365957288771, InputEventId=0, HandleInputStart=12365961838600, AnimationStart=12365961847017, PerformTraversalsStart=12365963429975, DrawStart=12365964861433, FrameDeadline=12365807288777, FrameStartTime=12365961148350, FrameInterval=16666666, WorkloadTarget=16666666, AnimationTime=12365957288771, SyncQueued=12366012688308, SyncStart=12366013600892, IssueDrawCommandsStart=12366013990975, SwapBuffers=12366585408850, FrameCompleted=12366723228059, DequeueBufferDuration=6209, QueueBufferDuration=63333667, GpuCompleted=12366723228059, SwapBuffersCompleted=12366686177975, DisplayPresentTime=3474628542655, CommandSubmissionCompleted=12366585408850, 
07-02 02:34:45.084   491   589 W skia    : AGTM parsing failed flags.readFromStream(s) at 159
07-02 02:34:45.085   491   589 W skia    : AGTM parsing failed flags.readFromStream(s) at 159
07-02 02:34:45.085   491   589 W skia    : AGTM parsing failed flags.readFromStream(s) at 159
07-02 02:34:45.085   491   589 W skia    : AGTM parsing failed flags.readFromStream(s) at 159
07-02 02:34:45.085   491   589 W skia    : AGTM parsing failed flags.readFromStream(s) at 159
07-02 02:34:45.085   491   589 W skia    : AGTM parsing failed flags.readFromStream(s) at 159
07-02 02:34:45.085   491   589 W skia    : AGTM parsing failed flags.readFromStream(s) at 159
07-02 02:34:45.085   491   589 W skia    : AGTM parsing failed flags.readFromStream(s) at 159
07-02 02:34:45.128 14750 14750 V BaseDepthController: Applying blur: 0 to Surface(name=VRI-com.google.android.apps.nexuslauncher/com.google.android.apps.nexuslauncher.NexusLauncherActivity#327)/@0x3ecac94 applyImmediately: false
07-02 02:34:45.128 14750 14750 D BaseDepthController: setEarlyWakeup: false
07-02 02:34:45.128 14750 14750 D BaseDepthController: shouldBlurWorkspace: false targetState: Normal currentStableState: Normal mCurrentBlur: 0 mLauncher.getDepthBlurTargets(): [com.android.launcher3.Workspace{6d2c33d V.ED..... ........ 0,0-1080,2400 #7f0a0486 app:id/workspace}, com.android.launcher3.Hotseat{d67e732 V.ED..... ........ 0,1905-1080,2400 #7f0a01f6 app:id/hotseat}]
07-02 02:34:45.128 14750 14750 D ScalingWorkspaceRevealAnim: onAnimationEnd, workspace and hotseat are visible
07-02 02:34:45.128 14750 14750 V BaseDepthController: Applying blur: 0 to Surface(name=VRI-com.google.android.apps.nexuslauncher/com.google.android.apps.nexuslauncher.NexusLauncherActivity#327)/@0x3ecac94 applyImmediately: false
07-02 02:34:45.128 14750 14750 D BaseDepthController: shouldBlurWorkspace: false targetState: Normal currentStableState: Normal mCurrentBlur: 0 mLauncher.getDepthBlurTargets(): [com.android.launcher3.Workspace{6d2c33d V.ED..... ......ID 0,0-1080,2400 #7f0a0486 app:id/workspace}, com.android.launcher3.Hotseat{d67e732 V.ED..... ......ID 0,1905-1080,2400 #7f0a01f6 app:id/hotseat}]
07-02 02:34:45.148   491   589 W skia    : AGTM parsing failed flags.readFromStream(s) at 159
07-02 02:34:45.149   491   589 W skia    : AGTM parsing failed flags.readFromStream(s) at 159
07-02 02:34:45.149   491   589 W skia    : AGTM parsing failed flags.readFromStream(s) at 159
07-02 02:34:45.149   491   589 W skia    : AGTM parsing failed flags.readFromStream(s) at 159
07-02 02:34:45.149   491   589 W skia    : AGTM parsing failed flags.readFromStream(s) at 159
07-02 02:34:45.149   491   589 W skia    : AGTM parsing failed flags.readFromStream(s) at 159
07-02 02:34:45.149   491   589 W skia    : AGTM parsing failed flags.readFromStream(s) at 159
07-02 02:34:45.149   491   589 W skia    : AGTM parsing failed flags.readFromStream(s) at 159
07-02 02:34:45.212  1184  1199 V WindowManagerShell: Received remote transition finished callback for (#31)
07-02 02:34:45.247   491   589 W skia    : AGTM parsing failed flags.readFromStream(s) at 159
07-02 02:34:45.247   491   589 W skia    : AGTM parsing failed flags.readFromStream(s) at 159
07-02 02:34:45.249  1184  1314 V WindowManagerShell: Transition animation finished (aborted=false), notifying core (#31) android.os.BinderProxy@e7d12cd@0
07-02 02:34:45.266   491   589 W skia    : AGTM parsing failed flags.readFromStream(s) at 159
07-02 02:34:45.266   491   589 W skia    : AGTM parsing failed flags.readFromStream(s) at 159
07-02 02:34:45.266   491   589 W skia    : AGTM parsing failed flags.readFromStream(s) at 159
07-02 02:34:45.266   491   589 W skia    : AGTM parsing failed flags.readFromStream(s) at 159
07-02 02:34:45.266   491   589 W skia    : AGTM parsing failed flags.readFromStream(s) at 159
07-02 02:34:45.266   491   589 W skia    : AGTM parsing failed flags.readFromStream(s) at 159
07-02 02:34:45.266   491   589 W skia    : AGTM parsing failed flags.readFromStream(s) at 159
07-02 02:34:45.266   491   589 W skia    : AGTM parsing failed flags.readFromStream(s) at 159
07-02 02:34:45.299   682   728 V WindowManager: Finish Transition (#31): created at 07-02 02:34:41.480 collect-started=3.107ms request-sent=108.566ms started=503.639ms ready=708.634ms sent=1635.436ms commit=772.062ms finished=3791.539ms
07-02 02:34:45.367  1184  1314 V WindowManagerShell: Track 0 became idle
07-02 02:34:45.368  1184  1314 V WindowManagerShell: All active transition animations finished
07-02 02:34:45.445   682   731 W ProcessStats: Tracking association SourceState{e410df9 system/1000 BFgs #6754} whose proc state 4 is better than process ProcessState{de91514 com.google.android.ext.services/10215 pkg=com.google.android.ext.services} proc state 14 (5 skipped)
07-02 02:34:45.551   682   729 W Looper  : Slow dispatch took 351ms android.ui app=system_server main=false group=TOP_APP h=android.view.Choreographer$FrameHandler c=android.view.Choreographer$FrameDisplayEventReceiver@7adf584 m=0
07-02 02:34:45.598   491   589 W skia    : AGTM parsing failed flags.readFromStream(s) at 159
07-02 02:34:45.598   491   589 W skia    : AGTM parsing failed flags.readFromStream(s) at 159
07-02 02:34:45.760   682  1026 I HalDevMgr: bestIfaceCreationProposal is null, requestIface=STA, existingIface=[name=wlan0 type=STA]
07-02 02:34:45.801 14750 14760 I HWUI    : Davey! duration=1346ms; Flags=0, FrameTimelineVsyncId=80877, IntendedVsync=12366023946705, Vsync=12366707280011, InputEventId=0, HandleInputStart=12366745360809, AnimationStart=12366745364642, PerformTraversalsStart=12366801999517, DrawStart=12366802202309, FrameDeadline=12366990618831, FrameStartTime=12366707789559, FrameInterval=16666666, WorkloadTarget=16666666, AnimationTime=12366707280011, SyncQueued=12366802769350, SyncStart=12366969397809, IssueDrawCommandsStart=12366970476767, SwapBuffers=12367290886767, FrameCompleted=12367536724434, DequeueBufferDuration=2709, QueueBufferDuration=1763458, GpuCompleted=12367536724434, SwapBuffersCompleted=12367373400309, DisplayPresentTime=906238099649, CommandSubmissionCompleted=12367290886767, 
07-02 02:34:45.801   682   729 W Looper  : Slow delivery took 329ms android.ui app=system_server main=false group=TOP_APP h=android.view.Choreographer$FrameHandler c=android.view.Choreographer$FrameDisplayEventReceiver@7adf584 m=0
07-02 02:34:45.833   682   729 W Looper  : Slow dispatch took 245ms android.ui app=system_server main=false group=TOP_APP h=android.view.Choreographer$FrameHandler c=android.view.Choreographer$FrameDisplayEventReceiver@7adf584 m=0
07-02 02:34:45.924   491   589 W skia    : AGTM parsing failed flags.readFromStream(s) at 159
07-02 02:34:45.924   491   589 W skia    : AGTM parsing failed flags.readFromStream(s) at 159
07-02 02:34:46.271   491   589 W skia    : AGTM parsing failed flags.readFromStream(s) at 159
07-02 02:34:46.271   491   589 W skia    : AGTM parsing failed flags.readFromStream(s) at 159
07-02 02:34:46.280   682  1140 I Surface : Creating surface for consumer unnamed-682-10 with slotExpansion=1 for 64 slots
07-02 02:34:46.280   682  1140 I Surface : Creating surface for consumer ImageReader-864x1920f1m1-682-3 with slotExpansion=1 for 64 slots
07-02 02:34:46.280   682  1140 W ImageReader_JNI: Unable to acquire a buffer item, very likely client tried to acquire more than maxImages buffers
07-02 02:34:46.316 14750 14760 I HWUI    : Davey! duration=796ms; Flags=0, FrameTimelineVsyncId=81132, IntendedVsync=12366990607791, Vsync=12367407274441, InputEventId=0, HandleInputStart=12367430630184, AnimationStart=12367430646976, PerformTraversalsStart=12367431629601, DrawStart=12367487600934, FrameDeadline=12367773941093, FrameStartTime=12367407822517, FrameInterval=16666666, WorkloadTarget=16666666, AnimationTime=12367407274441, SyncQueued=12367489117392, SyncStart=12367758692809, IssueDrawCommandsStart=12367759027351, SwapBuffers=12367971241976, FrameCompleted=12368057140268, DequeueBufferDuration=2125, QueueBufferDuration=89084, GpuCompleted=12368057140268, SwapBuffersCompleted=12368020684101, DisplayPresentTime=923417968642, CommandSubmissionCompleted=12367971241976, 
07-02 02:34:46.351  1279  1514 D IpClient/wlan0: interfaceLinkStateChanged: ifindex 16 up
07-02 02:34:46.365  1279  1514 D IpClient/wlan0: interfaceLinkStateChanged: ifindex 16 up
07-02 02:34:46.365  1279  1514 D IpClient/wlan0: interfaceLinkStateChanged: ifindex 16 up
07-02 02:34:46.365  1279  1514 D IpClient/wlan0: interfaceLinkStateChanged: ifindex 16 up
07-02 02:34:46.467   682  1140 E ConsumerBase: [ImageReader-864x1920f1m1-682-3] abandonLocked: ConsumerBase is abandoned!
07-02 02:34:46.468  1999  1999 I artd    : GetBestInfo: odex next to the dex file (/data/app/~~hrTlMHUDMhrNxRakjuk8_Q==/com.google.android.gms-2DKS77VqpdsmUHp3enmjmw==/oat/arm64/base.odex) is kOatUpToDate with filter 'speed-profile' executable 'false'
07-02 02:34:46.470  1999  2144 I artd    : GetBestInfo: dm (/data/app/~~hrTlMHUDMhrNxRakjuk8_Q==/com.google.android.gms-2DKS77VqpdsmUHp3enmjmw==/split_AdsDynamite_installtime.dm) is kOatUpToDate with filter 'verify' executable 'false'
07-02 02:34:46.471  1999  8456 I artd    : GetBestInfo: odex next to the dex file (/data/app/~~hrTlMHUDMhrNxRakjuk8_Q==/com.google.android.gms-2DKS77VqpdsmUHp3enmjmw==/oat/arm64/split_CronetDynamite_installtime.odex) is kOatUpToDate with filter 'speed-profile' executable 'false'
07-02 02:34:46.500  1999  2059 I artd    : GetBestInfo: dm (/data/app/~~hrTlMHUDMhrNxRakjuk8_Q==/com.google.android.gms-2DKS77VqpdsmUHp3enmjmw==/split_DynamiteLoader_installtime.dm) is kOatUpToDate with filter 'verify' executable 'false'
07-02 02:34:46.592  1999  2059 I artd    : GetBestInfo: dm (/data/app/~~hrTlMHUDMhrNxRakjuk8_Q==/com.google.android.gms-2DKS77VqpdsmUHp3enmjmw==/split_DynamiteModulesA_installtime.dm) is kOatUpToDate with filter 'verify' executable 'false'
07-02 02:34:46.624  1999  2059 I artd    : GetBestInfo: dm (/data/app/~~hrTlMHUDMhrNxRakjuk8_Q==/com.google.android.gms-2DKS77VqpdsmUHp3enmjmw==/split_DynamiteModulesC_installtime.dm) is kOatUpToDate with filter 'verify' executable 'false'
07-02 02:34:46.672  1999  2059 I artd    : GetBestInfo: dm (/data/app/~~hrTlMHUDMhrNxRakjuk8_Q==/com.google.android.gms-2DKS77VqpdsmUHp3enmjmw==/split_GoogleCertificates_installtime.dm) is kOatUpToDate with filter 'verify' executable 'false'
07-02 02:34:46.681  1999  1999 I artd    : GetBestInfo: dm (/data/app/~~hrTlMHUDMhrNxRakjuk8_Q==/com.google.android.gms-2DKS77VqpdsmUHp3enmjmw==/split_MapsDynamite_installtime.dm) is kOatUpToDate with filter 'verify' executable 'false'
07-02 02:34:46.776  1999  1999 I artd    : GetBestInfo: dm (/data/app/~~hrTlMHUDMhrNxRakjuk8_Q==/com.google.android.gms-2DKS77VqpdsmUHp3enmjmw==/split_MeasurementDynamite_installtime.dm) is kOatUpToDate with filter 'verify' executable 'false'
07-02 02:34:46.842   491   589 W skia    : AGTM parsing failed flags.readFromStream(s) at 159
07-02 02:34:46.842   491   589 W skia    : AGTM parsing failed flags.readFromStream(s) at 159
07-02 02:34:46.843  1999  2059 I artd    : GetBestInfo: dm (/data/app/~~hrTlMHUDMhrNxRakjuk8_Q==/com.google.android.gms-2DKS77VqpdsmUHp3enmjmw==/split_all_locale_splits.dm) is kOatUpToDate with filter 'verify' executable 'false'
07-02 02:34:46.844  1999  2059 I artd    : GetBestInfo: /data/user_de/0/com.google.android.gms/app_chimera/m/00000012/dl-VisionOcr.optional_261934100000.apk has no usable artifacts
07-02 02:34:46.845  1999  2059 I artd    : GetBestInfo: /data/user_de/0/com.google.android.gms/app_chimera/m/00000019/dl-PlayCloudSearch.optional_261934100000.apk has no usable artifacts
07-02 02:34:46.887  1999  1999 I artd    : GetBestInfo: /data/user_de/0/com.google.android.gms/app_chimera/m/00000013/dl-IdentityCredentialsPlatform.optional_261934100400.apk has no usable artifacts
07-02 02:34:46.893  1999  1999 I artd    : GetBestInfo: /data/user_de/0/com.google.android.gms/app_chimera/m/0000000f/dl-VisionOcr.optional_261136100000.apk has no usable artifacts
07-02 02:34:46.893  1999  2144 I artd    : GetBestInfo: /data/user_de/0/com.google.android.gms/app_chimera/m/00000001/CronetDynamite.apk has no usable artifacts
07-02 02:34:46.893  1999  2144 I artd    : GetBestInfo: /data/user_de/0/com.google.android.gms/app_chimera/m/00000002/DynamiteLoader.apk has no usable artifacts
07-02 02:34:46.893  1999  2144 I artd    : GetBestInfo: /data/user_de/0/com.google.android.gms/app_chimera/m/00000005/GoogleCertificates.apk has no usable artifacts
07-02 02:34:46.894  1999  2144 I artd    : GetBestInfo: /data/user_de/0/com.google.android.gms/app_chimera/m/00000016/dl-TfliteDynamiteDynamite.integ_252130102100400.apk has no usable artifacts
07-02 02:34:46.902  1999  8456 I artd    : GetBestInfo: /data/user_de/0/com.google.android.gms/app_chimera/m/0000000c/dl-TfliteDynamiteDynamite.integ_260580502100400.apk has no usable artifacts
07-02 02:34:46.905   682   958 W InputDispatcher: Window ab5f5e9 com.example.myapplication/com.example.myapplication.MainActivity is unresponsive: ab5f5e9 com.example.myapplication/com.example.myapplication.MainActivity is not responding. Waited 5032ms for FocusEvent(hasFocus=false)
07-02 02:34:46.912   682   958 W InputDispatcher: Canceling events for ab5f5e9 com.example.myapplication/com.example.myapplication.MainActivity because it is unresponsive
07-02 02:34:46.929   682   958 I WindowManager: ANR in Window{ab5f5e9 u0 com.example.myapplication/com.example.myapplication.MainActivity}. Reason:Input dispatching timed out (ab5f5e9 com.example.myapplication/com.example.myapplication.MainActivity is not responding. Waited 5032ms for FocusEvent(hasFocus=false)).
07-02 02:34:46.988  1999  2144 I artd    : GetBestInfo: /data/user/0/com.google.android.gms/app_dg_cache/9D5BCED7935D64431BF672B8BBD597199833CA19/the.apk has no usable artifacts
07-02 02:34:47.011 14750 14764 I HWUI    : Davey! duration=774ms; Flags=0, FrameTimelineVsyncId=81326, IntendedVsync=12367890607755, Vsync=12368040607740, InputEventId=0, HandleInputStart=12368059621393, AnimationStart=12368059625851, PerformTraversalsStart=12368135436351, DrawStart=12368135703809, FrameDeadline=12368257283658, FrameStartTime=12368044330518, FrameInterval=16666665, WorkloadTarget=16666666, AnimationTime=12368040607740, SyncQueued=12368135827434, SyncStart=12368201670726, IssueDrawCommandsStart=12368201726684, SwapBuffers=12368208755351, FrameCompleted=12368730674643, DequeueBufferDuration=500656709, QueueBufferDuration=229083, GpuCompleted=12368729104476, SwapBuffersCompleted=12368730674643, DisplayPresentTime=3908420239450, CommandSubmissionCompleted=12368208755351, 
07-02 02:34:47.187 15960 15976 I HWUI    : Davey! duration=709ms; Flags=2, FrameTimelineVsyncId=81348, IntendedVsync=12368423955851, Vsync=12368423955851, InputEventId=0, HandleInputStart=12368423955851, AnimationStart=12368423955851, PerformTraversalsStart=12368423955851, DrawStart=12368423955851, FrameDeadline=12368073955887, FrameStartTime=12368423955851, FrameInterval=16666665, WorkloadTarget=-349999964, AnimationTime=-1, SyncQueued=12368430720643, SyncStart=12368430721226, IssueDrawCommandsStart=12368430911726, SwapBuffers=12368777645226, FrameCompleted=12369133681976, DequeueBufferDuration=3292, QueueBufferDuration=548542, GpuCompleted=12369133681976, SwapBuffersCompleted=12368967557351, DisplayPresentTime=0, CommandSubmissionCompleted=12368777645226, 
07-02 02:34:47.300  1999  2144 I artd    : GetBestInfo: /data/user_de/0/com.google.android.gms/app_chimera/m/0000000a/dl-IdentityCredentialsPlatform.optional_261136100400.apk has no usable artifacts
07-02 02:34:47.328  1999  2059 I artd    : GetBestInfo: /data/user_de/0/com.google.android.gms/app_chimera/m/00000010/dl-MlkitOcrCommon.optional_261136100400.apk has no usable artifacts
07-02 02:34:47.360  1999  2059 I artd    : GetBestInfo: vdex next to the dex file (/data/user/0/com.google.android.gms/app_dg_cache/5833371D1ACC412507A92815B074897510CCCEDD/oat/arm64/the.vdex) is kOatUpToDate with filter 'verify' executable 'false'
07-02 02:34:47.367  1999  2059 I artd    : GetBestInfo: vdex next to the dex file (/data/user/0/com.google.android.gms/app_dg_cache/10FF5D5C646CC9E2F04BD9D73A072BD012EF1A7A/oat/arm64/the.vdex) is kOatUpToDate with filter 'verify' executable 'false'
07-02 02:34:47.394  1999  2059 I artd    : GetBestInfo: /data/user_de/0/com.google.android.gms/app_chimera/m/00000017/dl-VisionBarcode.optional_261934100400.apk has no usable artifacts
07-02 02:34:47.485  1999  2144 I artd    : GetBestInfo: vdex next to the dex file (/data/user/0/com.google.android.gms/app_dg_cache/574CF0A3144EB354068F133F674AB38CCBB02976/oat/arm64/the.vdex) is kOatUpToDate with filter 'verify' executable 'false'
07-02 02:34:47.508  1999  2059 I artd    : GetBestInfo: /data/user_de/0/com.google.android.gms/app_chimera/m/0000001a/dl-MlkitOcrCommon.optional_261934100400.apk has no usable artifacts
07-02 02:34:47.518  1999  2059 I artd    : GetBestInfo: /data/user_de/0/com.google.android.gms/app_chimera/m/00000011/dl-PlayCloudSearch.optional_261136100000.apk has no usable artifacts
07-02 02:34:47.522  1999  2059 I artd    : GetBestInfo: /data/user_de/0/com.google.android.gms/app_chimera/m/0000000e/dl-MlkitBarcodeUi.optional_261136100400.apk has no usable artifacts
07-02 02:34:47.595  1999  2144 I artd    : GetBestInfo: /data/user_de/0/com.google.android.gms/app_chimera/m/00000008/dl-Appsearch.optional_261136100400.apk has no usable artifacts
07-02 02:34:47.605  1999  2144 I artd    : GetBestInfo: /data/user_de/0/com.google.android.gms/app_chimera/m/00000014/dl-Appsearch.optional_261934100400.apk has no usable artifacts
07-02 02:34:47.618  1999  2144 I artd    : GetBestInfo: /data/user_de/0/com.google.android.gms/app_chimera/m/00000018/dl-MlkitBarcodeUi.optional_261934100400.apk has no usable artifacts
07-02 02:34:47.620  1999  2144 I artd    : GetBestInfo: vdex next to the dex file (/data/user/0/com.google.android.gms/app_dg_cache/7C26F94942E0B3DC400FC8F3A2AF71B87FD5F04D/oat/arm64/the.vdex) is kOatUpToDate with filter 'verify' executable 'false'
07-02 02:34:47.620  1999  2059 I artd    : GetBestInfo: /data/user_de/0/com.google.android.gms/app_chimera/m/00000007/MeasurementDynamite.apk has no usable artifacts
07-02 02:34:47.667   682  1541 W libbinder.Binder: Binder transaction to android.content.pm.IPackageManager, function: UNKNOWN_FUNCTION_NAME, code: 1598311760, took 2525ms. Data bytes: 80 Reply bytes: 4 Flags: 16
07-02 02:34:47.668   682   728 W Looper  : Slow dispatch took 698ms android.fg app=system_server main=false group=FOREGROUND h=android.os.Handler c=com.android.server.wm.AnrController$$ExternalSyntheticLambda0@592a72c m=0
07-02 02:34:47.682   682 16090 I ActivityManager: Crashing app skipping ANR: com.android.server.am.ProcessErrorStateRecord@76b1f8a Input dispatching timed out (ab5f5e9 com.example.myapplication/com.example.myapplication.MainActivity is not responding. Waited 5032ms for FocusEvent(hasFocus=false)).
07-02 02:34:47.693   682 16090 D ActivityManager: Completed ANR of com.example.myapplication in 674ms, latency 41ms
07-02 02:34:47.705   491   589 W skia    : AGTM parsing failed flags.readFromStream(s) at 159
07-02 02:34:47.705   491   589 W skia    : AGTM parsing failed flags.readFromStream(s) at 159
07-02 02:34:47.754   682 16089 D ActivityManager: created ANR temporary file:/data/anr/temp_anr_1243846718848918137.txt
07-02 02:34:47.754   682 16089 I ActivityManager: Collecting stacks for pid 15960 into temporary file temp_anr_1243846718848918137.txt
07-02 02:34:47.755   491   589 W skia    : AGTM parsing failed flags.readFromStream(s) at 159
07-02 02:34:47.755   491   589 W skia    : AGTM parsing failed flags.readFromStream(s) at 159
07-02 02:34:47.769   682   682 W AnrMainProcessD: type=1400 audit(0.0:73): avc:  denied  { read } for  name="transactions" dev="binder" ino=1048589 scontext=u:r:system_server:s0 tcontext=u:object_r:binderfs_logs_transactions:s0 tclass=file permissive=0
07-02 02:34:47.935   682 16089 I system_server: libdebuggerd_client: started dumping process 15960
07-02 02:34:47.940  1150  1150 I wpa_supplicant: wlan0: CTRL-EVENT-BEACON-LOSS 
07-02 02:34:48.028 15960 15963 I e.myapplication: Thread[2,tid=15963,WaitingInMainSignalCatcherLoop,Thread*=0xb400707a1401a6f0,peer=0x2000a70,"Signal Catcher"]: reacting to signal 3
07-02 02:34:48.028 15960 15963 I e.myapplication: 
07-02 02:34:48.033   346   346 I tombstoned: registered intercept for pid 15960 and type kDebuggerdJavaBacktrace
07-02 02:34:48.804   682  1026 I HalDevMgr: bestIfaceCreationProposal is null, requestIface=STA, existingIface=[name=wlan0 type=STA]
07-02 02:34:48.824   682  1069 I AdbWifiNetworkMonitor: Wi-Fi network available
07-02 02:34:48.824   682  1069 I AdbWifiNetworkMonitor: Received the same Wi-Fi SSID. Ignoring.
07-02 02:34:48.882   682  1038 W libbinder.IPCThreadState: Sending oneway calls to frozen process.
07-02 02:34:48.882   682  1038 W libbinder.IPCThreadState: Sending oneway calls to frozen process.
07-02 02:34:48.882   682  1038 W libbinder.IPCThreadState: Sending oneway calls to frozen process.
07-02 02:34:48.882   682  1038 W libbinder.IPCThreadState: Sending oneway calls to frozen process.
07-02 02:34:48.891  4816  4971 I NullBinder: NullBinder for android.net.action.RECOMMEND_NETWORKS triggering remote TransactionTooLargeException due to Service without Chimera impl, calling uid: 1000, calling pid: 0
07-02 02:34:48.891  4816  4971 W libbinder.Binder: Large reply transaction of 1056768 bytes, interface descriptor , function: UNKNOWN_FUNCTION_NAME, code: 1, flags: 17
07-02 02:34:48.894 15008 15052 D WM-WorkConstraintsTrack: NetworkRequestConstraintController onCapabilitiesChanged callback
07-02 02:34:48.916  2871  3260 I BugleRcsEngine: Connected state: [1], networkType: [WIFI] [CONTEXT thread_id=56 ]
07-02 02:34:48.916  2871  3360 I BugleRcsEngine: handleMessage processing message:[NOTIFY_UPTIME_IGNORE_STATE_CHANGED] with [non-null]:RcsEngineImpl reference [CONTEXT log_prefix="RcsEngineImpl[DUAL_REG]:[353006a5-360b]>Handler" thread_id=62 ]
07-02 02:34:48.942   682   729 W Looper  : Drained
07-02 02:34:49.004  2871  3360 I BugleRcsEngine: No RCS Configuration was found in Bugle for simID: redacted-pii:sim_id[chars:20,last3:897] [CONTEXT log_prefix="ProvisioningEngineDataRetriever" thread_id=62 ]
07-02 02:34:49.403  4816  4816 I NearbySharing: Network state changed: NetworkState(isRestricted=false, isOnline=true, isCongested=false, isMetered=false, isWifiConnected=true)
07-02 02:34:49.550   682  1038 D InetDiagMessage: Destroyed 0 sockets, proto=IPPROTO_TCP, family=AF_INET, states=14
07-02 02:34:49.554   682  1038 D InetDiagMessage: Destroyed 0 sockets, proto=IPPROTO_TCP, family=AF_INET6, states=14
07-02 02:34:49.554   682  1038 D InetDiagMessage: Destroyed live tcp sockets for uids={10235} in 11ms
07-02 02:34:49.554   682  1038 D InetDiagMessage: Destroyed 0 sockets, proto=IPPROTO_TCP, family=AF_INET, states=14
07-02 02:34:49.554   682  1038 D InetDiagMessage: Destroyed 0 sockets, proto=IPPROTO_TCP, family=AF_INET6, states=14
07-02 02:34:49.554   682  1038 D InetDiagMessage: Destroyed live tcp sockets for uids={20235} in 0ms
07-02 02:34:49.930 15960 15967 W e.myapplication: Suspending all threads took: 1.712s
07-02 02:34:50.288   346   346 I tombstoned: received crash request for pid 15960
07-02 02:34:50.288   346   346 I tombstoned: found intercept fd 512 for pid 15960 and type kDebuggerdJavaBacktrace
07-02 02:34:50.289 15960 15963 I e.myapplication: Wrote stack traces to tombstoned
07-02 02:34:50.289   346   346 W tombstoned: skipping tombstone file creation due to intercept
07-02 02:34:50.291   682 16089 I system_server: libdebuggerd_client: done dumping process 15960
07-02 02:34:51.841   682  1026 I HalDevMgr: bestIfaceCreationProposal is null, requestIface=STA, existingIface=[name=wlan0 type=STA]
07-02 02:34:51.886  1279  1514 D IpClient/wlan0: interfaceLinkStateChanged: ifindex 16 up
07-02 02:34:51.892  1279  1514 D IpClient/wlan0: interfaceLinkStateChanged: ifindex 16 up
07-02 02:34:53.821  4878  5108 D SatelliteController: isInCarrierRoamingNbIotNtn: satellite is disabled
07-02 02:34:53.827  4878  5108 D SatelliteController: getCarrierRoamingNtnConnectType: Checking connect type from PLMN config for subId: 1
07-02 02:34:53.829  4878  5108 D TelephonyConfigUpdateInstallReceiver: getConfigParser: domain=satellite
07-02 02:34:53.829  4878  5108 V SatelliteController: satelliteConfigParser is not ready
07-02 02:34:53.829  4878  5108 D SatelliteController: isSatelliteAttachSupportedViaConfigupdater: return null (satelliteConfig is null)
07-02 02:34:53.870  4878  5108 D SatelliteController: getSatellitePerPlmnConfiguration: invalid subId or not supported via carrier.
07-02 02:34:53.870  4878  5108 D SatelliteController: getCarrierRoamingNtnConnectType: config: null
07-02 02:34:53.870  4878  5108 D TelephonyConfigUpdateInstallReceiver: getConfigParser: domain=satellite
07-02 02:34:53.870  4878  5108 V SatelliteController: satelliteConfigParser is not ready
07-02 02:34:53.870  4878  5108 D SatelliteController: getCarrierRoamingNtnConnectTypeViaConfigUpdater: return null (satelliteConfig is null)
07-02 02:34:53.871  4878  5108 D SatelliteController: getCarrierRoamingNtnConnectType: Falling back to global carrier config connect type: 0
07-02 02:34:53.871  4878  5108 D TelephonyConfigUpdateInstallReceiver: getConfigParser: domain=satellite
07-02 02:34:53.871  4878  5108 V SatelliteController: satelliteConfigParser is not ready
07-02 02:34:53.871  4878  5108 D SatelliteController: isSatelliteAttachSupportedViaConfigupdater: return null (satelliteConfig is null)
07-02 02:34:53.871  4878  5108 D SatelliteController: getCarrierRoamingNtnConnectType: Checking connect type from PLMN config for subId: 1
07-02 02:34:53.871  4878  5108 D TelephonyConfigUpdateInstallReceiver: getConfigParser: domain=satellite
07-02 02:34:53.871  4878  5108 V SatelliteController: satelliteConfigParser is not ready
07-02 02:34:53.871  4878  5108 D SatelliteController: isSatelliteAttachSupportedViaConfigupdater: return null (satelliteConfig is null)
07-02 02:34:53.872  4878  5108 D SatelliteController: getSatellitePerPlmnConfiguration: invalid subId or not supported via carrier.
07-02 02:34:53.872  4878  5108 D SatelliteController: getCarrierRoamingNtnConnectType: config: null
07-02 02:34:53.872  4878  5108 D TelephonyConfigUpdateInstallReceiver: getConfigParser: domain=satellite
07-02 02:34:53.872  4878  5108 V SatelliteController: satelliteConfigParser is not ready
07-02 02:34:53.872  4878  5108 D SatelliteController: getCarrierRoamingNtnConnectTypeViaConfigUpdater: return null (satelliteConfig is null)
07-02 02:34:53.874  4878  5108 D SatelliteController: getCarrierRoamingNtnConnectType: Falling back to global carrier config connect type: 0
07-02 02:34:53.874  4878  5108 D TelephonyConfigUpdateInstallReceiver: getConfigParser: domain=satellite
07-02 02:34:53.874  4878  5108 V SatelliteController: satelliteConfigParser is not ready
07-02 02:34:53.874  4878  5108 D SatelliteController: isSatelliteAttachSupportedViaConfigupdater: return null (satelliteConfig is null)
07-02 02:34:54.380   491   589 W skia    : AGTM parsing failed flags.readFromStream(s) at 159
07-02 02:34:54.383   491   589 W skia    : AGTM parsing failed flags.readFromStream(s) at 159
07-02 02:34:54.903   493   493 I adbd    : adbd service requested 'shell,v2,raw:dumpsys package com.google.android.gms'
07-02 02:34:54.904   682  1069 I AdbWifiNetworkMonitor: Wi-Fi network available
07-02 02:34:54.906   682  1069 I AdbWifiNetworkMonitor: Received the same Wi-Fi SSID. Ignoring.
07-02 02:34:54.910   682  1026 I HalDevMgr: bestIfaceCreationProposal is null, requestIface=STA, existingIface=[name=wlan0 type=STA]
07-02 02:34:54.990   682  1038 W libbinder.IPCThreadState: Sending oneway calls to frozen process.
07-02 02:34:54.992   682  1038 W libbinder.IPCThreadState: Sending oneway calls to frozen process.
07-02 02:34:55.001   682  1038 W libbinder.IPCThreadState: Sending oneway calls to frozen process.
07-02 02:34:55.002   682  1038 W libbinder.IPCThreadState: Sending oneway calls to frozen process.
07-02 02:34:55.020 15008 15052 D WM-WorkConstraintsTrack: NetworkRequestConstraintController onCapabilitiesChanged callback
07-02 02:34:55.067  4816  5057 I NullBinder: NullBinder for android.net.action.RECOMMEND_NETWORKS triggering remote TransactionTooLargeException due to Service without Chimera impl, calling uid: 1000, calling pid: 0
07-02 02:34:55.067  4816  5057 W libbinder.Binder: Large reply transaction of 1056768 bytes, interface descriptor , function: UNKNOWN_FUNCTION_NAME, code: 1, flags: 17
07-02 02:34:55.070  2871  3260 I BugleRcsEngine: Connected state: [1], networkType: [WIFI] [CONTEXT thread_id=56 ]
07-02 02:34:55.071  2871  3360 I BugleRcsEngine: handleMessage processing message:[NOTIFY_UPTIME_IGNORE_STATE_CHANGED] with [non-null]:RcsEngineImpl reference [CONTEXT log_prefix="RcsEngineImpl[DUAL_REG]:[353006a5-360b]>Handler" thread_id=62 ]
07-02 02:34:55.144  2871  3360 I BugleRcsEngine: No RCS Configuration was found in Bugle for simID: redacted-pii:sim_id[chars:20,last3:897] [CONTEXT log_prefix="ProvisioningEngineDataRetriever" thread_id=62 ]
07-02 02:34:55.434  1999  2059 I artd    : GetBestInfo: odex next to the dex file (/data/app/~~hrTlMHUDMhrNxRakjuk8_Q==/com.google.android.gms-2DKS77VqpdsmUHp3enmjmw==/oat/arm64/base.odex) is kOatUpToDate with filter 'speed-profile' executable 'false'
07-02 02:34:55.436  1999  2144 I artd    : GetBestInfo: dm (/data/app/~~hrTlMHUDMhrNxRakjuk8_Q==/com.google.android.gms-2DKS77VqpdsmUHp3enmjmw==/split_AdsDynamite_installtime.dm) is kOatUpToDate with filter 'verify' executable 'false'
07-02 02:34:55.438  1999  2059 I artd    : GetBestInfo: odex next to the dex file (/data/app/~~hrTlMHUDMhrNxRakjuk8_Q==/com.google.android.gms-2DKS77VqpdsmUHp3enmjmw==/oat/arm64/split_CronetDynamite_installtime.odex) is kOatUpToDate with filter 'speed-profile' executable 'false'
