07-02 02:34:28.900   682  1146 W InputChannel-JNI: Channel already disposed.
07-02 02:34:28.907  1999  2144 I artd    : GetBestInfo: vdex next to the dex file (/data/user/0/com.google.android.gms/app_dg_cache/5833371D1ACC412507A92815B074897510CCCEDD/oat/arm64/the.vdex) is kOatUpToDate with filter 'verify' executable 'false'
07-02 02:34:28.910  1813  1813 I Module  : DeviceLockedStatusModuleProvider$Module.updateDeviceLockedStatusInternal():127 repeatCheckTimes = 0, locked = false
07-02 02:34:28.926  1813  1813 I GoogleInputMethodService: GoogleInputMethodService.onStartInput():1454 onStartInput(EditorInfo{EditorInfo{packageName=com.example.myapplication, inputType=0, inputTypeString=NULL, enableLearning=false, autoCorrection=false, autoComplete=false, imeOptions=0, privateImeOptions=null, actionName=UNSPECIFIED, actionLabel=null, initialSelStart=-1, initialSelEnd=-1, initialCapsMode=0, label=null, fieldId=0, fieldName=null, extras=null, hintText=null, hintLocales=[]}}, false)
07-02 02:34:28.927  1813  1813 I AndroidIME: LatinIMEBase.updateInputViewCoverNavigation():321 Update input view padding, isNavbarOverInputWindow=true, bottom inset=63
07-02 02:34:28.940  1813  1813 I Module  : DeviceLockedStatusModuleProvider$Module.updateDeviceLockedStatusInternal():127 repeatCheckTimes = 1, locked = false
07-02 02:34:28.944  1999  2144 I artd    : GetBestInfo: vdex next to the dex file (/data/user/0/com.google.android.gms/app_dg_cache/10FF5D5C646CC9E2F04BD9D73A072BD012EF1A7A/oat/arm64/the.vdex) is kOatUpToDate with filter 'verify' executable 'false'
07-02 02:34:28.945  4816  4971 I FontLog : (REDACTED) Pulling font file for id = %d, cache size = %d
07-02 02:34:28.947   682  1132 I ImeTracker: system_server:109a5846: onRequestHide at ORIGIN_SERVER reason IME_REQUESTED_CHANGED_LISTENER fromUser false displayId 0
07-02 02:34:28.982  1999  2144 I artd    : GetBestInfo: /data/user_de/0/com.google.android.gms/app_chimera/m/00000017/dl-VisionBarcode.optional_261934100400.apk has no usable artifacts
07-02 02:34:29.034  1813  1813 W NotificationCenter: NotificationCenter$NotificationQueue.notifyPendingNotificationsOnExecutor():878 Heavy notify work detected on UI thread: [ntu->lgp, ntu->hbb, ntu->lgp, ntu->ndr, ntu->ldu, ntu->lgp, ntu->ish, ntu->lgp, ntu->lgp, ntu->nsl, ntu->lgp, ntu->mqs, ntu->qcs, ntu->pmz, ntu->gyd, ntu->lgp, ntu->ias, ntu->lgp, ntu->ljo, ntu->lgp, ntu->lgp, ntu->lgp, ntu->nsv] takes 105ms
07-02 02:34:29.045 15938 15998 I cvua    : (REDACTED) #maybeCreateTimeTrigger: time trigger= %s with start time=%d, stop time=%d in seconds.
07-02 02:34:29.054   491   589 W skia    : AGTM parsing failed flags.readFromStream(s) at 159
07-02 02:34:29.004   682   731 I ImeTracker: system_server:109a5846: onCancelled at PHASE_SERVER_SHOULD_HIDE
07-02 02:34:29.080  1999  2144 I artd    : GetBestInfo: vdex next to the dex file (/data/user/0/com.google.android.gms/app_dg_cache/574CF0A3144EB354068F133F674AB38CCBB02976/oat/arm64/the.vdex) is kOatUpToDate with filter 'verify' executable 'false'
07-02 02:34:29.087  1999  2144 I artd    : GetBestInfo: /data/user_de/0/com.google.android.gms/app_chimera/m/0000001a/dl-MlkitOcrCommon.optional_261934100400.apk has no usable artifacts
07-02 02:34:29.091 15938 15999 I cvsa    : (REDACTED) remove request for trigger key: %s, isClientInitiated: %s
07-02 02:34:29.093  1999  2144 I artd    : GetBestInfo: /data/user_de/0/com.google.android.gms/app_chimera/m/00000011/dl-PlayCloudSearch.optional_261136100000.apk has no usable artifacts
07-02 02:34:29.096  1999  2144 I artd    : GetBestInfo: /data/user_de/0/com.google.android.gms/app_chimera/m/0000000e/dl-MlkitBarcodeUi.optional_261136100400.apk has no usable artifacts
07-02 02:34:29.096   682  1132 W PackageConfigPersister: App-specific configuration not found for packageName: com.example.myapplication and userId: 0
07-02 02:34:29.114  1999  2144 I artd    : GetBestInfo: /data/user_de/0/com.google.android.gms/app_chimera/m/00000008/dl-Appsearch.optional_261136100400.apk has no usable artifacts
07-02 02:34:29.115  1999  2144 I artd    : GetBestInfo: /data/user_de/0/com.google.android.gms/app_chimera/m/00000014/dl-Appsearch.optional_261934100400.apk has no usable artifacts
07-02 02:34:29.122  1999  2144 I artd    : GetBestInfo: /data/user_de/0/com.google.android.gms/app_chimera/m/00000018/dl-MlkitBarcodeUi.optional_261934100400.apk has no usable artifacts
07-02 02:34:29.129 15938 15999 I cvua    : (REDACTED) #remove: subTriggerId=%s
07-02 02:34:29.144  1999  2144 I artd    : GetBestInfo: vdex next to the dex file (/data/user/0/com.google.android.gms/app_dg_cache/7C26F94942E0B3DC400FC8F3A2AF71B87FD5F04D/oat/arm64/the.vdex) is kOatUpToDate with filter 'verify' executable 'false'
07-02 02:34:29.144  1999  2144 I artd    : GetBestInfo: /data/user_de/0/com.google.android.gms/app_chimera/m/00000007/MeasurementDynamite.apk has no usable artifacts
07-02 02:34:29.169   682  1541 W libbinder.Binder: Binder transaction to android.content.pm.IPackageManager, function: UNKNOWN_FUNCTION_NAME, code: 1598311760, took 3755ms. Data bytes: 80 Reply bytes: 4 Flags: 16
07-02 02:34:29.301   491   589 W skia    : AGTM parsing failed flags.readFromStream(s) at 159
07-02 02:34:29.323  4816  4971 I FontLog : (REDACTED) Pulling font file for id = %d, cache size = %d
07-02 02:34:29.351 15938 15998 I cvua    : (REDACTED) #maybeCreateTimeTrigger: time trigger= %s with start time=%d, stop time=%d in seconds.
07-02 02:34:29.355   682   704 I system_server: Background young concurrent mark compact GC freed 22MB AllocSpace bytes, 14(416KB) LOS objects, 33% free, 41MB/62MB, paused 16.266ms,19.351ms total 3.124s
07-02 02:34:29.575   682   949 D ActivityManager: freezing 15938 com.google.android.googlequicksearchbox:search
07-02 02:34:29.968 15960 15976 I HWUI    : Davey! duration=1627ms; Flags=0, FrameTimelineVsyncId=78071, IntendedVsync=12350240619563, Vsync=12350273952895, InputEventId=0, HandleInputStart=12350281722134, AnimationStart=12350281723509, PerformTraversalsStart=12351043079009, DrawStart=12351047726051, FrameDeadline=12350257286229, FrameStartTime=12350281712926, FrameInterval=16666666, WorkloadTarget=16666666, AnimationTime=12350273952895, SyncQueued=12351486368551, SyncStart=12351486543635, IssueDrawCommandsStart=12351492174843, SwapBuffers=12351723995801, FrameCompleted=12351868691260, DequeueBufferDuration=14792, QueueBufferDuration=41227375, GpuCompleted=12351868691260, SwapBuffersCompleted=12351812216510, DisplayPresentTime=0, CommandSubmissionCompleted=12351723995801, 
07-02 02:34:29.970   491   589 W skia    : AGTM parsing failed flags.readFromStream(s) at 159
07-02 02:34:29.976 15960 15960 I Choreographer: Skipped 76 frames!  The application may be doing too much work on its main thread.
07-02 02:34:30.136 15960 15960 D HealthConnect: HealthConnectManager init - PERMISSIONS size: 5
07-02 02:34:30.136 15960 15960 D HealthConnect: HealthConnectManager init - PERMISSIONS: [android.permission.health.READ_STEPS, android.permission.health.READ_HEART_RATE, android.permission.health.READ_EXERCISE, android.permission.health.READ_TOTAL_CALORIES_BURNED, android.permission.health.READ_ACTIVE_CALORIES_BURNED]
07-02 02:34:30.136 15960 15960 D HealthConnect: HealthConnectManager init - Steps permission string: 'android.permission.health.READ_STEPS'
07-02 02:34:30.136 15960 15960 D HealthConnect: HealthConnectManager init - HeartRate permission string: 'android.permission.health.READ_HEART_RATE'
07-02 02:34:30.136 15960 15960 D HealthConnect: HealthConnectManager init - Exercise permission string: 'android.permission.health.READ_EXERCISE'
07-02 02:34:30.137 15960 15960 D HealthConnect: HealthConnectManager init - TotalCalories permission string: 'android.permission.health.READ_TOTAL_CALORIES_BURNED'
07-02 02:34:30.137 15960 15960 D HealthConnect: HealthConnectManager init - ActiveCalories permission string: 'android.permission.health.READ_ACTIVE_CALORIES_BURNED'
07-02 02:34:30.385   682  1026 I HalDevMgr: bestIfaceCreationProposal is null, requestIface=STA, existingIface=[name=wlan0 type=STA]
07-02 02:34:30.429 15960 15967 I e.myapplication: Background young concurrent mark compact GC freed 1904KB AllocSpace bytes, 0(0B) LOS objects, 28% free, 6059KB/8531KB, paused 254us,8.919ms total 308.526ms
07-02 02:34:30.463 15960 15960 D HealthConnect: HealthConnectManager init - client created successfully
07-02 02:34:30.489 15960 15960 D HealthConnect: checkStatus - getOrCreate succeeded, returning Supported
07-02 02:34:30.490 15960 15960 D HealthConnect: hasAllPermissions called - client is null: false
07-02 02:34:30.505 15960 15960 D HealthConnect: getGrantedPermissions returned: []
07-02 02:34:30.505 15960 15960 D HealthConnect: hasAllPermissions: false, granted: [], permissions: [android.permission.health.READ_STEPS, android.permission.health.READ_HEART_RATE, android.permission.health.READ_EXERCISE, android.permission.health.READ_TOTAL_CALORIES_BURNED, android.permission.health.READ_ACTIVE_CALORIES_BURNED]
07-02 02:34:30.506 15960 15960 D HealthConnect: SDK status: 3
07-02 02:34:31.026 15960 15960 D WindowOnBackDispatcher: setTopOnBackInvokedCallback (unwrapped): androidx.activity.OnBackPressedDispatcher$Api34Impl$createOnBackAnimationCallback$1@81d7740
07-02 02:34:31.036 15960 15960 D HealthConnect: checkStatus - getOrCreate succeeded, returning Supported
07-02 02:34:31.037 15960 15960 D HealthConnect: hasAllPermissions called - client is null: false
07-02 02:34:31.038 15960 15960 D HealthConnect: getGrantedPermissions returned: []
07-02 02:34:31.038 15960 15960 D HealthConnect: hasAllPermissions: false, granted: [], permissions: [android.permission.health.READ_STEPS, android.permission.health.READ_HEART_RATE, android.permission.health.READ_EXERCISE, android.permission.health.READ_TOTAL_CALORIES_BURNED, android.permission.health.READ_ACTIVE_CALORIES_BURNED]
07-02 02:34:31.039   682  1541 D CoreBackPreview: Window{ab5f5e9 u0 com.example.myapplication/com.example.myapplication.MainActivity}: Setting back callback OnBackInvokedCallbackInfo{mCallback=android.window.IOnBackInvokedCallback$Stub$Proxy@e341e95, mPriority=0, mIsAnimationCallback=true, mOverrideBehavior=0}
07-02 02:34:31.053 15960 15960 I Choreographer: Skipped 63 frames!  The application may be doing too much work on its main thread.
07-02 02:34:31.303 15960 15976 I HWUI    : Davey! duration=2484ms; Flags=0, FrameTimelineVsyncId=78079, IntendedVsync=12350657280656, Vsync=12351923947272, InputEventId=599630476, HandleInputStart=12351935497135, AnimationStart=12351935499510, PerformTraversalsStart=12352806129844, DrawStart=12352806698219, FrameDeadline=12351890619497, FrameStartTime=12351927656260, FrameInterval=16666666, WorkloadTarget=16666666, AnimationTime=12351923947272, SyncQueued=12352934716135, SyncStart=12352935731594, IssueDrawCommandsStart=12352935916594, SwapBuffers=12353052323385, FrameCompleted=12353142678802, DequeueBufferDuration=3959, QueueBufferDuration=3196500, GpuCompleted=12353142678802, SwapBuffersCompleted=12353068817969, DisplayPresentTime=0, CommandSubmissionCompleted=12353052323385, 
07-02 02:34:31.369   491   589 W skia    : AGTM parsing failed flags.readFromStream(s) at 159
07-02 02:34:31.579   491   589 W skia    : AGTM parsing failed flags.readFromStream(s) at 159
07-02 02:34:32.067   491   589 W skia    : AGTM parsing failed flags.readFromStream(s) at 159
07-02 02:34:32.068  1150  1150 I wpa_supplicant: wlan0: CTRL-EVENT-BEACON-LOSS 
07-02 02:34:32.207   491   589 W skia    : AGTM parsing failed flags.readFromStream(s) at 159
07-02 02:34:32.363   491   589 W skia    : AGTM parsing failed flags.readFromStream(s) at 159
07-02 02:34:32.547   491   589 W skia    : AGTM parsing failed flags.readFromStream(s) at 159
07-02 02:34:32.636 15960 15967 W e.myapplication: Suspending all threads took: 7.806ms
07-02 02:34:32.844 15960 15967 I e.myapplication: Background concurrent mark compact GC freed 1376KB AllocSpace bytes, 0(0B) LOS objects, 49% free, 6444KB/12MB, paused 8.980ms,1.566ms total 356.507ms
07-02 02:34:32.870   491   589 W skia    : AGTM parsing failed flags.readFromStream(s) at 159
07-02 02:34:33.049   491   589 W skia    : AGTM parsing failed flags.readFromStream(s) at 159
07-02 02:34:33.374   491   589 W skia    : AGTM parsing failed flags.readFromStream(s) at 159
07-02 02:34:33.491   491   589 W skia    : AGTM parsing failed flags.readFromStream(s) at 159
07-02 02:34:33.523   682  1069 I AdbWifiNetworkMonitor: Wi-Fi network available
07-02 02:34:33.523   682  1069 I AdbWifiNetworkMonitor: Received the same Wi-Fi SSID. Ignoring.
07-02 02:34:33.548   682  1026 I HalDevMgr: bestIfaceCreationProposal is null, requestIface=STA, existingIface=[name=wlan0 type=STA]
07-02 02:34:33.611  1279  1514 D IpClient/wlan0: interfaceLinkStateChanged: ifindex 16 up
07-02 02:34:33.627  1279  1514 D IpClient/wlan0: interfaceLinkStateChanged: ifindex 16 up
07-02 02:34:33.627  1279  1514 D IpClient/wlan0: interfaceLinkStateChanged: ifindex 16 up
07-02 02:34:33.663  2871  3260 I BugleRcsEngine: Connected state: [1], networkType: [WIFI] [CONTEXT thread_id=56 ]
07-02 02:34:33.665  2871  3360 I BugleRcsEngine: handleMessage processing message:[NOTIFY_UPTIME_IGNORE_STATE_CHANGED] with [non-null]:RcsEngineImpl reference [CONTEXT log_prefix="RcsEngineImpl[DUAL_REG]:[353006a5-360b]>Handler" thread_id=62 ]
07-02 02:34:33.725   491   589 W skia    : AGTM parsing failed flags.readFromStream(s) at 159
07-02 02:34:33.759  4816  4971 I NullBinder: NullBinder for android.net.action.RECOMMEND_NETWORKS triggering remote TransactionTooLargeException due to Service without Chimera impl, calling uid: 1000, calling pid: 0
07-02 02:34:33.759  4816  4971 W libbinder.Binder: Large reply transaction of 1056768 bytes, interface descriptor , function: UNKNOWN_FUNCTION_NAME, code: 1, flags: 17
07-02 02:34:33.759   682  1038 W libbinder.IPCThreadState: Sending oneway calls to frozen process.
07-02 02:34:33.759   682  1038 W libbinder.IPCThreadState: Sending oneway calls to frozen process.
07-02 02:34:33.759   682  1038 W libbinder.IPCThreadState: Sending oneway calls to frozen process.
07-02 02:34:33.759   682  1038 W libbinder.IPCThreadState: Sending oneway calls to frozen process.
07-02 02:34:33.762  4878  5108 D SatelliteController: isInCarrierRoamingNbIotNtn: satellite is disabled
07-02 02:34:33.762  4878  5108 D SatelliteController: getCarrierRoamingNtnConnectType: Checking connect type from PLMN config for subId: 1
07-02 02:34:33.762  4878  5108 D TelephonyConfigUpdateInstallReceiver: getConfigParser: domain=satellite
07-02 02:34:33.762  4878  5108 V SatelliteController: satelliteConfigParser is not ready
07-02 02:34:33.762  4878  5108 D SatelliteController: isSatelliteAttachSupportedViaConfigupdater: return null (satelliteConfig is null)
07-02 02:34:33.789 15008 15052 D WM-WorkConstraintsTrack: NetworkRequestConstraintController onCapabilitiesChanged callback
07-02 02:34:33.730 15960 15972 I HWUI    : Davey! duration=3645ms; Flags=0, FrameTimelineVsyncId=78113, IntendedVsync=12351940622013, Vsync=12352990621908, InputEventId=0, HandleInputStart=12353008846844, AnimationStart=12353008848594, PerformTraversalsStart=12353375822677, DrawStart=12353375943052, FrameDeadline=12355407274900, FrameStartTime=12353004536427, FrameInterval=16666666, WorkloadTarget=16666666, AnimationTime=12352990621908, SyncQueued=12355338846720, SyncStart=12355341989428, IssueDrawCommandsStart=12355342115011, SwapBuffers=12355525964178, FrameCompleted=12355589269387, DequeueBufferDuration=3000, QueueBufferDuration=296417, GpuCompleted=12355589269387, SwapBuffersCompleted=12355543656428, DisplayPresentTime=0, CommandSubmissionCompleted=12355525964178, 
07-02 02:34:33.802  4878  5108 D SatelliteController: getSatellitePerPlmnConfiguration: invalid subId or not supported via carrier.
07-02 02:34:33.802  4878  5108 D SatelliteController: getCarrierRoamingNtnConnectType: config: null
07-02 02:34:33.802  4878  5108 D TelephonyConfigUpdateInstallReceiver: getConfigParser: domain=satellite
07-02 02:34:33.802  4878  5108 V SatelliteController: satelliteConfigParser is not ready
07-02 02:34:33.802  4878  5108 D SatelliteController: getCarrierRoamingNtnConnectTypeViaConfigUpdater: return null (satelliteConfig is null)
07-02 02:34:33.802  4878  5108 D SatelliteController: getCarrierRoamingNtnConnectType: Falling back to global carrier config connect type: 0
07-02 02:34:33.802  4878  5108 D TelephonyConfigUpdateInstallReceiver: getConfigParser: domain=satellite
07-02 02:34:33.802  4878  5108 V SatelliteController: satelliteConfigParser is not ready
07-02 02:34:33.802  4878  5108 D SatelliteController: isSatelliteAttachSupportedViaConfigupdater: return null (satelliteConfig is null)
07-02 02:34:33.802  4878  5108 D SatelliteController: getCarrierRoamingNtnConnectType: Checking connect type from PLMN config for subId: 1
07-02 02:34:33.802  4878  5108 D TelephonyConfigUpdateInstallReceiver: getConfigParser: domain=satellite
07-02 02:34:33.802  4878  5108 V SatelliteController: satelliteConfigParser is not ready
07-02 02:34:33.802  4878  5108 D SatelliteController: isSatelliteAttachSupportedViaConfigupdater: return null (satelliteConfig is null)
07-02 02:34:33.802  4878  5108 D SatelliteController: getSatellitePerPlmnConfiguration: invalid subId or not supported via carrier.
07-02 02:34:33.802  4878  5108 D SatelliteController: getCarrierRoamingNtnConnectType: config: null
07-02 02:34:33.802  4878  5108 D TelephonyConfigUpdateInstallReceiver: getConfigParser: domain=satellite
07-02 02:34:33.802  4878  5108 V SatelliteController: satelliteConfigParser is not ready
07-02 02:34:33.802  4878  5108 D SatelliteController: getCarrierRoamingNtnConnectTypeViaConfigUpdater: return null (satelliteConfig is null)
07-02 02:34:33.802  4878  5108 D SatelliteController: getCarrierRoamingNtnConnectType: Falling back to global carrier config connect type: 0
07-02 02:34:33.802  4878  5108 D TelephonyConfigUpdateInstallReceiver: getConfigParser: domain=satellite
07-02 02:34:33.802  4878  5108 V SatelliteController: satelliteConfigParser is not ready
07-02 02:34:33.802  4878  5108 D SatelliteController: isSatelliteAttachSupportedViaConfigupdater: return null (satelliteConfig is null)
07-02 02:34:33.827   682  1667 W ContentProviderHelper: Slow operation: 66ms so far, now at getContentProviderImpl: after updateOomAdj
07-02 02:34:33.828   682  1667 W ContentProviderHelper: Slow operation: 67ms so far, now at getContentProviderImpl: done!
07-02 02:34:33.897  2871  3360 I BugleRcsEngine: No RCS Configuration was found in Bugle for simID: redacted-pii:sim_id[chars:20,last3:897] [CONTEXT log_prefix="ProvisioningEngineDataRetriever" thread_id=62 ]
07-02 02:34:34.350 10824 10824 D BoundBrokerSvc: onUnbind: Intent { act=com.google.android.gms.feedback.internal.IFeedbackService dat=chimera-action:/... xflg=0x4 cmp=com.google.android.gms/.chimera.GmsBoundBrokerService }
07-02 02:34:34.397 15960 15972 I HWUI    : Davey! duration=706ms; Flags=0, FrameTimelineVsyncId=78297, IntendedVsync=12355473941585, Vsync=12355473941585, InputEventId=0, HandleInputStart=12355478546387, AnimationStart=12355478550137, PerformTraversalsStart=12355574678220, DrawStart=12355575042178, FrameDeadline=12355607288470, FrameStartTime=12355478538012, FrameInterval=16666666, WorkloadTarget=16666666, AnimationTime=12355473941585, SyncQueued=12355942912387, SyncStart=12355943229470, IssueDrawCommandsStart=12355943542637, SwapBuffers=12356049798637, FrameCompleted=12356180323762, DequeueBufferDuration=15416, QueueBufferDuration=562208, GpuCompleted=12356180323762, SwapBuffersCompleted=12356063577345, DisplayPresentTime=0, CommandSubmissionCompleted=12356049798637, 
07-02 02:34:34.403  4816  4816 I NearbySharing: Network state changed: NetworkState(isRestricted=false, isOnline=true, isCongested=false, isMetered=false, isWifiConnected=true)
07-02 02:34:34.439   491   589 W skia    : AGTM parsing failed flags.readFromStream(s) at 159
07-02 02:34:34.564   491   589 W skia    : AGTM parsing failed flags.readFromStream(s) at 159
07-02 02:34:34.568   682   731 W ProcessStats: Tracking association SourceState{e410df9 system/1000 BFgs #6738} whose proc state 4 is better than process ProcessState{de91514 com.google.android.ext.services/10215 pkg=com.google.android.ext.services} proc state 14 (3 skipped)
07-02 02:34:34.899   493   493 I adbd    : adbd service requested 'shell,v2,raw:dumpsys package com.google.android.gms'
07-02 02:34:35.114  1999  1999 I artd    : GetBestInfo: odex next to the dex file (/data/app/~~hrTlMHUDMhrNxRakjuk8_Q==/com.google.android.gms-2DKS77VqpdsmUHp3enmjmw==/oat/arm64/base.odex) is kOatUpToDate with filter 'speed-profile' executable 'false'
07-02 02:34:35.119  1999  1999 I artd    : GetBestInfo: dm (/data/app/~~hrTlMHUDMhrNxRakjuk8_Q==/com.google.android.gms-2DKS77VqpdsmUHp3enmjmw==/split_AdsDynamite_installtime.dm) is kOatUpToDate with filter 'verify' executable 'false'
07-02 02:34:35.133  1999  1999 I artd    : GetBestInfo: odex next to the dex file (/data/app/~~hrTlMHUDMhrNxRakjuk8_Q==/com.google.android.gms-2DKS77VqpdsmUHp3enmjmw==/oat/arm64/split_CronetDynamite_installtime.odex) is kOatUpToDate with filter 'speed-profile' executable 'false'
07-02 02:34:35.135  1999  1999 I artd    : GetBestInfo: dm (/data/app/~~hrTlMHUDMhrNxRakjuk8_Q==/com.google.android.gms-2DKS77VqpdsmUHp3enmjmw==/split_DynamiteLoader_installtime.dm) is kOatUpToDate with filter 'verify' executable 'false'
07-02 02:34:35.148  1999  1999 I artd    : GetBestInfo: dm (/data/app/~~hrTlMHUDMhrNxRakjuk8_Q==/com.google.android.gms-2DKS77VqpdsmUHp3enmjmw==/split_DynamiteModulesA_installtime.dm) is kOatUpToDate with filter 'verify' executable 'false'
07-02 02:34:35.157  1999  1999 I artd    : GetBestInfo: dm (/data/app/~~hrTlMHUDMhrNxRakjuk8_Q==/com.google.android.gms-2DKS77VqpdsmUHp3enmjmw==/split_DynamiteModulesC_installtime.dm) is kOatUpToDate with filter 'verify' executable 'false'
07-02 02:34:35.167  1999  1999 I artd    : GetBestInfo: dm (/data/app/~~hrTlMHUDMhrNxRakjuk8_Q==/com.google.android.gms-2DKS77VqpdsmUHp3enmjmw==/split_GoogleCertificates_installtime.dm) is kOatUpToDate with filter 'verify' executable 'false'
07-02 02:34:35.177  1999  1999 I artd    : GetBestInfo: dm (/data/app/~~hrTlMHUDMhrNxRakjuk8_Q==/com.google.android.gms-2DKS77VqpdsmUHp3enmjmw==/split_MapsDynamite_installtime.dm) is kOatUpToDate with filter 'verify' executable 'false'
07-02 02:34:35.184  1999  1999 I artd    : GetBestInfo: dm (/data/app/~~hrTlMHUDMhrNxRakjuk8_Q==/com.google.android.gms-2DKS77VqpdsmUHp3enmjmw==/split_MeasurementDynamite_installtime.dm) is kOatUpToDate with filter 'verify' executable 'false'
07-02 02:34:35.190  1999  1999 I artd    : GetBestInfo: dm (/data/app/~~hrTlMHUDMhrNxRakjuk8_Q==/com.google.android.gms-2DKS77VqpdsmUHp3enmjmw==/split_all_locale_splits.dm) is kOatUpToDate with filter 'verify' executable 'false'
07-02 02:34:35.195  1999  1999 I artd    : GetBestInfo: /data/user_de/0/com.google.android.gms/app_chimera/m/00000012/dl-VisionOcr.optional_261934100000.apk has no usable artifacts
07-02 02:34:35.202  1999  1999 I artd    : GetBestInfo: /data/user_de/0/com.google.android.gms/app_chimera/m/00000019/dl-PlayCloudSearch.optional_261934100000.apk has no usable artifacts
07-02 02:34:35.214  1999  1999 I artd    : GetBestInfo: /data/user_de/0/com.google.android.gms/app_chimera/m/00000013/dl-IdentityCredentialsPlatform.optional_261934100400.apk has no usable artifacts
07-02 02:34:35.225  1999  1999 I artd    : GetBestInfo: /data/user_de/0/com.google.android.gms/app_chimera/m/0000000f/dl-VisionOcr.optional_261136100000.apk has no usable artifacts
07-02 02:34:35.225  1999  1999 I artd    : GetBestInfo: /data/user_de/0/com.google.android.gms/app_chimera/m/00000001/CronetDynamite.apk has no usable artifacts
07-02 02:34:35.225  1999  1999 I artd    : GetBestInfo: /data/user_de/0/com.google.android.gms/app_chimera/m/00000002/DynamiteLoader.apk has no usable artifacts
07-02 02:34:35.226  1999  2144 I artd    : GetBestInfo: /data/user_de/0/com.google.android.gms/app_chimera/m/00000005/GoogleCertificates.apk has no usable artifacts
07-02 02:34:35.226  1999  1999 I artd    : GetBestInfo: /data/user_de/0/com.google.android.gms/app_chimera/m/00000016/dl-TfliteDynamiteDynamite.integ_252130102100400.apk has no usable artifacts
07-02 02:34:35.231  1999  2144 I artd    : GetBestInfo: /data/user_de/0/com.google.android.gms/app_chimera/m/0000000c/dl-TfliteDynamiteDynamite.integ_260580502100400.apk has no usable artifacts
07-02 02:34:35.261  1999  1999 I artd    : GetBestInfo: /data/user/0/com.google.android.gms/app_dg_cache/9D5BCED7935D64431BF672B8BBD597199833CA19/the.apk has no usable artifacts
07-02 02:34:35.269  1999  2144 I artd    : GetBestInfo: /data/user_de/0/com.google.android.gms/app_chimera/m/0000000a/dl-IdentityCredentialsPlatform.optional_261136100400.apk has no usable artifacts
07-02 02:34:35.280  1999  2144 I artd    : GetBestInfo: /data/user_de/0/com.google.android.gms/app_chimera/m/00000010/dl-MlkitOcrCommon.optional_261136100400.apk has no usable artifacts
07-02 02:34:35.306  1999  2144 I artd    : GetBestInfo: vdex next to the dex file (/data/user/0/com.google.android.gms/app_dg_cache/5833371D1ACC412507A92815B074897510CCCEDD/oat/arm64/the.vdex) is kOatUpToDate with filter 'verify' executable 'false'
07-02 02:34:35.316  1999  2144 I artd    : GetBestInfo: vdex next to the dex file (/data/user/0/com.google.android.gms/app_dg_cache/10FF5D5C646CC9E2F04BD9D73A072BD012EF1A7A/oat/arm64/the.vdex) is kOatUpToDate with filter 'verify' executable 'false'
07-02 02:34:35.321  1999  2144 I artd    : GetBestInfo: /data/user_de/0/com.google.android.gms/app_chimera/m/00000017/dl-VisionBarcode.optional_261934100400.apk has no usable artifacts
07-02 02:34:35.327  1999  2144 I artd    : GetBestInfo: vdex next to the dex file (/data/user/0/com.google.android.gms/app_dg_cache/574CF0A3144EB354068F133F674AB38CCBB02976/oat/arm64/the.vdex) is kOatUpToDate with filter 'verify' executable 'false'
07-02 02:34:35.331  1999  2144 I artd    : GetBestInfo: /data/user_de/0/com.google.android.gms/app_chimera/m/0000001a/dl-MlkitOcrCommon.optional_261934100400.apk has no usable artifacts
07-02 02:34:35.339  1999  2144 I artd    : GetBestInfo: /data/user_de/0/com.google.android.gms/app_chimera/m/00000011/dl-PlayCloudSearch.optional_261136100000.apk has no usable artifacts
07-02 02:34:35.340  1999  1999 I artd    : GetBestInfo: /data/user_de/0/com.google.android.gms/app_chimera/m/0000000e/dl-MlkitBarcodeUi.optional_261136100400.apk has no usable artifacts
07-02 02:34:35.342  1999  2144 I artd    : GetBestInfo: /data/user_de/0/com.google.android.gms/app_chimera/m/00000008/dl-Appsearch.optional_261136100400.apk has no usable artifacts
07-02 02:34:35.356  1999  2144 I artd    : GetBestInfo: /data/user_de/0/com.google.android.gms/app_chimera/m/00000014/dl-Appsearch.optional_261934100400.apk has no usable artifacts
07-02 02:34:35.359  1999  2144 I artd    : GetBestInfo: /data/user_de/0/com.google.android.gms/app_chimera/m/00000018/dl-MlkitBarcodeUi.optional_261934100400.apk has no usable artifacts
07-02 02:34:35.367  1999  2144 I artd    : GetBestInfo: vdex next to the dex file (/data/user/0/com.google.android.gms/app_dg_cache/7C26F94942E0B3DC400FC8F3A2AF71B87FD5F04D/oat/arm64/the.vdex) is kOatUpToDate with filter 'verify' executable 'false'
07-02 02:34:35.368  1999  2144 I artd    : GetBestInfo: /data/user_de/0/com.google.android.gms/app_chimera/m/00000007/MeasurementDynamite.apk has no usable artifacts
07-02 02:34:36.062   491   589 W skia    : AGTM parsing failed flags.readFromStream(s) at 159
07-02 02:34:36.211 15960 15960 D WindowOnBackDispatcher: setTopOnBackInvokedCallback (unwrapped): android.app.Activity$$ExternalSyntheticLambda0@e8fca24
07-02 02:34:36.227   682  1667 D CoreBackPreview: Window{ab5f5e9 u0 com.example.myapplication/com.example.myapplication.MainActivity}: Setting back callback OnBackInvokedCallbackInfo{mCallback=android.window.IOnBackInvokedCallback$Stub$Proxy@12c85ce, mPriority=-1, mIsAnimationCallback=false, mOverrideBehavior=0}
07-02 02:34:36.250 15960 15960 D HealthConnect: SDK status: 3
07-02 02:34:36.538   491   589 W skia    : AGTM parsing failed flags.readFromStream(s) at 159
07-02 02:34:36.601   682  1069 I AdbWifiNetworkMonitor: Wi-Fi network available
07-02 02:34:36.601   682  1069 I AdbWifiNetworkMonitor: Received the same Wi-Fi SSID. Ignoring.
07-02 02:34:36.609   682  1026 I HalDevMgr: bestIfaceCreationProposal is null, requestIface=STA, existingIface=[name=wlan0 type=STA]
07-02 02:34:36.610   682   728 W Looper  : Drained
07-02 02:34:36.635 15960 15960 D HealthConnect: checkStatus - getOrCreate succeeded, returning Supported
07-02 02:34:36.653 15960 15960 D HealthConnect: hasAllPermissions called - client is null: false
07-02 02:34:36.654   682  1038 W libbinder.IPCThreadState: Sending oneway calls to frozen process.
07-02 02:34:36.654   682  1038 W libbinder.IPCThreadState: Sending oneway calls to frozen process.
07-02 02:34:36.654   682  1038 W libbinder.IPCThreadState: Sending oneway calls to frozen process.
07-02 02:34:36.654   682  1038 W libbinder.IPCThreadState: Sending oneway calls to frozen process.
07-02 02:34:36.657 15960 15960 D HealthConnect: getGrantedPermissions returned: []
07-02 02:34:36.659 15960 15960 D HealthConnect: hasAllPermissions: false, granted: [], permissions: [android.permission.health.READ_STEPS, android.permission.health.READ_HEART_RATE, android.permission.health.READ_EXERCISE, android.permission.health.READ_TOTAL_CALORIES_BURNED, android.permission.health.READ_ACTIVE_CALORIES_BURNED]
07-02 02:34:36.704   491   589 W skia    : AGTM parsing failed flags.readFromStream(s) at 159
07-02 02:34:36.760 15008 15052 D WM-WorkConstraintsTrack: NetworkRequestConstraintController onCapabilitiesChanged callback
07-02 02:34:36.795  4816  4983 I NullBinder: NullBinder for android.net.action.RECOMMEND_NETWORKS triggering remote TransactionTooLargeException due to Service without Chimera impl, calling uid: 1000, calling pid: 0
07-02 02:34:36.795  4816  4983 W libbinder.Binder: Large reply transaction of 1056768 bytes, interface descriptor , function: UNKNOWN_FUNCTION_NAME, code: 1, flags: 17
07-02 02:34:36.799  2871  3260 I BugleRcsEngine: Connected state: [1], networkType: [WIFI] [CONTEXT thread_id=56 ]
07-02 02:34:36.820  2871  3360 I BugleRcsEngine: handleMessage processing message:[NOTIFY_UPTIME_IGNORE_STATE_CHANGED] with [non-null]:RcsEngineImpl reference [CONTEXT log_prefix="RcsEngineImpl[DUAL_REG]:[353006a5-360b]>Handler" thread_id=62 ]
07-02 02:34:36.832   491   589 W skia    : AGTM parsing failed flags.readFromStream(s) at 159
07-02 02:34:36.843  2871  3360 I BugleRcsEngine: No RCS Configuration was found in Bugle for simID: redacted-pii:sim_id[chars:20,last3:897] [CONTEXT log_prefix="ProvisioningEngineDataRetriever" thread_id=62 ]
07-02 02:34:37.002   491   589 W skia    : AGTM parsing failed flags.readFromStream(s) at 159
07-02 02:34:37.302  4816  4816 I NearbySharing: Network state changed: NetworkState(isRestricted=false, isOnline=true, isCongested=false, isMetered=false, isWifiConnected=true)
07-02 02:34:37.308   491   589 W skia    : AGTM parsing failed flags.readFromStream(s) at 159
07-02 02:34:37.315   491   589 W skia    : AGTM parsing failed flags.readFromStream(s) at 159
07-02 02:34:37.494   491   589 W skia    : AGTM parsing failed flags.readFromStream(s) at 159
07-02 02:34:37.581   491   589 W skia    : AGTM parsing failed flags.readFromStream(s) at 159
07-02 02:34:39.629   682  1026 I HalDevMgr: bestIfaceCreationProposal is null, requestIface=STA, existingIface=[name=wlan0 type=STA]
07-02 02:34:39.693  1279  1514 D IpClient/wlan0: interfaceLinkStateChanged: ifindex 16 up
07-02 02:34:39.726   491   589 W skia    : AGTM parsing failed flags.readFromStream(s) at 159
07-02 02:34:39.741  1279  1514 D IpClient/wlan0: interfaceLinkStateChanged: ifindex 16 up
07-02 02:34:39.814 15960 15960 D WindowOnBackDispatcher: setTopOnBackInvokedCallback (unwrapped): androidx.activity.OnBackPressedDispatcher$Api34Impl$createOnBackAnimationCallback$1@81d7740
07-02 02:34:39.816   682  1146 D CoreBackPreview: Window{ab5f5e9 u0 com.example.myapplication/com.example.myapplication.MainActivity}: Setting back callback OnBackInvokedCallbackInfo{mCallback=android.window.IOnBackInvokedCallback$Stub$Proxy@c0decef, mPriority=0, mIsAnimationCallback=true, mOverrideBehavior=0}
07-02 02:34:39.930   491   589 W skia    : AGTM parsing failed flags.readFromStream(s) at 159
07-02 02:34:40.005  1150  1150 I wpa_supplicant: wlan0: CTRL-EVENT-BEACON-LOSS 
07-02 02:34:40.041   491   589 W skia    : AGTM parsing failed flags.readFromStream(s) at 159
07-02 02:34:40.090  4816 15941 I AlarmManager: setExactAndAllowWhileIdle [name: GCM_HB_ALARM type: 2 triggerAtMillis: 13262041]
07-02 02:34:40.098  4816 15941 I AlarmManager: setExactAndAllowWhileIdle [name: GCM_HB_ALARM type: 2 triggerAtMillis: 13262049]
07-02 02:34:40.162   491   589 W skia    : AGTM parsing failed flags.readFromStream(s) at 159
07-02 02:34:40.282   491   589 W skia    : AGTM parsing failed flags.readFromStream(s) at 159
07-02 02:34:40.539   491   589 W skia    : AGTM parsing failed flags.readFromStream(s) at 159
07-02 02:34:40.660   491   589 W skia    : AGTM parsing failed flags.readFromStream(s) at 159
07-02 02:34:40.924   491   589 W skia    : AGTM parsing failed flags.readFromStream(s) at 159
07-02 02:34:41.072 15960 15960 D AndroidRuntime: Shutting down VM
07-02 02:34:41.152   491   589 W skia    : AGTM parsing failed flags.readFromStream(s) at 159
07-02 02:34:41.216 15960 15960 E AndroidRuntime: FATAL EXCEPTION: main
07-02 02:34:41.216 15960 15960 E AndroidRuntime: Process: com.example.myapplication, PID: 15960
07-02 02:34:41.216 15960 15960 E AndroidRuntime: java.lang.IllegalArgumentException
07-02 02:34:41.216 15960 15960 E AndroidRuntime: 	at android.graphics.LinearGradient.nativeCreate(Native Method)
07-02 02:34:41.216 15960 15960 E AndroidRuntime: 	at android.graphics.LinearGradient.createNativeInstance(LinearGradient.java:159)
07-02 02:34:41.216 15960 15960 E AndroidRuntime: 	at android.graphics.Shader.getNativeInstance(Shader.java:192)
07-02 02:34:41.216 15960 15960 E AndroidRuntime: 	at android.graphics.Paint.getNativeInstance(Paint.java:840)
07-02 02:34:41.216 15960 15960 E AndroidRuntime: 	at android.graphics.BaseRecordingCanvas.drawRect(BaseRecordingCanvas.java:370)
07-02 02:34:41.216 15960 15960 E AndroidRuntime: 	at androidx.compose.ui.graphics.AndroidCanvas.drawRect(AndroidCanvas.android.kt:147)
07-02 02:34:41.216 15960 15960 E AndroidRuntime: 	at androidx.compose.ui.graphics.drawscope.CanvasDrawScope.drawRect-AsUm42w(CanvasDrawScope.kt:176)
07-02 02:34:41.216 15960 15960 E AndroidRuntime: 	at androidx.compose.ui.node.LayoutNodeDrawScope.drawRect-AsUm42w(LayoutNodeDrawScope.kt:13)
07-02 02:34:41.216 15960 15960 E AndroidRuntime: 	at androidx.compose.ui.graphics.drawscope.DrawScope.drawRect-AsUm42w$default(DrawScope.kt:430)
07-02 02:34:41.216 15960 15960 E AndroidRuntime: 	at androidx.compose.foundation.BackgroundNode.drawRect(Background.kt:183)
07-02 02:34:41.216 15960 15960 E AndroidRuntime: 	at androidx.compose.foundation.BackgroundNode.draw(Background.kt:163)
07-02 02:34:41.216 15960 15960 E AndroidRuntime: 	at androidx.compose.ui.node.LayoutNodeDrawScope.drawDirect-eZhPAX0$ui(LayoutNodeDrawScope.kt:132)
07-02 02:34:41.216 15960 15960 E AndroidRuntime: 	at androidx.compose.ui.node.LayoutNodeDrawScope.draw-eZhPAX0$ui(LayoutNodeDrawScope.kt:119)
07-02 02:34:41.216 15960 15960 E AndroidRuntime: 	at androidx.compose.ui.node.NodeCoordinator.drawContainedDrawModifiers(NodeCoordinator.kt:488)
07-02 02:34:41.216 15960 15960 E AndroidRuntime: 	at androidx.compose.ui.node.NodeCoordinator.access$drawContainedDrawModifiers(NodeCoordinator.kt:73)
07-02 02:34:41.216 15960 15960 E AndroidRuntime: 	at androidx.compose.ui.node.NodeCoordinator$drawBlock$drawBlockCallToDrawModifiers$1.invoke(NodeCoordinator.kt:511)
07-02 02:34:41.216 15960 15960 E AndroidRuntime: 	at androidx.compose.ui.node.NodeCoordinator$drawBlock$drawBlockCallToDrawModifiers$1.invoke(NodeCoordinator.kt:510)
07-02 02:34:41.216 15960 15960 E AndroidRuntime: 	at androidx.compose.runtime.snapshots.SnapshotStateObserver.observeReads(SnapshotStateObserver.kt:729)
07-02 02:34:41.216 15960 15960 E AndroidRuntime: 	at androidx.compose.ui.node.NodeCoordinator$drawBlock$1.invoke(NodeCoordinator.kt:1771)
07-02 02:34:41.216 15960 15960 E AndroidRuntime: 	at androidx.compose.ui.node.NodeCoordinator$drawBlock$1.invoke(NodeCoordinator.kt:513)
07-02 02:34:41.216 15960 15960 E AndroidRuntime: 	at androidx.compose.ui.platform.GraphicsLayerOwnerLayer$recordLambda$1.invoke(GraphicsLayerOwnerLayer.android.kt:281)
07-02 02:34:41.216 15960 15960 E AndroidRuntime: 	at androidx.compose.ui.platform.GraphicsLayerOwnerLayer$recordLambda$1.invoke(GraphicsLayerOwnerLayer.android.kt:279)
07-02 02:34:41.216 15960 15960 E AndroidRuntime: 	at androidx.compose.ui.graphics.layer.GraphicsLayer.drawWithChildTracking(AndroidGraphicsLayer.android.kt:439)
07-02 02:34:41.216 15960 15960 E AndroidRuntime: 	at androidx.compose.ui.graphics.layer.GraphicsLayer.access$drawWithChildTracking(AndroidGraphicsLayer.android.kt:56)
07-02 02:34:41.216 15960 15960 E AndroidRuntime: 	at androidx.compose.ui.graphics.layer.GraphicsLayer$clipDrawBlock$1.invoke(AndroidGraphicsLayer.android.kt:69)
07-02 02:34:41.216 15960 15960 E AndroidRuntime: 	at androidx.compose.ui.graphics.layer.GraphicsLayer$clipDrawBlock$1.invoke(AndroidGraphicsLayer.android.kt:64)
07-02 02:34:41.216 15960 15960 E AndroidRuntime: 	at androidx.compose.ui.graphics.layer.GraphicsLayerV29.record(GraphicsLayerV29.android.kt:251)
07-02 02:34:41.216 15960 15960 E AndroidRuntime: 	at androidx.compose.ui.graphics.layer.GraphicsLayer.recordInternal(AndroidGraphicsLayer.android.kt:432)
07-02 02:34:41.216 15960 15960 E AndroidRuntime: 	at androidx.compose.ui.graphics.layer.GraphicsLayer.record-mL-hObY(AndroidGraphicsLayer.android.kt:428)
07-02 02:34:41.216 15960 15960 E AndroidRuntime: 	at androidx.compose.ui.platform.GraphicsLayerOwnerLayer.updateDisplayList(GraphicsLayerOwnerLayer.android.kt:274)
07-02 02:34:41.216 15960 15960 E AndroidRuntime: 	at androidx.compose.ui.platform.GraphicsLayerOwnerLayer.drawLayer(GraphicsLayerOwnerLayer.android.kt:253)
07-02 02:34:41.216 15960 15960 E AndroidRuntime: 	at androidx.compose.ui.node.NodeCoordinator.draw(NodeCoordinator.kt:472)
07-02 02:34:41.216 15960 15960 E AndroidRuntime: 	at androidx.compose.ui.node.LayoutModifierNodeCoordinator.performDraw(LayoutModifierNodeCoordinator.kt:274)
07-02 02:34:41.216 15960 15960 E AndroidRuntime: 	at androidx.compose.ui.node.NodeCoordinator.drawContainedDrawModifiers(NodeCoordinator.kt:485)
07-02 02:34:41.216 15960 15960 E AndroidRuntime: 	at androidx.compose.ui.node.NodeCoordinator.draw(NodeCoordinator.kt:477)
07-02 02:34:41.216 15960 15960 E AndroidRuntime: 	at androidx.compose.ui.node.LayoutNode.draw$ui(LayoutNode.kt:1043)
07-02 02:34:41.216 15960 15960 E AndroidRuntime: 	at androidx.compose.ui.node.InnerNodeCoordinator.performDraw(InnerNodeCoordinator.kt:179)
07-02 02:34:41.216 15960 15960 E AndroidRuntime: 	at androidx.compose.ui.node.NodeCoordinator.drawContainedDrawModifiers(NodeCoordinator.kt:485)
07-02 02:34:41.216 15960 15960 E AndroidRuntime: 	at androidx.compose.ui.node.NodeCoordinator.draw(NodeCoordinator.kt:477)
07-02 02:34:41.216 15960 15960 E AndroidRuntime: 	at androidx.compose.ui.node.LayoutModifierNodeCoordinator.performDraw(LayoutModifierNodeCoordinator.kt:274)
07-02 02:34:41.216 15960 15960 E AndroidRuntime: 	at androidx.compose.ui.node.LayoutNodeDrawScope.drawContent(LayoutNodeDrawScope.kt:74)
07-02 02:34:41.216 15960 15960 E AndroidRuntime: 	at androidx.compose.foundation.BorderModifierNode.drawRoundRectBorder_JqoCqck$lambda$0(Border.kt:304)
07-02 02:34:41.216 15960 15960 E AndroidRuntime: 	at androidx.compose.foundation.BorderModifierNode$$ExternalSyntheticLambda0.invoke(D8$$SyntheticClass:0)
07-02 02:34:41.216 15960 15960 E AndroidRuntime: 	at androidx.compose.ui.draw.CacheDrawModifierNodeImpl.draw(DrawModifier.kt:332)
07-02 02:34:41.216 15960 15960 E AndroidRuntime: 	at androidx.compose.ui.node.LayoutNodeDrawScope.drawDirect-eZhPAX0$ui(LayoutNodeDrawScope.kt:132)
07-02 02:34:41.216 15960 15960 E AndroidRuntime: 	at androidx.compose.ui.node.LayoutNodeDrawScope.performDraw(LayoutNodeDrawScope.kt:109)
07-02 02:34:41.216 15960 15960 E AndroidRuntime: 	at androidx.compose.ui.node.LayoutNodeDrawScope.drawContent(LayoutNodeDrawScope.kt:65)
07-02 02:34:41.216 15960 15960 E AndroidRuntime: 	at androidx.compose.foundation.BackgroundNode.draw(Background.kt:167)
07-02 02:34:41.216 15960 15960 E AndroidRuntime: 	at androidx.compose.ui.node.LayoutNodeDrawScope.drawDirect-eZhPAX0$ui(LayoutNodeDrawScope.kt:132)
07-02 02:34:41.216 15960 15960 E AndroidRuntime: 	at androidx.compose.ui.node.LayoutNodeDrawScope.draw-eZhPAX0$ui(LayoutNodeDrawScope.kt:119)
07-02 02:34:41.216 15960 15960 E AndroidRuntime: 	at androidx.compose.ui.node.NodeCoordinator.drawContainedDrawModifiers(NodeCoordinator.kt:488)
07-02 02:34:41.216 15960 15960 E AndroidRuntime: 	at androidx.compose.ui.node.NodeCoordinator.access$drawContainedDrawModifiers(NodeCoordinator.kt:73)
07-02 02:34:41.216 15960 15960 E AndroidRuntime: 	at androidx.compose.ui.node.NodeCoordinator$drawBlock$drawBlockCallToDrawModifiers$1.invoke(NodeCoordinator.kt:511)
07-02 02:34:41.216 15960 15960 E AndroidRuntime: 	at androidx.compose.ui.node.NodeCoordinator$drawBlock$drawBlockCallToDrawModifiers$1.invoke(NodeCoordinator.kt:510)
07-02 02:34:41.216 15960 15960 E AndroidRuntime: 	at androidx.compose.runtime.snapshots.SnapshotStateObserver.observeReads(SnapshotStateObserver.kt:729)
07-02 02:34:41.216 15960 15960 E AndroidRuntime: 	at androidx.compose.ui.node.NodeCoordinator$drawBlock$1.invoke(NodeCoordinator.kt:1771)
07-02 02:34:41.216 15960 15960 E AndroidRuntime: 	at androidx.compose.ui.node.NodeCoordinator$drawBlock$1.invoke(NodeCoordinator.kt:513)
07-02 02:34:41.216 15960 15960 E AndroidRuntime: 	at androidx.compose.ui.platform.GraphicsLayerOwnerLayer$recordLambda$1.invoke(GraphicsLayerOwnerLayer.android.kt:281)
07-02 02:34:41.216 15960 15960 E AndroidRuntime: 	at androidx.compose.ui.platform.GraphicsLayerOwnerLayer$recordLambda$1.invoke(GraphicsLayerOwnerLayer.android.kt:279)
07-02 02:34:41.216 15960 15960 E AndroidRuntime: 	at androidx.compose.ui.graphics.layer.GraphicsLayer.drawWithChildTracking(AndroidGraphicsLayer.android.kt:439)
07-02 02:34:41.216 15960 15960 E AndroidRuntime: 	at androidx.compose.ui.graphics.layer.GraphicsLayer.access$drawWithChildTracking(AndroidGraphicsLayer.android.kt:56)
07-02 02:34:41.216 15960 15960 E AndroidRuntime: 	at androidx.compose.ui.graphics.layer.GraphicsLayer$clipDrawBlock$1.invoke(AndroidGraphicsLayer.android.kt:69)
07-02 02:34:41.216 15960 15960 E AndroidRuntime: 	at androidx.compose.ui.graphics.layer.GraphicsLayer$clipDrawBlock$1.invoke(AndroidGraphicsLayer.android.kt:64)
07-02 02:34:41.216 15960 15960 E AndroidRuntime: 	at androidx.compose.ui.graphics.layer.GraphicsLayerV29.record(GraphicsLayerV29.android.kt:251)
07-02 02:34:41.216 15960 15960 E AndroidRuntime: 	at androidx.compose.ui.graphics.layer.GraphicsLayer.recordInternal(AndroidGraphicsLayer.android.kt:432)
07-02 02:34:41.216 15960 15960 E AndroidRuntime: 	at androidx.compose.ui.graphics.layer.GraphicsLayer.record-mL-hObY(AndroidGraphicsLayer.android.kt:428)
07-02 02:34:41.216 15960 15960 E AndroidRuntime: 	at androidx.compose.ui.platform.GraphicsLayerOwnerLayer.updateDisplayList(GraphicsLayerOwnerLayer.android.kt:274)
07-02 02:34:41.216 15960 15960 E AndroidRuntime: 	at androidx.compose.ui.platform.GraphicsLayerOwnerLayer.drawLayer(GraphicsLayerOwnerLayer.android.kt:253)
07-02 02:34:41.216 15960 15960 E AndroidRuntime: 	at androidx.compose.ui.node.NodeCoordinator.draw(NodeCoordinator.kt:472)
07-02 02:34:41.216 15960 15960 E AndroidRuntime: 	at androidx.compose.ui.node.LayoutModifierNodeCoordinator.performDraw(LayoutModifierNodeCoordinator.kt:274)
07-02 02:34:41.216 15960 15960 E AndroidRuntime: 	at androidx.compose.ui.node.NodeCoordinator.drawContainedDrawModifiers(NodeCoordinator.kt:485)
07-02 02:34:41.216 15960 15960 E AndroidRuntime: 	at androidx.compose.ui.node.NodeCoordinator.access$drawContainedDrawModifiers(NodeCoordinator.kt:73)
07-02 02:34:41.216 15960 15960 E AndroidRuntime: 	at androidx.compose.ui.node.NodeCoordinator$drawBlock$drawBlockCallToDrawModifiers$1.invoke(NodeCoordinator.kt:511)
07-02 02:34:41.216 15960 15960 E AndroidRuntime: 	at androidx.compose.ui.node.NodeCoordinator$drawBlock$drawBlockCallToDrawModifiers$1.invoke(NodeCoordinator.kt:510)
07-02 02:34:41.216 15960 15960 E AndroidRuntime: 	at androidx.compose.runtime.snapshots.SnapshotStateObserver.observeReads(SnapshotStateObserver.kt:729)
07-02 02:34:41.216 15960 15960 E AndroidRuntime: 	at androidx.compose.ui.node.NodeCoordinator$drawBlock$1.invoke(NodeCoordinator.kt:1771)
07-02 02:34:41.216 15960 15960 E AndroidRuntime: 	at androidx.compose.ui.node.NodeCoordinator$drawBlock$1.invoke(NodeCoordinator.kt:513)
07-02 02:34:41.216 15960 15960 E AndroidRuntime: 	at androidx.compose.ui.platform.GraphicsLayerOwnerLayer$recordLambda$1.invoke(GraphicsLayerOwnerLayer.android.kt:281)
07-02 02:34:41.216 15960 15960 E AndroidRuntime: 	at androidx.compose.ui.platform.GraphicsLayerOwnerLayer$recordLambda$1.invoke(GraphicsLayerOwnerLayer.android.kt:279)
07-02 02:34:41.216 15960 15960 E AndroidRuntime: 	at androidx.compose.ui.graphics.layer.GraphicsLayer.drawWithChildTracking(AndroidGraphicsLayer.android.kt:439)
07-02 02:34:41.216 15960 15960 E AndroidRuntime: 	at androidx.compose.ui.graphics.layer.GraphicsLayer.access$drawWithChildTracking(AndroidGraphicsLayer.android.kt:56)
07-02 02:34:41.216 15960 15960 E AndroidRuntime: 	at androidx.compose.ui.graphics.layer.GraphicsLayer$clipDrawBlock$1.invoke(AndroidGraphicsLayer.android.kt:69)
07-02 02:34:41.216 15960 15960 E AndroidRuntime: 	at androidx.compose.ui.graphics.layer.GraphicsLayer$clipDrawBlock$1.invoke(AndroidGraphicsLayer.android.kt:64)
07-02 02:34:41.216 15960 15960 E AndroidRuntime: 	at androidx.compose.ui.graphics.layer.GraphicsLayerV29.record(GraphicsLayerV29.android.kt:251)
07-02 02:34:41.216 15960 15960 E AndroidRuntime: 	at androidx.compose.ui.graphics.layer.GraphicsLayer.recordInternal(AndroidGraphicsLayer.android.kt:432)
07-02 02:34:41.216 15960 15960 E AndroidRuntime: 	at androidx.compose.ui.graphics.layer.GraphicsLayer.record-mL-hObY(AndroidGraphicsLayer.android.kt:428)
07-02 02:34:41.216 15960 15960 E AndroidRuntime: 	at androidx.compose.ui.platform.GraphicsLayerOwnerLayer.updateDisplayList(GraphicsLayerOwnerLayer.android.kt:274)
07-02 02:34:41.216 15960 15960 E AndroidRuntime: 	at androidx.compose.ui.platform.GraphicsLayerOwnerLayer.drawLayer(GraphicsLayerOwnerLayer.android.kt:253)
07-02 02:34:41.216 15960 15960 E AndroidRuntime: 	at androidx.compose.ui.node.NodeCoordinator.draw(NodeCoordinator.kt:472)
07-02 02:34:41.216 15960 15960 E AndroidRuntime: 	at androidx.compose.ui.node.LayoutModifierNodeCoordinator.performDraw(LayoutModifierNodeCoordinator.kt:274)
07-02 02:34:41.216 15960 15960 E AndroidRuntime: 	at androidx.compose.ui.node.NodeCoordinator.drawContainedDrawModifiers(NodeCoordinator.kt:485)
07-02 02:34:41.216 15960 15960 E AndroidRuntime: 	at androidx.compose.ui.node.NodeCoordinator.draw(NodeCoordinator.kt:477)
07-02 02:34:41.216 15960 15960 E AndroidRuntime: 	at androidx.compose.ui.node.LayoutModifierNodeCoordinator.performDraw(LayoutModifierNodeCoordinator.kt:274)
07-02 02:34:41.216 15960 15960 E AndroidRuntime: 	at androidx.compose.ui.node.NodeCoordinator.drawContainedDrawModifiers(NodeCoordinator.kt:485)
07-02 02:34:41.216 15960 15960 E AndroidRuntime: 	at androidx.compose.ui.node.NodeCoordinator.draw(NodeCoordinator.kt:477)
07-02 02:34:41.216 15960 15960 E AndroidRuntime: 	at androidx.compose.ui.node.LayoutModifierNodeCoordinator.performDraw(LayoutModifierNodeCoordinator.kt:274)
07-02 02:34:41.216 15960 15960 E AndroidRuntime: 	at androidx.compose.ui.node.NodeCoordinator.drawContainedDrawModifiers(NodeCoordinator.kt:485)
07-02 02:34:41.216 15960 15960 E AndroidRuntime: 	at androidx.compose.ui.node.NodeCoordinator.draw(NodeCoordinator.kt:477)
07-02 02:34:41.216 15960 15960 E AndroidRuntime: 	at androidx.compose.ui.node.LayoutNode.draw$ui(LayoutNode.kt:1043)
07-02 02:34:41.216 15960 15960 E AndroidRuntime: 	at androidx.compose.ui.node.InnerNodeCoordinator.performDraw(InnerNodeCoordinator.kt:179)
07-02 02:34:41.216 15960 15960 E AndroidRuntime: 	at androidx.compose.ui.node.NodeCoordinator.drawContainedDrawModifiers(NodeCoordinator.kt:485)
07-02 02:34:41.216 15960 15960 E AndroidRuntime: 	at androidx.compose.ui.node.NodeCoordinator.access$drawContainedDrawModifiers(NodeCoordinator.kt:73)
07-02 02:34:41.216 15960 15960 E AndroidRuntime: 	at androidx.compose.ui.node.NodeCoordinator$drawBlock$drawBlockCallToDrawModifiers$1.invoke(NodeCoordinator.kt:511)
07-02 02:34:41.216 15960 15960 E AndroidRuntime: 	at androidx.compose.ui.node.NodeCoordinator$drawBlock$drawBlockCallToDrawModifiers$1.invoke(NodeCoordinator.kt:510)
07-02 02:34:41.216 15960 15960 E AndroidRuntime: 	at androidx.compose.runtime.snapshots.SnapshotStateObserver.observeReads(SnapshotStateObserver.kt:729)
07-02 02:34:41.216 15960 15960 E AndroidRuntime: 	at androidx.compose.ui.node.NodeCoordinator$drawBlock$1.invoke(NodeCoordinator.kt:1771)
07-02 02:34:41.216 15960 15960 E AndroidRuntime: 	at androidx.compose.ui.node.NodeCoordinator$drawBlock$1.invoke(NodeCoordinator.kt:513)
07-02 02:34:41.216 15960 15960 E AndroidRuntime: 	at androidx.compose.ui.platform.GraphicsLayerOwnerLayer$recordLambda$1.invoke(GraphicsLayerOwnerLayer.android.kt:281)
07-02 02:34:41.216 15960 15960 E AndroidRuntime: 	at androidx.compose.ui.platform.GraphicsLayerOwnerLayer$recordLambda$1.invoke(GraphicsLayerOwnerLayer.android.kt:279)
