07-02 02:33:10.163 15713 15713 E AndroidRuntime: 	at android.graphics.BaseRecordingCanvas.drawRect(BaseRecordingCanvas.java:370)
07-02 02:33:10.163 15713 15713 E AndroidRuntime: 	at androidx.compose.ui.graphics.AndroidCanvas.drawRect(AndroidCanvas.android.kt:147)
07-02 02:33:10.163 15713 15713 E AndroidRuntime: 	at androidx.compose.ui.graphics.drawscope.CanvasDrawScope.drawRect-AsUm42w(CanvasDrawScope.kt:176)
07-02 02:33:10.163 15713 15713 E AndroidRuntime: 	at androidx.compose.ui.node.LayoutNodeDrawScope.drawRect-AsUm42w(LayoutNodeDrawScope.kt:13)
07-02 02:33:10.163 15713 15713 E AndroidRuntime: 	at androidx.compose.ui.graphics.drawscope.DrawScope.drawRect-AsUm42w$default(DrawScope.kt:430)
07-02 02:33:10.163 15713 15713 E AndroidRuntime: 	at androidx.compose.foundation.BackgroundNode.drawRect(Background.kt:183)
07-02 02:33:10.163 15713 15713 E AndroidRuntime: 	at androidx.compose.foundation.BackgroundNode.draw(Background.kt:163)
07-02 02:33:10.163 15713 15713 E AndroidRuntime: 	at androidx.compose.ui.node.LayoutNodeDrawScope.drawDirect-eZhPAX0$ui(LayoutNodeDrawScope.kt:132)
07-02 02:33:10.163 15713 15713 E AndroidRuntime: 	at androidx.compose.ui.node.LayoutNodeDrawScope.draw-eZhPAX0$ui(LayoutNodeDrawScope.kt:119)
07-02 02:33:10.163 15713 15713 E AndroidRuntime: 	at androidx.compose.ui.node.NodeCoordinator.drawContainedDrawModifiers(NodeCoordinator.kt:488)
07-02 02:33:10.163 15713 15713 E AndroidRuntime: 	at androidx.compose.ui.node.NodeCoordinator.access$drawContainedDrawModifiers(NodeCoordinator.kt:73)
07-02 02:33:10.163 15713 15713 E AndroidRuntime: 	at androidx.compose.ui.node.NodeCoordinator$drawBlock$drawBlockCallToDrawModifiers$1.invoke(NodeCoordinator.kt:511)
07-02 02:33:10.163 15713 15713 E AndroidRuntime: 	at androidx.compose.ui.node.NodeCoordinator$drawBlock$drawBlockCallToDrawModifiers$1.invoke(NodeCoordinator.kt:510)
07-02 02:33:10.163 15713 15713 E AndroidRuntime: 	at androidx.compose.runtime.snapshots.SnapshotStateObserver.observeReads(SnapshotStateObserver.kt:729)
07-02 02:33:10.163 15713 15713 E AndroidRuntime: 	at androidx.compose.ui.node.NodeCoordinator$drawBlock$1.invoke(NodeCoordinator.kt:1771)
07-02 02:33:10.163 15713 15713 E AndroidRuntime: 	at androidx.compose.ui.node.NodeCoordinator$drawBlock$1.invoke(NodeCoordinator.kt:513)
07-02 02:33:10.163 15713 15713 E AndroidRuntime: 	at androidx.compose.ui.platform.GraphicsLayerOwnerLayer$recordLambda$1.invoke(GraphicsLayerOwnerLayer.android.kt:281)
07-02 02:33:10.163 15713 15713 E AndroidRuntime: 	at androidx.compose.ui.platform.GraphicsLayerOwnerLayer$recordLambda$1.invoke(GraphicsLayerOwnerLayer.android.kt:279)
07-02 02:33:10.163 15713 15713 E AndroidRuntime: 	at androidx.compose.ui.graphics.layer.GraphicsLayer.drawWithChildTracking(AndroidGraphicsLayer.android.kt:439)
07-02 02:33:10.163 15713 15713 E AndroidRuntime: 	at androidx.compose.ui.graphics.layer.GraphicsLayer.access$drawWithChildTracking(AndroidGraphicsLayer.android.kt:56)
07-02 02:33:10.163 15713 15713 E AndroidRuntime: 	at androidx.compose.ui.graphics.layer.GraphicsLayer$clipDrawBlock$1.invoke(AndroidGraphicsLayer.android.kt:69)
07-02 02:33:10.163 15713 15713 E AndroidRuntime: 	at androidx.compose.ui.graphics.layer.GraphicsLayer$clipDrawBlock$1.invoke(AndroidGraphicsLayer.android.kt:64)
07-02 02:33:10.163 15713 15713 E AndroidRuntime: 	at androidx.compose.ui.graphics.layer.GraphicsLayerV29.record(GraphicsLayerV29.android.kt:251)
07-02 02:33:10.163 15713 15713 E AndroidRuntime: 	at androidx.compose.ui.graphics.layer.GraphicsLayer.recordInternal(AndroidGraphicsLayer.android.kt:432)
07-02 02:33:10.163 15713 15713 E AndroidRuntime: 	at androidx.compose.ui.graphics.layer.GraphicsLayer.record-mL-hObY(AndroidGraphicsLayer.android.kt:428)
07-02 02:33:10.163 15713 15713 E AndroidRuntime: 	at androidx.compose.ui.platform.GraphicsLayerOwnerLayer.updateDisplayList(GraphicsLayerOwnerLayer.android.kt:274)
07-02 02:33:10.163 15713 15713 E AndroidRuntime: 	at androidx.compose.ui.platform.GraphicsLayerOwnerLayer.drawLayer(GraphicsLayerOwnerLayer.android.kt:253)
07-02 02:33:10.163 15713 15713 E AndroidRuntime: 	at androidx.compose.ui.node.NodeCoordinator.draw(NodeCoordinator.kt:472)
07-02 02:33:10.163 15713 15713 E AndroidRuntime: 	at androidx.compose.ui.node.LayoutModifierNodeCoordinator.performDraw(LayoutModifierNodeCoordinator.kt:274)
07-02 02:33:10.163 15713 15713 E AndroidRuntime: 	at androidx.compose.ui.node.NodeCoordinator.drawContainedDrawModifiers(NodeCoordinator.kt:485)
07-02 02:33:10.163 15713 15713 E AndroidRuntime: 	at androidx.compose.ui.node.NodeCoordinator.draw(NodeCoordinator.kt:477)
07-02 02:33:10.163 15713 15713 E AndroidRuntime: 	at androidx.compose.ui.node.LayoutNode.draw$ui(LayoutNode.kt:1043)
07-02 02:33:10.163 15713 15713 E AndroidRuntime: 	at androidx.compose.ui.node.InnerNodeCoordinator.performDraw(InnerNodeCoordinator.kt:179)
07-02 02:33:10.163 15713 15713 E AndroidRuntime: 	at androidx.compose.ui.node.NodeCoordinator.drawContainedDrawModifiers(NodeCoordinator.kt:485)
07-02 02:33:10.163 15713 15713 E AndroidRuntime: 	at androidx.compose.ui.node.NodeCoordinator.draw(NodeCoordinator.kt:477)
07-02 02:33:10.163 15713 15713 E AndroidRuntime: 	at androidx.compose.ui.node.LayoutModifierNodeCoordinator.performDraw(LayoutModifierNodeCoordinator.kt:274)
07-02 02:33:10.163 15713 15713 E AndroidRuntime: 	at androidx.compose.ui.node.LayoutNodeDrawScope.drawContent(LayoutNodeDrawScope.kt:74)
07-02 02:33:10.164 15713 15713 E AndroidRuntime: 	at androidx.compose.foundation.BorderModifierNode.drawRoundRectBorder_JqoCqck$lambda$0(Border.kt:304)
07-02 02:33:10.164 15713 15713 E AndroidRuntime: 	at androidx.compose.foundation.BorderModifierNode$$ExternalSyntheticLambda0.invoke(D8$$SyntheticClass:0)
07-02 02:33:10.164 15713 15713 E AndroidRuntime: 	at androidx.compose.ui.draw.CacheDrawModifierNodeImpl.draw(DrawModifier.kt:332)
07-02 02:33:10.164 15713 15713 E AndroidRuntime: 	at androidx.compose.ui.node.LayoutNodeDrawScope.drawDirect-eZhPAX0$ui(LayoutNodeDrawScope.kt:132)
07-02 02:33:10.164 15713 15713 E AndroidRuntime: 	at androidx.compose.ui.node.LayoutNodeDrawScope.performDraw(LayoutNodeDrawScope.kt:109)
07-02 02:33:10.164 15713 15713 E AndroidRuntime: 	at androidx.compose.ui.node.LayoutNodeDrawScope.drawContent(LayoutNodeDrawScope.kt:65)
07-02 02:33:10.164 15713 15713 E AndroidRuntime: 	at androidx.compose.foundation.BackgroundNode.draw(Background.kt:167)
07-02 02:33:10.164 15713 15713 E AndroidRuntime: 	at androidx.compose.ui.node.LayoutNodeDrawScope.drawDirect-eZhPAX0$ui(LayoutNodeDrawScope.kt:132)
07-02 02:33:10.164 15713 15713 E AndroidRuntime: 	at androidx.compose.ui.node.LayoutNodeDrawScope.draw-eZhPAX0$ui(LayoutNodeDrawScope.kt:119)
07-02 02:33:10.164 15713 15713 E AndroidRuntime: 	at androidx.compose.ui.node.NodeCoordinator.drawContainedDrawModifiers(NodeCoordinator.kt:488)
07-02 02:33:10.164 15713 15713 E AndroidRuntime: 	at androidx.compose.ui.node.NodeCoordinator.access$drawContainedDrawModifiers(NodeCoordinator.kt:73)
07-02 02:33:10.164 15713 15713 E AndroidRuntime: 	at androidx.compose.ui.node.NodeCoordinator$drawBlock$drawBlockCallToDrawModifiers$1.invoke(NodeCoordinator.kt:511)
07-02 02:33:10.164 15713 15713 E AndroidRuntime: 	at androidx.compose.ui.node.NodeCoordinator$drawBlock$drawBlockCallToDrawModifiers$1.invoke(NodeCoordinator.kt:510)
07-02 02:33:10.164 15713 15713 E AndroidRuntime: 	at androidx.compose.runtime.snapshots.SnapshotStateObserver.observeReads(SnapshotStateObserver.kt:729)
07-02 02:33:10.164 15713 15713 E AndroidRuntime: 	at androidx.compose.ui.node.NodeCoordinator$drawBlock$1.invoke(NodeCoordinator.kt:1771)
07-02 02:33:10.164 15713 15713 E AndroidRuntime: 	at androidx.compose.ui.node.NodeCoordinator$drawBlock$1.invoke(NodeCoordinator.kt:513)
07-02 02:33:10.164 15713 15713 E AndroidRuntime: 	at androidx.compose.ui.platform.GraphicsLayerOwnerLayer$recordLambda$1.invoke(GraphicsLayerOwnerLayer.android.kt:281)
07-02 02:33:10.164 15713 15713 E AndroidRuntime: 	at androidx.compose.ui.platform.GraphicsLayerOwnerLayer$recordLambda$1.invoke(GraphicsLayerOwnerLayer.android.kt:279)
07-02 02:33:10.164 15713 15713 E AndroidRuntime: 	at androidx.compose.ui.graphics.layer.GraphicsLayer.drawWithChildTracking(AndroidGraphicsLayer.android.kt:439)
07-02 02:33:10.164 15713 15713 E AndroidRuntime: 	at androidx.compose.ui.graphics.layer.GraphicsLayer.access$drawWithChildTracking(AndroidGraphicsLayer.android.kt:56)
07-02 02:33:10.164 15713 15713 E AndroidRuntime: 	at androidx.compose.ui.graphics.layer.GraphicsLayer$clipDrawBlock$1.invoke(AndroidGraphicsLayer.android.kt:69)
07-02 02:33:10.164 15713 15713 E AndroidRuntime: 	at androidx.compose.ui.graphics.layer.GraphicsLayer$clipDrawBlock$1.invoke(AndroidGraphicsLayer.android.kt:64)
07-02 02:33:10.164 15713 15713 E AndroidRuntime: 	at androidx.compose.ui.graphics.layer.GraphicsLayerV29.record(GraphicsLayerV29.android.kt:251)
07-02 02:33:10.164 15713 15713 E AndroidRuntime: 	at androidx.compose.ui.graphics.layer.GraphicsLayer.recordInternal(AndroidGraphicsLayer.android.kt:432)
07-02 02:33:10.164 15713 15713 E AndroidRuntime: 	at androidx.compose.ui.graphics.layer.GraphicsLayer.record-mL-hObY(AndroidGraphicsLayer.android.kt:428)
07-02 02:33:10.164 15713 15713 E AndroidRuntime: 	at androidx.compose.ui.platform.GraphicsLayerOwnerLayer.updateDisplayList(GraphicsLayerOwnerLayer.android.kt:274)
07-02 02:33:10.164 15713 15713 E AndroidRuntime: 	at androidx.compose.ui.platform.GraphicsLayerOwnerLayer.drawLayer(GraphicsLayerOwnerLayer.android.kt:253)
07-02 02:33:10.164 15713 15713 E AndroidRuntime: 	at androidx.compose.ui.node.NodeCoordinator.draw(NodeCoordinator.kt:472)
07-02 02:33:10.164 15713 15713 E AndroidRuntime: 	at androidx.compose.ui.node.LayoutModifierNodeCoordinator.performDraw(LayoutModifierNodeCoordinator.kt:274)
07-02 02:33:10.164 15713 15713 E AndroidRuntime: 	at androidx.compose.ui.node.NodeCoordinator.drawContainedDrawModifiers(NodeCoordinator.kt:485)
07-02 02:33:10.164 15713 15713 E AndroidRuntime: 	at androidx.compose.ui.node.NodeCoordinator.access$drawContainedDrawModifiers(NodeCoordinator.kt:73)
07-02 02:33:10.164 15713 15713 E AndroidRuntime: 	at androidx.compose.ui.node.NodeCoordinator$drawBlock$drawBlockCallToDrawModifiers$1.invoke(NodeCoordinator.kt:511)
07-02 02:33:10.164 15713 15713 E AndroidRuntime: 	at androidx.compose.ui.node.NodeCoordinator$drawBlock$drawBlockCallToDrawModifiers$1.invoke(NodeCoordinator.kt:510)
07-02 02:33:10.164 15713 15713 E AndroidRuntime: 	at androidx.compose.runtime.snapshots.SnapshotStateObserver.observeReads(SnapshotStateObserver.kt:729)
07-02 02:33:10.164 15713 15713 E AndroidRuntime: 	at androidx.compose.ui.node.NodeCoordinator$drawBlock$1.invoke(NodeCoordinator.kt:1771)
07-02 02:33:10.164 15713 15713 E AndroidRuntime: 	at androidx.compose.ui.node.NodeCoordinator$drawBlock$1.invoke(NodeCoordinator.kt:513)
07-02 02:33:10.164 15713 15713 E AndroidRuntime: 	at androidx.compose.ui.platform.GraphicsLayerOwnerLayer$recordLambda$1.invoke(GraphicsLayerOwnerLayer.android.kt:281)
07-02 02:33:10.164 15713 15713 E AndroidRuntime: 	at androidx.compose.ui.platform.GraphicsLayerOwnerLayer$recordLambda$1.invoke(GraphicsLayerOwnerLayer.android.kt:279)
07-02 02:33:10.164 15713 15713 E AndroidRuntime: 	at androidx.compose.ui.graphics.layer.GraphicsLayer.drawWithChildTracking(AndroidGraphicsLayer.android.kt:439)
07-02 02:33:10.167 15713 15713 E AndroidRuntime: 	at androidx.compose.ui.graphics.layer.GraphicsLayer.access$drawWithChildTracking(AndroidGraphicsLayer.android.kt:56)
07-02 02:33:10.167 15713 15713 E AndroidRuntime: 	at androidx.compose.ui.graphics.layer.GraphicsLayer$clipDrawBlock$1.invoke(AndroidGraphicsLayer.android.kt:69)
07-02 02:33:10.167 15713 15713 E AndroidRuntime: 	at androidx.compose.ui.graphics.layer.GraphicsLayer$clipDrawBlock$1.invoke(AndroidGraphicsLayer.android.kt:64)
07-02 02:33:10.167 15713 15713 E AndroidRuntime: 	at androidx.compose.ui.graphics.layer.GraphicsLayerV29.record(GraphicsLayerV29.android.kt:251)
07-02 02:33:10.167 15713 15713 E AndroidRuntime: 	at androidx.compose.ui.graphics.layer.GraphicsLayer.recordInternal(AndroidGraphicsLayer.android.kt:432)
07-02 02:33:10.167 15713 15713 E AndroidRuntime: 	at androidx.compose.ui.graphics.layer.GraphicsLayer.record-mL-hObY(AndroidGraphicsLayer.android.kt:428)
07-02 02:33:10.167 15713 15713 E AndroidRuntime: 	at androidx.compose.ui.platform.GraphicsLayerOwnerLayer.updateDisplayList(GraphicsLayerOwnerLayer.android.kt:274)
07-02 02:33:10.167 15713 15713 E AndroidRuntime: 	at androidx.compose.ui.platform.GraphicsLayerOwnerLayer.drawLayer(GraphicsLayerOwnerLayer.android.kt:253)
07-02 02:33:10.167 15713 15713 E AndroidRuntime: 	at androidx.compose.ui.node.NodeCoordinator.draw(NodeCoordinator.kt:472)
07-02 02:33:10.167 15713 15713 E AndroidRuntime: 	at androidx.compose.ui.node.LayoutModifierNodeCoordinator.performDraw(LayoutModifierNodeCoordinator.kt:274)
07-02 02:33:10.167 15713 15713 E AndroidRuntime: 	at androidx.compose.ui.node.NodeCoordinator.drawContainedDrawModifiers(NodeCoordinator.kt:485)
07-02 02:33:10.167 15713 15713 E AndroidRuntime: 	at androidx.compose.ui.node.NodeCoordinator.draw(NodeCoordinator.kt:477)
07-02 02:33:10.167 15713 15713 E AndroidRuntime: 	at androidx.compose.ui.node.LayoutModifierNodeCoordinator.performDraw(LayoutModifierNodeCoordinator.kt:274)
07-02 02:33:10.167 15713 15713 E AndroidRuntime: 	at androidx.compose.ui.node.NodeCoordinator.drawContainedDrawModifiers(NodeCoordinator.kt:485)
07-02 02:33:10.167 15713 15713 E AndroidRuntime: 	at androidx.compose.ui.node.NodeCoordinator.draw(NodeCoordinator.kt:477)
07-02 02:33:10.167 15713 15713 E AndroidRuntime: 	at androidx.compose.ui.node.LayoutModifierNodeCoordinator.performDraw(LayoutModifierNodeCoordinator.kt:274)
07-02 02:33:10.167 15713 15713 E AndroidRuntime: 	at androidx.compose.ui.node.NodeCoordinator.drawContainedDrawModifiers(NodeCoordinator.kt:485)
07-02 02:33:10.167 15713 15713 E AndroidRuntime: 	at androidx.compose.ui.node.NodeCoordinator.draw(NodeCoordinator.kt:477)
07-02 02:33:10.167 15713 15713 E AndroidRuntime: 	at androidx.compose.ui.node.LayoutNode.draw$ui(LayoutNode.kt:1043)
07-02 02:33:10.167 15713 15713 E AndroidRuntime: 	at androidx.compose.ui.node.InnerNodeCoordinator.performDraw(InnerNodeCoordinator.kt:179)
07-02 02:33:10.167 15713 15713 E AndroidRuntime: 	at androidx.compose.ui.node.NodeCoordinator.drawContainedDrawModifiers(NodeCoordinator.kt:485)
07-02 02:33:10.167 15713 15713 E AndroidRuntime: 	at androidx.compose.ui.node.NodeCoordinator.access$drawContainedDrawModifiers(NodeCoordinator.kt:73)
07-02 02:33:10.167 15713 15713 E AndroidRuntime: 	at androidx.compose.ui.node.NodeCoordinator$drawBlock$drawBlockCallToDrawModifiers$1.invoke(NodeCoordinator.kt:511)
07-02 02:33:10.167 15713 15713 E AndroidRuntime: 	at androidx.compose.ui.node.NodeCoordinator$drawBlock$drawBlockCallToDrawModifiers$1.invoke(NodeCoordinator.kt:510)
07-02 02:33:10.167 15713 15713 E AndroidRuntime: 	at androidx.compose.runtime.snapshots.SnapshotStateObserver.observeReads(SnapshotStateObserver.kt:729)
07-02 02:33:10.167 15713 15713 E AndroidRuntime: 	at androidx.compose.ui.node.NodeCoordinator$drawBlock$1.invoke(NodeCoordinator.kt:1771)
07-02 02:33:10.167 15713 15713 E AndroidRuntime: 	at androidx.compose.ui.node.NodeCoordinator$drawBlock$1.invoke(NodeCoordinator.kt:513)
07-02 02:33:10.167 15713 15713 E AndroidRuntime: 	at androidx.compose.ui.platform.GraphicsLayerOwnerLayer$recordLambda$1.invoke(GraphicsLayerOwnerLayer.android.kt:281)
07-02 02:33:10.167 15713 15713 E AndroidRuntime: 	at androidx.compose.ui.platform.GraphicsLayerOwnerLayer$recordLambda$1.invoke(GraphicsLayerOwnerLayer.android.kt:279)
07-02 02:33:10.167 15713 15713 E AndroidRuntime: 	at androidx.compose.ui.graphics.layer.GraphicsLayer.drawWithChildTracking(AndroidGraphicsLayer.android.kt:439)
07-02 02:33:10.167 15713 15713 E AndroidRuntime: 	at androidx.compose.ui.graphics.layer.GraphicsLayer.access$drawWithChildTracking(AndroidGraphicsLayer.android.kt:56)
07-02 02:33:10.167 15713 15713 E AndroidRuntime: 	at androidx.compose.ui.graphics.layer.GraphicsLayer$clipDrawBlock$1.invoke(AndroidGraphicsLayer.android.kt:69)
07-02 02:33:10.167 15713 15713 E AndroidRuntime: 	at androidx.compose.ui.graphics.layer.GraphicsLayer$clipDrawBlock$1.invoke(AndroidGraphicsLayer.android.kt:64)
07-02 02:33:10.167 15713 15713 E AndroidRuntime: 	at androidx.compose.ui.graphics.layer.GraphicsLayerV29.record(GraphicsLayerV29.android.kt:251)
07-02 02:33:10.167 15713 15713 E AndroidRuntime: 	at androidx.compose.ui.graphics.layer.GraphicsLayer.recordInternal(AndroidGraphicsLayer.android.kt:432)
07-02 02:33:10.167 15713 15713 E AndroidRuntime: 	at androidx.compose.ui.graphics.layer.GraphicsLayer.record-mL-hObY(AndroidGraphicsLayer.android.kt:428)
07-02 02:33:10.167 15713 15713 E AndroidRuntime: 	at androidx.compose.ui.platform.GraphicsLayerOwnerLayer.updateDisplayList(GraphicsLayerOwnerLayer.android.kt:274)
07-02 02:33:10.167 15713 15713 E AndroidRuntime: 	at androidx.compose.ui.platform.GraphicsLayerOwnerLayer.drawLayer(GraphicsLayerOwnerLayer.android.kt:253)
07-02 02:33:10.167 15713 15713 E AndroidRuntime: 	at androidx.compose.ui.node.NodeCoordinator.draw(NodeCoordinator.kt:472)
07-02 02:33:10.167 15713 15713 E AndroidRuntime: 	at androidx.compose.ui.node.LayoutNode.draw$ui(LayoutNode.kt:1043)
07-02 02:33:10.169 15713 15713 E AndroidRuntime: 	at androidx.compose.ui.node.InnerNodeCoordinator.performDraw(InnerNodeCoordinator.kt:179)
07-02 02:33:10.169 15713 15713 E AndroidRuntime: 	at androidx.compose.ui.node.LayoutNodeDrawScope.drawContent(LayoutNodeDrawScope.kt:74)
07-02 02:33:10.169 15713 15713 E AndroidRuntime: 	at androidx.compose.foundation.StretchOverscrollNode.draw(AndroidOverscroll.android.kt:250)
07-02 02:33:10.169 15713 15713 E AndroidRuntime: 	at androidx.compose.ui.node.LayoutNodeDrawScope.drawDirect-eZhPAX0$ui(LayoutNodeDrawScope.kt:132)
07-02 02:33:10.169 15713 15713 E AndroidRuntime: 	at androidx.compose.ui.node.LayoutNodeDrawScope.draw-eZhPAX0$ui(LayoutNodeDrawScope.kt:119)
07-02 02:33:10.169 15713 15713 E AndroidRuntime: 	at androidx.compose.ui.node.NodeCoordinator.drawContainedDrawModifiers(NodeCoordinator.kt:488)
07-02 02:33:10.169 15713 15713 E AndroidRuntime: 	at androidx.compose.ui.node.NodeCoordinator.access$drawContainedDrawModifiers(NodeCoordinator.kt:73)
07-02 02:33:10.169 15713 15713 E AndroidRuntime: 	at androidx.compose.ui.node.NodeCoordinator$drawBlock$drawBlockCallToDrawModifiers$1.invoke(NodeCoordinator.kt:511)
07-02 02:33:10.169 15713 15713 E AndroidRuntime: 	at androidx.compose.ui.node.NodeCoordinator$drawBlock$drawBlockCallToDrawModifiers$1.invoke(NodeCoordinator.kt:510)
07-02 02:33:10.169 15713 15713 E AndroidRuntime: 	at androidx.compose.runtime.snapshots.SnapshotStateObserver.observeReads(SnapshotStateObserver.kt:729)
07-02 02:33:10.169 15713 15713 E AndroidRuntime: 	at androidx.compose.ui.node.NodeCoordinator$drawBlock$1.invoke(NodeCoordinator.kt:1771)
07-02 02:33:10.169 15713 15713 E AndroidRuntime: 	at androidx.compose.ui.node.NodeCoordinator$drawBlock$1.invoke(NodeCoordinator.kt:513)
07-02 02:33:10.169 15713 15713 E AndroidRuntime: 	at androidx.compose.ui.platform.GraphicsLayerOwnerLayer$recordLambda$1.invoke(GraphicsLayerOwnerLayer.android.kt:281)
07-02 02:33:10.169 15713 15713 E AndroidRuntime: 	at androidx.compose.ui.platform.GraphicsLayerOwnerLayer$recordLambda$1.invoke(GraphicsLayerOwnerLayer.android.kt:279)
07-02 02:33:10.169 15713 15713 E AndroidRuntime: 	at androidx.compose.ui.graphics.layer.GraphicsLayer.drawWithChildTracking(AndroidGraphicsLayer.android.kt:439)
07-02 02:33:10.169 15713 15713 E AndroidRuntime: 	at androidx.compose.ui.graphics.layer.GraphicsLayer.access$drawWithChildTracking(AndroidGraphicsLayer.android.kt:56)
07-02 02:33:10.169 15713 15713 E AndroidRuntime: 	at androidx.compose.ui.graphics.layer.GraphicsLayer$clipDrawBlock$1.invoke(AndroidGraphicsLayer.android.kt:69)
07-02 02:33:10.169 15713 15713 E AndroidRuntime: 	at androidx.compose.ui.graphics.layer.GraphicsLayer$clipDrawBlock$1.invoke(AndroidGraphicsLayer.android.kt:64)
07-02 02:33:10.169 15713 15713 E AndroidRuntime: 	at androidx.compose.ui.graphics.layer.GraphicsLayerV29.record(GraphicsLayerV29.android.kt:251)
07-02 02:33:10.169 15713 15713 E AndroidRuntime: 	at androidx.compose.ui.graphics.layer.GraphicsLayer.recordInternal(AndroidGraphicsLayer.android.kt:432)
07-02 02:33:10.169 15713 15713 E AndroidRuntime: 	at androidx.compose.ui.graphics.layer.GraphicsLayer.record-mL-hObY(AndroidGraphicsLayer.android.kt:428)
07-02 02:33:10.169 15713 15713 E AndroidRuntime: 	at androidx.compose.ui.platform.GraphicsLayerOwnerLayer.updateDisplayList(GraphicsLayerOwnerLayer.android.kt:274)
07-02 02:33:10.169 15713 15713 E AndroidRuntime: 	at androidx.compose.ui.platform.GraphicsLayerOwnerLayer.drawLayer(GraphicsLayerOwnerLayer.android.kt:253)
07-02 02:33:10.169 15713 15713 E AndroidRuntime: 	at androidx.compose.ui.node.NodeCoordinator.draw(NodeCoordinator.kt:472)
07-02 02:33:10.169 15713 15713 E AndroidRuntime: 	at androidx.compose.ui.node.LayoutModifierNodeCoordinator.performDraw(LayoutModifierNodeCoordinator.kt:274)
07-02 02:33:10.169 15713 15713 E AndroidRuntime: 	at androidx.compose.ui.node.LayoutNodeDrawScope.drawContent(LayoutNodeDrawScope.kt:74)
07-02 02:33:10.169 15713 15713 E AndroidRuntime: 	at androidx.compose.foundation.lazy.layout.LazyLayoutItemAnimator$DisplayingDisappearingItemsNode.draw(LazyLayoutItemAnimator.kt:553)
07-02 02:33:10.169 15713 15713 E AndroidRuntime: 	at androidx.compose.ui.node.LayoutNodeDrawScope.drawDirect-eZhPAX0$ui(LayoutNodeDrawScope.kt:132)
07-02 02:33:10.169 15713 15713 E AndroidRuntime: 	at androidx.compose.ui.node.LayoutNodeDrawScope.draw-eZhPAX0$ui(LayoutNodeDrawScope.kt:119)
07-02 02:33:10.169 15713 15713 E AndroidRuntime: 	at androidx.compose.ui.node.NodeCoordinator.drawContainedDrawModifiers(NodeCoordinator.kt:488)
07-02 02:33:10.169 15713 15713 E AndroidRuntime: 	at androidx.compose.ui.node.NodeCoordinator.draw(NodeCoordinator.kt:477)
07-02 02:33:10.169 15713 15713 E AndroidRuntime: 	at androidx.compose.ui.node.LayoutModifierNodeCoordinator.performDraw(LayoutModifierNodeCoordinator.kt:274)
07-02 02:33:10.169 15713 15713 E AndroidRuntime: 	at androidx.compose.ui.node.NodeCoordinator.drawContainedDrawModifiers(NodeCoordinator.kt:485)
07-02 02:33:10.169 15713 15713 E AndroidRuntime: 	at androidx.compose.ui.node.NodeCoordinator.draw(NodeCoordinator.kt:477)
07-02 02:33:10.169 15713 15713 E AndroidRuntime: 	at androidx.compose.ui.node.LayoutModifierNodeCoordinator.performDraw(LayoutModifierNodeCoordinator.kt:274)
07-02 02:33:10.169 15713 15713 E AndroidRuntime: 	at androidx.compose.ui.node.NodeCoordinator.drawContainedDrawModifiers(NodeCoordinator.kt:485)
07-02 02:33:10.169 15713 15713 E AndroidRuntime: 	at androidx.compose.ui.node.NodeCoordinator.draw(NodeCoordinator.kt:477)
07-02 02:33:10.169 15713 15713 E AndroidRuntime: 	at androidx.compose.ui.node.LayoutNode.draw$ui(LayoutNode.kt:1043)
07-02 02:33:10.169 15713 15713 E AndroidRuntime: 	at androidx.compose.ui.node.InnerNodeCoordinator.performDraw(InnerNodeCoordinator.kt:179)
07-02 02:33:10.169 15713 15713 E AndroidRuntime: 	at androidx.compose.ui.node.LayoutNodeDrawScope.drawContent(LayoutNodeDrawScope.kt:74)
07-02 02:33:10.178 15713 15713 E AndroidRuntime: 	at androidx.compose.foundation.BackgroundNode.draw(Background.kt:167)
07-02 02:33:10.178 15713 15713 E AndroidRuntime: 	at androidx.compose.ui.node.LayoutNodeDrawScope.drawDirect-eZhPAX0$ui(LayoutNodeDrawScope.kt:132)
07-02 02:33:10.178 15713 15713 E AndroidRuntime: 	at androidx.compose.ui.node.LayoutNodeDrawScope.draw-eZhPAX0$ui(LayoutNodeDrawScope.kt:119)
07-02 02:33:10.178 15713 15713 E AndroidRuntime: 	at androidx.compose.ui.node.NodeCoordinator.drawContainedDrawModifiers(NodeCoordinator.kt:488)
07-02 02:33:10.178 15713 15713 E AndroidRuntime: 	at androidx.compose.ui.node.NodeCoordinator.draw(NodeCoordinator.kt:477)
07-02 02:33:10.178 15713 15713 E AndroidRuntime: 	at androidx.compose.ui.node.LayoutModifierNodeCoordinator.performDraw(LayoutModifierNodeCoordinator.kt:274)
07-02 02:33:10.178 15713 15713 E AndroidRuntime: 	at androidx.compose.ui.node.NodeCoordinator.drawContainedDrawModifiers(NodeCoordinator.kt:485)
07-02 02:33:10.178 15713 15713 E AndroidRuntime: 	at androidx.compose.ui.node.NodeCoordinator.draw(NodeCoordinator.kt:477)
07-02 02:33:10.178 15713 15713 E AndroidRuntime: 	at androidx.compose.ui.node.LayoutNode.draw$ui(LayoutNode.kt:1043)
07-02 02:33:10.178 15713 15713 E AndroidRuntime: 	at androidx.compose.ui.node.InnerNodeCoordinator.performDraw(InnerNodeCoordinator.kt:179)
07-02 02:33:10.178 15713 15713 E AndroidRuntime: 	at androidx.compose.ui.node.NodeCoordinator.drawContainedDrawModifiers(NodeCoordinator.kt:485)
07-02 02:33:10.178 15713 15713 E AndroidRuntime: 	at androidx.compose.ui.node.NodeCoordinator.access$drawContainedDrawModifiers(NodeCoordinator.kt:73)
07-02 02:33:10.178 15713 15713 E AndroidRuntime: 	at androidx.compose.ui.node.NodeCoordinator$drawBlock$drawBlockCallToDrawModifiers$1.invoke(NodeCoordinator.kt:511)
07-02 02:33:10.178 15713 15713 E AndroidRuntime: 	at androidx.compose.ui.node.NodeCoordinator$drawBlock$drawBlockCallToDrawModifiers$1.invoke(NodeCoordinator.kt:510)
07-02 02:33:10.178 15713 15713 E AndroidRuntime: 	at androidx.compose.runtime.snapshots.SnapshotStateObserver.observeReads(SnapshotStateObserver.kt:729)
07-02 02:33:10.178 15713 15713 E AndroidRuntime: 	at androidx.compose.ui.node.NodeCoordinator$drawBlock$1.invoke(NodeCoordinator.kt:1771)
07-02 02:33:10.178 15713 15713 E AndroidRuntime: 	at androidx.compose.ui.node.NodeCoordinator$drawBlock$1.invoke(NodeCoordinator.kt:513)
07-02 02:33:10.178 15713 15713 E AndroidRuntime: 	at androidx.compose.ui.platform.GraphicsLayerOwnerLayer$recordLambda$1.invoke(GraphicsLayerOwnerLayer.android.kt:281)
07-02 02:33:10.178 15713 15713 E AndroidRuntime: 	at androidx.compose.ui.platform.GraphicsLayerOwnerLayer$recordLambda$1.invoke(GraphicsLayerOwnerLayer.android.kt:279)
07-02 02:33:10.178 15713 15713 E AndroidRuntime: 	at androidx.compose.ui.graphics.layer.GraphicsLayer.drawWithChildTracking(AndroidGraphicsLayer.android.kt:439)
07-02 02:33:10.178 15713 15713 E AndroidRuntime: 	at androidx.compose.ui.graphics.layer.GraphicsLayer.access$drawWithChildTracking(AndroidGraphicsLayer.android.kt:56)
07-02 02:33:10.178 15713 15713 E AndroidRuntime: 	at androidx.compose.ui.graphics.layer.GraphicsLayer$clipDrawBlock$1.invoke(AndroidGraphicsLayer.android.kt:69)
07-02 02:33:10.178 15713 15713 E AndroidRuntime: 	at androidx.compose.ui.graphics.layer.GraphicsLayer$clipDrawBlock$1.invoke(AndroidGraphicsLayer.android.kt:64)
07-02 02:33:10.178 15713 15713 E AndroidRuntime: 	at androidx.compose.ui.graphics.layer.GraphicsLayerV29.record(GraphicsLayerV29.android.kt:251)
07-02 02:33:10.178 15713 15713 E AndroidRuntime: 	at androidx.compose.ui.graphics.layer.GraphicsLayer.recordInternal(AndroidGraphicsLayer.android.kt:432)
07-02 02:33:10.178 15713 15713 E AndroidRuntime: 	at androidx.compose.ui.graphics.layer.GraphicsLayer.record-mL-hObY(AndroidGraphicsLayer.android.kt:428)
07-02 02:33:10.178 15713 15713 E AndroidRuntime: 	at androidx.compose.ui.platform.GraphicsLayerOwnerLayer.updateDisplayList(GraphicsLayerOwnerLayer.android.kt:274)
07-02 02:33:10.178 15713 15713 E AndroidRuntime: 	at androidx.compose.ui.platform.GraphicsLayerOwnerLayer.drawLayer(GraphicsLayerOwnerLayer.android.kt:253)
07-02 02:33:10.178 15713 15713 E AndroidRuntime: 	at androidx.compose.ui.node.NodeCoordinator.draw(NodeCoordinator.kt:472)
07-02 02:33:10.178 15713 15713 E AndroidRuntime: 	at androidx.compose.ui.node.LayoutModifierNodeCoordinator.performDraw(LayoutModifierNodeCoordinator.kt:274)
07-02 02:33:10.178 15713 15713 E AndroidRuntime: 	at androidx.compose.ui.node.NodeCoordinator.drawContainedDrawModifiers(NodeCoordinator.kt:485)
07-02 02:33:10.178 15713 15713 E AndroidRuntime: 	at androidx.compose.ui.node.NodeCoordinator.access$drawContainedDrawModifiers(NodeCoordinator.kt:73)
07-02 02:33:10.178 15713 15713 E AndroidRuntime: 	at androidx.compose.ui.node.NodeCoordinator$drawBlock$drawBlockCallToDrawModifiers$1.invoke(NodeCoordinator.kt:511)
07-02 02:33:10.178 15713 15713 E AndroidRuntime: 	at androidx.compose.ui.node.NodeCoordinator$drawBlock$drawBlockCallToDrawModifiers$1.invoke(NodeCoordinator.kt:510)
07-02 02:33:10.178 15713 15713 E AndroidRuntime: 	at androidx.compose.runtime.snapshots.SnapshotStateObserver.observeReads(SnapshotStateObserver.kt:729)
07-02 02:33:10.178 15713 15713 E AndroidRuntime: 	at androidx.compose.ui.node.NodeCoordinator$drawBlock$1.invoke(NodeCoordinator.kt:1771)
07-02 02:33:10.178 15713 15713 E AndroidRuntime: 	at androidx.compose.ui.node.NodeCoordinator$drawBlock$1.invoke(NodeCoordinator.kt:513)
07-02 02:33:10.178 15713 15713 E AndroidRuntime: 	at androidx.compose.ui.platform.GraphicsLayerOwnerLayer$recordLambda$1.invoke(GraphicsLayerOwnerLayer.android.kt:281)
07-02 02:33:10.178 15713 15713 E AndroidRuntime: 	at androidx.compose.ui.platform.GraphicsLayerOwnerLayer$recordLambda$1.invoke(GraphicsLayerOwnerLayer.android.kt:279)
07-02 02:33:10.179   491   589 W skia    : AGTM parsing failed flags.readFromStream(s) at 159
07-02 02:33:10.179 15713 15713 E AndroidRuntime: 	at androidx.compose.ui.graphics.layer.GraphicsLayer.drawWithChildTracking(AndroidGraphicsLayer.android.kt:439)
07-02 02:33:10.179 15713 15713 E AndroidRuntime: 	at androidx.compose.ui.graphics.layer.GraphicsLayer.access$drawWithChildTracking(AndroidGraphicsLayer.android.kt:56)
07-02 02:33:10.179 15713 15713 E AndroidRuntime: 	at androidx.compose.ui.graphics.layer.GraphicsLayer$clipDrawBlock$1.invoke(AndroidGraphicsLayer.android.kt:69)
07-02 02:33:10.179 15713 15713 E AndroidRuntime: 	at androidx.compose.ui.graphics.layer.GraphicsLayer$clipDrawBlock$1.invoke(AndroidGraphicsLayer.android.kt:64)
07-02 02:33:10.179 15713 15713 E AndroidRuntime: 	at androidx.compose.ui.graphics.layer.GraphicsLayerV29.record(GraphicsLayerV29.android.kt:251)
07-02 02:33:10.179 15713 15713 E AndroidRuntime: 	at androidx.compose.ui.graphics.layer.GraphicsLayer.recordInternal(AndroidGraphicsLayer.android.kt:432)
07-02 02:33:10.179 15713 15713 E AndroidRuntime: 	at androidx.compose.ui.graphics.layer.GraphicsLayer.record-mL-hObY(AndroidGraphicsLayer.android.kt:428)
07-02 02:33:10.179 15713 15713 E AndroidRuntime: 	at androidx.compose.ui.platform.GraphicsLayerOwnerLayer.updateDisplayList(GraphicsLayerOwnerLayer.android.kt:274)
07-02 02:33:10.179 15713 15713 E AndroidRuntime: 	at androidx.compose.ui.platform.GraphicsLayerOwnerLayer.drawLayer(GraphicsLayerOwnerLayer.android.kt:253)
07-02 02:33:10.179 15713 15713 E AndroidRuntime: 	at androidx.compose.ui.node.NodeCoordinator.draw(NodeCoordinator.kt:472)
07-02 02:33:10.179 15713 15713 E AndroidRuntime: 	at androidx.compose.ui.node.LayoutModifierNodeCoordinator.performDraw(LayoutModifierNodeCoordinator.kt:274)
07-02 02:33:10.179 15713 15713 E AndroidRuntime: 	at androidx.compose.ui.node.NodeCoordinator.drawContainedDrawModifiers(NodeCoordinator.kt:485)
07-02 02:33:10.179 15713 15713 E AndroidRuntime: 	at androidx.compose.ui.node.NodeCoordinator.draw(NodeCoordinator.kt:477)
07-02 02:33:10.179 15713 15713 E AndroidRuntime: 	at androidx.compose.ui.node.LayoutModifierNodeCoordinator.performDraw(LayoutModifierNodeCoordinator.kt:274)
07-02 02:33:10.179 15713 15713 E AndroidRuntime: 	at androidx.compose.ui.node.NodeCoordinator.drawContainedDrawModifiers(NodeCoordinator.kt:485)
07-02 02:33:10.179 15713 15713 E AndroidRuntime: 	at androidx.compose.ui.node.NodeCoordinator.draw(NodeCoordinator.kt:477)
07-02 02:33:10.179 15713 15713 E AndroidRuntime: 	at androidx.compose.ui.node.LayoutNode.draw$ui(LayoutNode.kt:1043)
07-02 02:33:10.179 15713 15713 E AndroidRuntime: 	at androidx.compose.ui.node.InnerNodeCoordinator.performDraw(InnerNodeCoordinator.kt:179)
07-02 02:33:10.179 15713 15713 E AndroidRuntime: 	at androidx.compose.ui.node.NodeCoordinator.drawContainedDrawModifiers(NodeCoordinator.kt:485)
07-02 02:33:10.179 15713 15713 E AndroidRuntime: 	at androidx.compose.ui.node.NodeCoordinator.draw(NodeCoordinator.kt:477)
07-02 02:33:10.179 15713 15713 E AndroidRuntime: 	at androidx.compose.ui.node.LayoutModifierNodeCoordinator.performDraw(LayoutModifierNodeCoordinator.kt:274)
07-02 02:33:10.179 15713 15713 E AndroidRuntime: 	at androidx.compose.ui.node.NodeCoordinator.drawContainedDrawModifiers(NodeCoordinator.kt:485)
07-02 02:33:10.179 15713 15713 E AndroidRuntime: 	at androidx.compose.ui.node.NodeCoordinator.draw(NodeCoordinator.kt:477)
07-02 02:33:10.179 15713 15713 E AndroidRuntime: 	at androidx.compose.ui.node.LayoutModifierNodeCoordinator.performDraw(LayoutModifierNodeCoordinator.kt:274)
07-02 02:33:10.179 15713 15713 E AndroidRuntime: 	at androidx.compose.ui.node.NodeCoordinator.drawContainedDrawModifiers(NodeCoordinator.kt:485)
07-02 02:33:10.179 15713 15713 E AndroidRuntime: 	at androidx.compose.ui.node.NodeCoordinator.draw(NodeCoordinator.kt:477)
07-02 02:33:10.179 15713 15713 E AndroidRuntime: 	at androidx.compose.ui.node.LayoutNode.draw$ui(LayoutNode.kt:1043)
07-02 02:33:10.179 15713 15713 E AndroidRuntime: 	at androidx.compose.ui.node.InnerNodeCoordinator.performDraw(InnerNodeCoordinator.kt:179)
07-02 02:33:10.179 15713 15713 E AndroidRuntime: 	at androidx.compose.ui.node.NodeCoordinator.drawContainedDrawModifiers(NodeCoordinator.kt:485)
07-02 02:33:10.179 15713 15713 E AndroidRuntime: 	at androidx.compose.ui.node.NodeCoordinator.draw(NodeCoordinator.kt:477)
07-02 02:33:10.179 15713 15713 E AndroidRuntime: 	at androidx.compose.ui.node.LayoutNode.draw$ui(LayoutNode.kt:1043)
07-02 02:33:10.179 15713 15713 E AndroidRuntime: 	at androidx.compose.ui.node.InnerNodeCoordinator.performDraw(InnerNodeCoordinator.kt:179)
07-02 02:33:10.179 15713 15713 E AndroidRuntime: 	at androidx.compose.ui.node.NodeCoordinator.drawContainedDrawModifiers(NodeCoordinator.kt:485)
07-02 02:33:10.179 15713 15713 E AndroidRuntime: 	at androidx.compose.ui.node.NodeCoordinator.draw(NodeCoordinator.kt:477)
07-02 02:33:10.179 15713 15713 E AndroidRuntime: 	at androidx.compose.ui.node.LayoutNode.draw$ui(LayoutNode.kt:1043)
07-02 02:33:10.179 15713 15713 E AndroidRuntime: 	at androidx.compose.ui.node.InnerNodeCoordinator.performDraw(InnerNodeCoordinator.kt:179)
07-02 02:33:10.179 15713 15713 E AndroidRuntime: 	at androidx.compose.ui.node.NodeCoordinator.drawContainedDrawModifiers(NodeCoordinator.kt:485)
07-02 02:33:10.179 15713 15713 E AndroidRuntime: 	at androidx.compose.ui.node.NodeCoordinator.access$drawContainedDrawModifiers(NodeCoordinator.kt:73)
07-02 02:33:10.179 15713 15713 E AndroidRuntime: 	at androidx.compose.ui.node.NodeCoordinator$drawBlock$drawBlockCallToDrawModifiers$1.invoke(NodeCoordinator.kt:511)
07-02 02:33:10.179 15713 15713 E AndroidRuntime: 	at androidx.compose.ui.node.NodeCoordinator$drawBlock$drawBlockCallToDrawModifiers$1.invoke(NodeCoordinator.kt:510)
07-02 02:33:10.179 15713 15713 E AndroidRuntime: 	at androidx.compose.runtime.snapshots.SnapshotStateObserver.observeReads(SnapshotStateObserver.kt:758)
07-02 02:33:10.179 15713 15713 E AndroidRuntime: 	at androidx.compose.ui.node.NodeCoordinator$drawBlock$1.invoke(NodeCoordinator.kt:1771)
07-02 02:33:10.181 15713 15713 E AndroidRuntime: 	at androidx.compose.ui.node.NodeCoordinator$drawBlock$1.invoke(NodeCoordinator.kt:513)
07-02 02:33:10.181 15713 15713 E AndroidRuntime: 	at androidx.compose.ui.platform.GraphicsLayerOwnerLayer$recordLambda$1.invoke(GraphicsLayerOwnerLayer.android.kt:281)
07-02 02:33:10.181 15713 15713 E AndroidRuntime: 	at androidx.compose.ui.platform.GraphicsLayerOwnerLayer$recordLambda$1.invoke(GraphicsLayerOwnerLayer.android.kt:279)
07-02 02:33:10.181 15713 15713 E AndroidRuntime: 	at androidx.compose.ui.graphics.layer.GraphicsLayer.drawWithChildTracking(AndroidGraphicsLayer.android.kt:439)
07-02 02:33:10.181 15713 15713 E AndroidRuntime: 	at androidx.compose.ui.graphics.layer.GraphicsLayer.access$drawWithChildTracking(AndroidGraphicsLayer.android.kt:56)
07-02 02:33:10.181 15713 15713 E AndroidRuntime: 	at androidx.compose.ui.graphics.layer.GraphicsLayer$clipDrawBlock$1.invoke(AndroidGraphicsLayer.android.kt:69)
07-02 02:33:10.181 15713 15713 E AndroidRuntime: 	at androidx.compose.ui.graphics.layer.GraphicsLayer$clipDrawBlock$1.invoke(AndroidGraphicsLayer.android.kt:64)
07-02 02:33:10.181 15713 15713 E AndroidRuntime: 	at androidx.compose.ui.graphics.layer.GraphicsLayerV29.record(GraphicsLayerV29.android.kt:251)
07-02 02:33:10.181 15713 15713 E AndroidRuntime: 	at androidx.compose.ui.graphics.layer.GraphicsLayer.recordInternal(AndroidGraphicsLayer.android.kt:432)
07-02 02:33:10.181 15713 15713 E AndroidRuntime: 	at androidx.compose.ui.graphics.layer.GraphicsLayer.record-mL-hObY(AndroidGraphicsLayer.android.kt:428)
07-02 02:33:10.181 15713 15713 E AndroidRuntime: 	at androidx.compose.ui.platform.GraphicsLayerOwnerLayer.updateDisplayList(GraphicsLayerOwnerLayer.android.kt:274)
07-02 02:33:10.181 15713 15713 E AndroidRuntime: 	at androidx.compose.ui.platform.AndroidComposeView.dispatchDraw(AndroidComposeView.android.kt:2214)
07-02 02:33:10.181 15713 15713 E AndroidRuntime: 	at android.view.View.draw(View.java:25524)
07-02 02:33:10.181 15713 15713 E AndroidRuntime: 	at android.view.View.updateDisplayListIfDirty(View.java:24368)
07-02 02:33:10.181 15713 15713 E AndroidRuntime: 	at android.view.ViewGroup.recreateChildDisplayList(ViewGroup.java:4689)
07-02 02:33:10.181 15713 15713 E AndroidRuntime: 	at android.view.ViewGroup.dispatchGetDisplayList(ViewGroup.java:4662)
07-02 02:33:10.181 15713 15713 E AndroidRuntime: 	at android.view.View.updateDisplayListIfDirty(View.java:24322)
07-02 02:33:10.181 15713 15713 E AndroidRuntime: 	at android.view.ViewGroup.recreateChildDisplayList(ViewGroup.java:4689)
07-02 02:33:10.181 15713 15713 E AndroidRuntime: 	at android.view.ViewGroup.dispatchGetDisplayList(ViewGroup.java:4662)
07-02 02:33:10.181 15713 15713 E AndroidRuntime: 	at android.view.View.updateDisplayListIfDirty(View.java:24322)
07-02 02:33:10.181 15713 15713 E AndroidRuntime: 	at android.view.ViewGroup.recreateChildDisplayList(ViewGroup.java:4689)
07-02 02:33:10.181 15713 15713 E AndroidRuntime: 	at android.view.ViewGroup.dispatchGetDisplayList(ViewGroup.java:4662)
07-02 02:33:10.181 15713 15713 E AndroidRuntime: 	at android.view.View.updateDisplayListIfDirty(View.java:24322)
07-02 02:33:10.181 15713 15713 E AndroidRuntime: 	at android.view.ViewGroup.recreateChildDisplayList(ViewGroup.java:4689)
07-02 02:33:10.181 15713 15713 E AndroidRuntime: 	at android.view.ViewGroup.dispatchGetDisplayList(ViewGroup.java:4662)
07-02 02:33:10.181 15713 15713 E AndroidRuntime: 	at android.view.View.updateDisplayListIfDirty(View.java:24322)
07-02 02:33:10.181 15713 15713 E AndroidRuntime: 	at android.view.ThreadedRenderer.updateViewTreeDisplayList(ThreadedRenderer.java:726)
07-02 02:33:10.181 15713 15713 E AndroidRuntime: 	at android.view.ThreadedRenderer.updateRootDisplayList(ThreadedRenderer.java:732)
07-02 02:33:10.181 15713 15713 E AndroidRuntime: 	at android.view.ThreadedRenderer.draw(ThreadedRenderer.java:830)
07-02 02:33:10.181 15713 15713 E AndroidRuntime: 	at android.view.ViewRootImpl.draw(ViewRootImpl.java:6320)
07-02 02:33:10.181 15713 15713 E AndroidRuntime: 	at android.view.ViewRootImpl.performDraw(ViewRootImpl.java:5970)
07-02 02:33:10.181 15713 15713 E AndroidRuntime: 	at android.view.ViewRootImpl.performTraversals(ViewRootImpl.java:4903)
07-02 02:33:10.181 15713 15713 E AndroidRuntime: 	at android.view.ViewRootImpl.doTraversal(ViewRootImpl.java:3351)
07-02 02:33:10.181 15713 15713 E AndroidRuntime: 	at android.view.ViewRootImpl$TraversalCallback.onVsync(ViewRootImpl.java:11448)
07-02 02:33:10.181 15713 15713 E AndroidRuntime: 	at android.view.Choreographer$CallbackRecord.run(Choreographer.java:1664)
07-02 02:33:10.181 15713 15713 E AndroidRuntime: 	at android.view.Choreographer.doCallbacks(Choreographer.java:1252)
07-02 02:33:10.181 15713 15713 E AndroidRuntime: 	at android.view.Choreographer.doFrame(Choreographer.java:1209)
07-02 02:33:10.181 15713 15713 E AndroidRuntime: 	at android.view.Choreographer$FrameDisplayEventReceiver.run(Choreographer.java:1640)
07-02 02:33:10.181 15713 15713 E AndroidRuntime: 	at android.os.Handler.handleCallback(Handler.java:1095)
07-02 02:33:10.181 15713 15713 E AndroidRuntime: 	at android.os.Handler.dispatchMessageImpl(Handler.java:135)
07-02 02:33:10.181 15713 15713 E AndroidRuntime: 	at android.os.Handler.dispatchMessage(Handler.java:125)
07-02 02:33:10.181 15713 15713 E AndroidRuntime: 	at android.os.Looper.loopOnce(Looper.java:296)
07-02 02:33:10.181 15713 15713 E AndroidRuntime: 	at android.os.Looper.loop(Looper.java:397)
07-02 02:33:10.181 15713 15713 E AndroidRuntime: 	at android.app.ActivityThread.main(ActivityThread.java:9523)
07-02 02:33:10.181 15713 15713 E AndroidRuntime: 	at java.lang.reflect.Method.invoke(Native Method)
07-02 02:33:10.181 15713 15713 E AndroidRuntime: 	at com.android.internal.os.RuntimeInit$MethodAndArgsCaller.run(RuntimeInit.java:575)
07-02 02:33:10.181 15713 15713 E AndroidRuntime: 	at com.android.internal.os.ZygoteInit.main(ZygoteInit.java:939)
07-02 02:33:10.247   491   589 W skia    : AGTM parsing failed flags.readFromStream(s) at 159
07-02 02:33:10.312   682 15888 I DropBoxManagerService: add tag=data_app_crash isTagEnabled=true flags=0x6
07-02 02:33:10.365   682  1146 W ActivityTaskManager:   Force finishing activity com.example.myapplication/.MainActivity
07-02 02:33:10.391   682  1146 W TransitionChain: Combining AR.finish-force-crash into #29(CLOSE|R|0x10) from finishTopCrash
07-02 02:33:10.401   491   589 W skia    : AGTM parsing failed flags.readFromStream(s) at 159
07-02 02:33:10.437  1184  1314 V WindowManagerShell: Transition requested (#29): android.os.BinderProxy@e7fa280 TransitionRequestInfo { type = CLOSE, triggerTask = TaskInfo{userId=0 taskId=67 effectiveUid=10235 displayId=0 isRunning=true baseIntent=Intent { act=android.intent.action.MAIN cat=[android.intent.category.LAUNCHER] flg=0x10200000 cmp=com.example.myapplication/.MainActivity } baseActivity=ComponentInfo{com.example.myapplication/com.example.myapplication.MainActivity} topActivity=ComponentInfo{com.example.myapplication/com.example.myapplication.MainActivity} origActivity=null realActivity=ComponentInfo{com.example.myapplication/com.example.myapplication.MainActivity} realActivityIsAppLockEnabled=false numActivities=1 lastActiveTime=12069695 supportsMultiWindow=true supportsMultiWindowWithoutConstraints=true resizeMode=1 isResizeable=true minWidth=-1 minHeight=-1 defaultMinSize=220 token=WCT{android.os.BinderProxy@378b358} topActivityType=1 pictureInPictureParams=null shouldDockBigOverlays=false launchIntoPipHostTaskId=-1 lastParentTaskIdBeforePip=-1 displayCutoutSafeInsets=Rect(0, 0 - 0, 0) topActivityInfo=ActivityInfo{edb60b9 com.example.myapplication.MainActivity} launchCookies=[android.os.BinderProxy@9f09596] positionInParent=Point(0, 0) parentTaskId=-1 isFocused=true isInteractive=true isVisible=true isVisibleRequested=true isTopActivityNoDisplay=false isSleeping=false locusId=null displayAreaFeatureId=1 isTopActivityTransparent=false isActivityStackTransparent=false lastNonFullscreenBounds=null leafTaskBoundsFromOptions= false capturedLink=null capturedLinkTimestamp=0 requestedVisibleTypes=503 topActivityRequestOpenInBrowserEducationTimestamp=0 appCompatTaskInfo=AppCompatTaskInfo { topActivityInSizeCompat=false isLeafTask= true eligibleForLetterboxEducation= false isLetterboxEducationEnabled= true isLetterboxDoubleTapEnabled= false eligibleForUserAspectRatioButton= false topActivityBoundsLetterboxed= false isFromLetterboxDoubleTap= false topActivityLetterboxVerticalPosition= -1 topActivityLetterboxHorizontalPosition= -1 topActivityLetterboxWidth=-1 topActivityLetterboxHeight=-1 topActivityAppBounds=Rect(0, 0 - 1080, 2400) isUserFullscreenOverrideEnabled=false isSystemFullscreenOverrideEnabled=false hasMinAspectRatioOverride=false topActivityLetterboxBounds=null topNonResizableActivityAspectRatio=-1.0} topActivityMainWindowFrame=null isAppBubble=false}, pipChange = null, remoteTransitionInfo = null, displayChanges = null, requestedLocation = null, userChange = null, windowingLayerChange = null, fullscreenRequestChange = null, flags = 16, debugId = 29 }
07-02 02:33:10.439  1184  1314 W DisconnectHandler: No disconnect change found in the transition, not handling request.
07-02 02:33:10.475  1184  1314 V ShellDesktopMode: DesktopTasksController: skipping handleRequest reason=triggerTask's display doesn't support desktop mode
07-02 02:33:10.497   491   735 I libbinder.BpBinder: onLastStrongRef automatically unlinking death recipients for binder (0xb4007c0a560612d0) with descriptor: '(not cached)'
07-02 02:33:10.501   682  1146 V WindowManager: Defer transition id=29 for TaskFragmentTransaction=android.os.Binder@1baf1a1
07-02 02:33:10.527   682   728 W Looper  : Slow dispatch took 147ms android.fg app=system_server main=false group=FOREGROUND h=com.android.server.DropBoxManagerService$DropBoxManagerBroadcastHandler c=null m=1
07-02 02:33:10.547   682  2074 V WindowManager: Continue transition id=29 for TaskFragmentTransaction=android.os.Binder@1baf1a1
07-02 02:33:10.552 15713 15713 I Process : Sending signal. PID: 15713 SIG: 9
07-02 02:33:10.674   682  1026 I HalDevMgr: bestIfaceCreationProposal is null, requestIface=STA, existingIface=[name=wlan0 type=STA]
07-02 02:33:10.911   682  2072 I ActivityManager: Process com.example.myapplication (pid 15713) has died: fg  TOP 
07-02 02:33:10.914   682  1132 I WindowManager: WIN DEATH: Window{8361956 u0 com.example.myapplication/com.example.myapplication.MainActivity}
07-02 02:33:10.918   493   493 I adbd    : Remote process closed the socket (on MSG_PEEK)
07-02 02:33:10.918  1813  1813 W InputChannel-JNI: Channel already disposed.
07-02 02:33:10.919   682  2077 I ImeTracker: com.example.myapplication:77857beb: onRequestHide at ORIGIN_SERVER reason HIDE_REMOVE_CLIENT fromUser false userId 0 displayId 0
07-02 02:33:10.920   682  2077 I ImeTracker: com.example.myapplication:77857beb: onCancelled at PHASE_SERVER_SHOULD_HIDE
07-02 02:33:10.932   682  2072 W TransitionChain: Combining appDied into #29(CLOSE|R|0x10) from finishTopCrash
07-02 02:33:10.940   433   433 I Zygote  : Process 15713 exited due to signal 9 (Killed)
07-02 02:33:10.947   682   745 I libprocessgroup: Removed cgroup /sys/fs/cgroup/apps/uid_10235/pid_15713
07-02 02:33:10.991   682   941 W JobScheduler.JobStatus: Exempted app com.google.android.settings.intelligence considered buggy
07-02 02:33:10.991   682   941 W JobScheduler.JobStatus: Exempted app com.google.android.settings.intelligence considered buggy
07-02 02:33:10.991   682   941 W JobScheduler.JobStatus: Exempted app com.google.android.settings.intelligence considered buggy
07-02 02:33:10.991   682   941 W JobScheduler.JobStatus: Exempted app com.google.android.settings.intelligence considered buggy
07-02 02:33:11.017   682   731 W ActivityManager: setHasOverlayUi called on unknown pid: 15713
07-02 02:33:11.018   682   731 W ActivityTaskManager: Activity top resumed state loss timeout for ActivityRecord{167664728 u0 com.example.myapplication/.MainActivity t67 f} isExiting}
07-02 02:33:11.022   682  1038 D InetDiagMessage: Destroyed 0 sockets, proto=IPPROTO_TCP, family=AF_INET, states=14
07-02 02:33:11.033   682  1038 D InetDiagMessage: Destroyed 0 sockets, proto=IPPROTO_TCP, family=AF_INET6, states=14
07-02 02:33:11.033   682  1038 D InetDiagMessage: Destroyed live tcp sockets for uids={10235} in 13ms
07-02 02:33:11.033   682  1038 D InetDiagMessage: Destroyed 0 sockets, proto=IPPROTO_TCP, family=AF_INET, states=14
07-02 02:33:11.033   682  1038 D InetDiagMessage: Destroyed 0 sockets, proto=IPPROTO_TCP, family=AF_INET6, states=14
07-02 02:33:11.033   682  1038 D InetDiagMessage: Destroyed live tcp sockets for uids={20235} in 0ms
07-02 02:33:11.036  1184  1314 V RecentTasksController: Notify recent tasks changed
07-02 02:33:11.040 14750 14750 D ViewRootImpl: Skipping stats log for color mode
07-02 02:33:11.047 14750 14750 D BaseActivity: Launcher flags updated: [state_started] +[state_started]
07-02 02:33:11.062 14750 14750 D BaseActivity: Launcher flags updated: [state_started|state_resumed|state_user_active] +[state_resumed|state_user_active]
07-02 02:33:11.064   682   682 W ProcessStats: Tracking association SourceState{e410df9 system/1000 BFgs #6667} whose proc state 4 is better than process ProcessState{de91514 com.google.android.ext.services/10215 pkg=com.google.android.ext.services} proc state 14 (3 skipped)
07-02 02:33:11.064  1184  1314 D WindowManagerShell: setLauncherKeepClearAreaHeight: visible=true, height=495
07-02 02:33:11.068   682   941 W JobScheduler.JobStatus: Exempted app com.google.android.settings.intelligence considered buggy
07-02 02:33:11.068   682   941 W JobScheduler.JobStatus: Exempted app com.google.android.settings.intelligence considered buggy
07-02 02:33:11.068   682   941 W JobScheduler.JobStatus: Exempted app com.google.android.settings.intelligence considered buggy
07-02 02:33:11.068   682   941 W JobScheduler.JobStatus: Exempted app com.google.android.settings.intelligence considered buggy
07-02 02:33:11.070 14750 14750 D BaseActivity: Launcher flags updated: [state_started|state_resumed|state_user_active] +[]
07-02 02:33:11.070   682   682 W JobScheduler.JobStatus: Exempted app com.google.android.settings.intelligence considered buggy
07-02 02:33:11.070   682   682 W JobScheduler.JobStatus: Exempted app com.google.android.settings.intelligence considered buggy
07-02 02:33:11.075 14750 14750 D SmartspaceInteractor: notifySmartspaceEvent: SmartspaceTargetEvent{mSmartspaceTarget=null, mSmartspaceActionId='null', mEventType=6}
